<html>
<body>
<pre>
<h1>µVision Build Log</h1>
<h2>Tool Versions:</h2>
IDE-Version: ¦ÌVision V5.24.2.0
Copyright (C) 2017 ARM Ltd and ARM Germany GmbH. All rights reserved.
License Information: Praymerry Lenovo, eason, LIC=CZLZX-HT466-DYQV3-A9315-VSY4R-8PYX1
 
Tool Versions:
Toolchain:       MDK-ARM Plus  Version: 5.24.1
Toolchain Path:  D:\Keil\ARM Start\ARM\ARMCLANG\Bin
C Compiler:      ArmClang.exe V6.7
Assembler:       Armasm.exe V6.7
Linker/Locator:  ArmLink.exe V6.7
Library Manager: ArmAr.exe V6.7
Hex Converter:   FromElf.exe V6.7
CPU DLL:         
Dialog DLL:      
Target DLL:      ULP2V8M.DLL V1.3.3.0
Dialog DLL:      TCM.DLL V1.32.0.0
 
<h2>Project:</h2>
D:\2024710Embeded Learn\My FreeRtos\Simple-Oscilloscope-Signal-Generator-Module\Oscilloscope\Project\GD32E230C8T6.uvprojx
Project File Date:  08/30/2024

<h2>Output:</h2>
*** Using Compiler 'V6.7', folder: 'D:\Keil\ARM Start\ARM\ARMCLANG\Bin'
Build target 'Target 1'
../Hardware/TFT/tft.c(4): warning: In file included from...
../Hardware/TFT/font.h(307): warning: illegal character encoding in string literal [-Winvalid-source-encoding]
"<CA><E4>",0x84,0x00,0x44,0x01,0x2F,0x02,0xD2,0x05,0x05,0x00,0x7F,0x04,0x54,0x05,0x7C,0x05,
 ^~~~~~~~
../Hardware/TFT/font.h(309): warning: illegal character encoding in string literal [-Winvalid-source-encoding]
"<B3><F6>",0x20,0x00,0x22,0x02,0x22,0x02,0x22,0x02,0xFE,0x03,0x20,0x00,0x20,0x00,0x21,0x04,
 ^~~~~~~~
../Hardware/TFT/font.h(317): warning: illegal character encoding in string literal [-Winvalid-source-encoding]
"<C2><CA>",0x20,0x00,0xFF,0x07,0x10,0x00,0x8A,0x02,0x7C,0x01,0x20,0x00,0x54,0x01,0xFA,0x02,
 ^~~~~~~~
../Hardware/TFT/font.h(321): warning: illegal character encoding in string literal [-Winvalid-source-encoding]
"<BF><D5>",0x10,0x00,0x20,0x00,0xFF,0x07,0x89,0x04,0x04,0x01,0x02,0x02,0x00,0x00,0xFE,0x03,
 ^~~~~~~~
../Hardware/TFT/font.h(323): warning: illegal character encoding in string literal [-Winvalid-source-encoding]
"<B1><C8>",0x42,0x00,0x42,0x00,0x42,0x04,0x42,0x02,0x5E,0x01,0xC2,0x00,0x42,0x00,0x42,0x00,
 ^~~~~~~~
../Hardware/TFT/font.h(325): warning: illegal character encoding in string literal [-Winvalid-source-encoding]
"<CA><E4>",0x84,0x00,0x44,0x01,0x2F,0x02,0xD2,0x05,0x05,0x00,0x7F,0x04,0x54,0x05,0x7C,0x05,
 ^~~~~~~~
../Hardware/TFT/font.h(327): warning: illegal character encoding in string literal [-Winvalid-source-encoding]
"<C8><EB>",0x0C,0x00,0x10,0x00,0x20,0x00,0x20,0x00,0x50,0x00,0x50,0x00,0x50,0x00,0x88,0x00,
 ^~~~~~~~
../Hardware/TFT/font.h(329): warning: illegal character encoding in string literal [-Winvalid-source-encoding]
"<B7><F9>",0xC4,0x07,0x04,0x00,0xDF,0x07,0x55,0x04,0xD5,0x07,0x15,0x00,0xD5,0x07,0x55,0x05,
 ^~~~~~~~
../Hardware/TFT/font.h(344): warning: illegal character encoding in string literal [-Winvalid-source-encoding]
"<BC><F2>",0x04,0x02,0xFC,0x7E,0x12,0x09,0xA1,0x10,0x08,0x00,0xD0,0x1F,0x04,0x10,0xE4,0x13,
 ^~~~~~~~
../Hardware/TFT/font.h(346): warning: illegal character encoding in string literal [-Winvalid-source-encoding]
"<D2><D7>",0xF0,0x0F,0x10,0x08,0x10,0x08,0xF0,0x0F,0x10,0x08,0x10,0x08,0xF0,0x0F,0x20,0x00,
 ^~~~~~~~
../Hardware/TFT/font.h(350): warning: illegal character encoding in string literal [-Winvalid-source-encoding]
"<B2><A8>",0x00,0x04,0x04,0x04,0x08,0x04,0xC8,0x7F,0x41,0x44,0x42,0x24,0x52,0x04,0xD0,0x3F,
 ^~~~~~~~
../Hardware/TFT/font.h(352): warning: illegal character encoding in string literal [-Winvalid-source-encoding]
"<C6><F7>",0x00,0x00,0x7C,0x3E,0x44,0x22,0x44,0x22,0x7C,0x3E,0x80,0x04,0x80,0x08,0xFF,0x7F,
 ^~~~~~~~
../Hardware/TFT/font.h(354): warning: illegal character encoding in string literal [-Winvalid-source-encoding]
"<B4><F2>",0x08,0x00,0x08,0x00,0xC8,0x7F,0x08,0x04,0x3F,0x04,0x08,0x04,0x08,0x04,0x28,0x04,
 ^~~~~~~~
../Hardware/TFT/font.h(356): warning: illegal character encoding in string literal [-Winvalid-source-encoding]
"<BF><AA>",0x00,0x00,0xFE,0x3F,0x10,0x04,0x10,0x04,0x10,0x04,0x10,0x04,0x10,0x04,0xFF,0x7F,
 ^~~~~~~~
../Hardware/TFT/font.h(358): warning: illegal character encoding in string literal [-Winvalid-source-encoding]
"<B9><D8>",0x08,0x08,0x10,0x08,0x10,0x04,0x00,0x00,0xFC,0x1F,0x80,0x00,0x80,0x00,0x80,0x00,
 ^~~~~~~~
../Hardware/TFT/font.h(360): warning: illegal character encoding in string literal [-Winvalid-source-encoding]
"<B1><D5>",0x04,0x00,0xE8,0x3F,0x00,0x20,0x02,0x21,0x02,0x21,0xFA,0x2F,0x02,0x21,0x82,0x21,
 ^~~~~~~~
../Hardware/TFT/font.h(373): warning: illegal character encoding in string literal [-Winvalid-source-encoding]
"<BC><F2>",0x00,0x00,0x00,0x20,0x40,0x00,0x60,0xC0,0x00,0x20,0x60,0x00,0xF0,0xEF,0x3F,0x98,
 ^~~~~~~~
../Hardware/TFT/font.h(378): warning: illegal character encoding in string literal [-Winvalid-source-encoding]
"<D2><D7>",0x00,0x00,0x00,0x00,0x00,0x00,0xC0,0xFF,0x03,0xC0,0x00,0x02,0xC0,0x00,0x02,0xC0,
 ^~~~~~~~
../Hardware/TFT/font.h(388): warning: illegal character encoding in string literal [-Winvalid-source-encoding]
"<B2><A8>",0x00,0x00,0x00,0x00,0xC0,0x00,0x10,0x80,0x00,0x30,0x80,0x00,0x20,0x80,0x00,0x00,
 ^~~~~~~~
../Hardware/TFT/font.h(393): warning: illegal character encoding in string literal [-Winvalid-source-encoding]
"<C6><F7>",0x00,0x00,0x00,0x00,0x00,0x00,0xF0,0xE3,0x0F,0x30,0x66,0x0C,0x30,0x66,0x0C,0x30,
 ^~~~~~~~
20 warnings generated.
compiling tft.c...
../Oscilloscope/oscilloscope.c(32): warning: illegal character encoding in string literal [-Winvalid-source-encoding]
    TFT_ShowChinese(10,0,(uint8_t *)"<BC><F2><D2><D7><U+02BE><B2><A8><C6><F7>",BLACK,GREEN,16,0);
                                     ^~~~~~~~~~~~~~~~        ~~~~~~~~~~~~~~~~
../Oscilloscope/oscilloscope.c(38): warning: illegal character encoding in string literal [-Winvalid-source-encoding]
    TFT_ShowChinese(110,20,(uint8_t *)"<CA><E4><B3><F6><U+05F4><U+032C>",WHITE,PURPLE,12,0);
                                       ^~~~~~~~~~~~~~~~
../Oscilloscope/oscilloscope.c(44): warning: illegal character encoding in string literal [-Winvalid-source-encoding]
    TFT_ShowChinese(110,56,(uint8_t *)"<CA><E4><B3><F6><U+01B5><C2><CA>",WHITE,PURPLE,12,0);
                                       ^~~~~~~~~~~~~~~~        ~~~~~~~~
../Oscilloscope/oscilloscope.c(53): warning: illegal character encoding in string literal [-Winvalid-source-encoding]
    TFT_ShowChinese(118,92,(uint8_t *)"<U+057C><BF><U+0571><C8>",WHITE,PURPLE,12,0);
                                               ^~~~        ~~~~
../Oscilloscope/oscilloscope.c(59): warning: illegal character encoding in string literal [-Winvalid-source-encoding]
    TFT_ShowChinese(5,92,(uint8_t *)"<CA><E4><C8><EB><B7><F9><U+05B5>",WHITE,PURPLE,12,0);
                                     ^~~~~~~~~~~~~~~~~~~~~~~~
../Oscilloscope/oscilloscope.c(61): warning: illegal character encoding in string literal [-Winvalid-source-encoding]
    TFT_ShowChinese(55,92,(uint8_t *)"<CA><E4><C8><EB><U+01B5><C2><CA>",WHITE,PURPLE,12,0);
                                      ^~~~~~~~~~~~~~~~        ~~~~~~~~
../Oscilloscope/oscilloscope.c(117): warning: illegal character encoding in string literal [-Winvalid-source-encoding]
        TFT_ShowChinese(118,36,(uint8_t *)"<B4><F2><BF><AA>",BLACK,YELLOW,16,0);
                                           ^~~~~~~~~~~~~~~~
../Oscilloscope/oscilloscope.c(121): warning: illegal character encoding in string literal [-Winvalid-source-encoding]
        TFT_ShowChinese(118,36,(uint8_t *)"<B9><U+0631><D5>",BLACK,YELLOW,16,0);     
                                           ^~~~        ~~~~
8 warnings generated.
compiling oscilloscope.c...
linking...
Program Size: Code=40556 RO-data=9144 RW-data=48 ZI-data=4520  
FromELF: creating hex file...
".\Objects\GD32E230C8T6.axf" - 0 Error(s), 28 Warning(s).

<h2>Software Packages used:</h2>

Package Vendor: ARM
                http://www.keil.com/pack/ARM.CMSIS.5.0.1.pack
                ARM.CMSIS.5.0.1
                CMSIS (Cortex Microcontroller Software Interface Standard)
   * Component: CORE Version: 5.0.1

Package Vendor: GigaDevice
                http://gd32mcu.com/data/documents/pack/GigaDevice.GD32E23x_DFP.1.1.0.pack
                GigaDevice.GD32E23x_DFP.1.1.0
                GigaDevice GD32E23x Series Device Support and Examples

<h2>Collection of Component include folders:</h2>
  .\RTE\_Target_1
  D:\Keil\ARM Start\ARM\PACK\ARM\CMSIS\5.0.1\CMSIS\Include
  D:\Keil\ARM Start\ARM\PACK\GigaDevice\GD32E23x_DFP\1.1.0\Device\Include

<h2>Collection of Component Files used:</h2>

   * Component: ARM::CMSIS:CORE:5.0.1
Build Time Elapsed:  00:00:02
</pre>
</body>
</html>
