<!doctype html public "-//w3c//dtd html 4.0 transitional//en">
<html><head>
<title>Static Call Graph - [.\Objects\Oscilloscope.axf]</title></head>
<body><HR>
<H1>Static Call Graph for image .\Objects\Oscilloscope.axf</H1><HR>
<BR><P>#&#060CALLGRAPH&#062# ARM Linker, 6070001: Last Updated: Fri Aug 30 12:27:00 2024
<BR><P>
<H3>Maximum Stack Usage =        768 bytes + Unknown(Cycles, Untraceable Function Pointers)</H3><H3>
Call chain for Maximum Stack Depth:</H3>
main &rArr; Key_Handle &rArr; TFT_ShowUI &rArr; TFT_ShowString &rArr; TFT_ShowChar &rArr; TFT_DrawPoint &rArr; TFT_Address_Set16 &rArr; TFT_WR_REG16 &rArr; SPI0_Write16 &rArr; spi_i2s_data_transmit
<P>
<H3>
Mutually Recursive functions
</H3> <LI><a href="#[11]">ADC_CMP_IRQHandler</a>&nbsp;&nbsp;&nbsp;&rArr;&nbsp;&nbsp;&nbsp;<a href="#[11]">ADC_CMP_IRQHandler</a><BR>
</UL>
<P>
<H3>
Function Pointers
</H3><UL>
 <LI><a href="#[11]">ADC_CMP_IRQHandler</a> from startup_gd32e23x.o(.text) referenced from startup_gd32e23x.o(RESET)
 <LI><a href="#[e]">DMA_Channel0_IRQHandler</a> from adc.o(.text.DMA_Channel0_IRQHandler) referenced from startup_gd32e23x.o(RESET)
 <LI><a href="#[f]">DMA_Channel1_2_IRQHandler</a> from startup_gd32e23x.o(.text) referenced from startup_gd32e23x.o(RESET)
 <LI><a href="#[10]">DMA_Channel3_4_IRQHandler</a> from startup_gd32e23x.o(.text) referenced from startup_gd32e23x.o(RESET)
 <LI><a href="#[b]">EXTI0_1_IRQHandler</a> from startup_gd32e23x.o(.text) referenced from startup_gd32e23x.o(RESET)
 <LI><a href="#[c]">EXTI2_3_IRQHandler</a> from startup_gd32e23x.o(.text) referenced from startup_gd32e23x.o(RESET)
 <LI><a href="#[d]">EXTI4_15_IRQHandler</a> from key.o(.text.EXTI4_15_IRQHandler) referenced from startup_gd32e23x.o(RESET)
 <LI><a href="#[9]">FMC_IRQHandler</a> from startup_gd32e23x.o(.text) referenced from startup_gd32e23x.o(RESET)
 <LI><a href="#[2]">HardFault_Handler</a> from gd32e23x_it.o(.text.HardFault_Handler) referenced from startup_gd32e23x.o(RESET)
 <LI><a href="#[20]">I2C0_ER_IRQHandler</a> from startup_gd32e23x.o(.text) referenced from startup_gd32e23x.o(RESET)
 <LI><a href="#[1a]">I2C0_EV_IRQHandler</a> from startup_gd32e23x.o(.text) referenced from startup_gd32e23x.o(RESET)
 <LI><a href="#[21]">I2C1_ER_IRQHandler</a> from startup_gd32e23x.o(.text) referenced from startup_gd32e23x.o(RESET)
 <LI><a href="#[1b]">I2C1_EV_IRQHandler</a> from startup_gd32e23x.o(.text) referenced from startup_gd32e23x.o(RESET)
 <LI><a href="#[7]">LVD_IRQHandler</a> from startup_gd32e23x.o(.text) referenced from startup_gd32e23x.o(RESET)
 <LI><a href="#[1]">NMI_Handler</a> from gd32e23x_it.o(.text.NMI_Handler) referenced from startup_gd32e23x.o(RESET)
 <LI><a href="#[4]">PendSV_Handler</a> from gd32e23x_it.o(.text.PendSV_Handler) referenced from startup_gd32e23x.o(RESET)
 <LI><a href="#[a]">RCU_IRQHandler</a> from startup_gd32e23x.o(.text) referenced from startup_gd32e23x.o(RESET)
 <LI><a href="#[8]">RTC_IRQHandler</a> from startup_gd32e23x.o(.text) referenced from startup_gd32e23x.o(RESET)
 <LI><a href="#[0]">Reset_Handler</a> from startup_gd32e23x.o(.text) referenced from startup_gd32e23x.o(RESET)
 <LI><a href="#[1c]">SPI0_IRQHandler</a> from startup_gd32e23x.o(.text) referenced from startup_gd32e23x.o(RESET)
 <LI><a href="#[1d]">SPI1_IRQHandler</a> from startup_gd32e23x.o(.text) referenced from startup_gd32e23x.o(RESET)
 <LI><a href="#[3]">SVC_Handler</a> from gd32e23x_it.o(.text.SVC_Handler) referenced from startup_gd32e23x.o(RESET)
 <LI><a href="#[5]">SysTick_Handler</a> from gd32e23x_it.o(.text.SysTick_Handler) referenced from startup_gd32e23x.o(RESET)
 <LI><a href="#[23]">SystemInit</a> from system_gd32e23x.o(.text.SystemInit) referenced from startup_gd32e23x.o(.text)
 <LI><a href="#[12]">TIMER0_BRK_UP_TRG_COM_IRQHandler</a> from startup_gd32e23x.o(.text) referenced from startup_gd32e23x.o(RESET)
 <LI><a href="#[13]">TIMER0_Channel_IRQHandler</a> from startup_gd32e23x.o(.text) referenced from startup_gd32e23x.o(RESET)
 <LI><a href="#[16]">TIMER13_IRQHandler</a> from startup_gd32e23x.o(.text) referenced from startup_gd32e23x.o(RESET)
 <LI><a href="#[17]">TIMER14_IRQHandler</a> from startup_gd32e23x.o(.text) referenced from startup_gd32e23x.o(RESET)
 <LI><a href="#[18]">TIMER15_IRQHandler</a> from startup_gd32e23x.o(.text) referenced from startup_gd32e23x.o(RESET)
 <LI><a href="#[19]">TIMER16_IRQHandler</a> from startup_gd32e23x.o(.text) referenced from startup_gd32e23x.o(RESET)
 <LI><a href="#[14]">TIMER2_IRQHandler</a> from freq.o(.text.TIMER2_IRQHandler) referenced from startup_gd32e23x.o(RESET)
 <LI><a href="#[15]">TIMER5_IRQHandler</a> from startup_gd32e23x.o(.text) referenced from startup_gd32e23x.o(RESET)
 <LI><a href="#[1e]">USART0_IRQHandler</a> from startup_gd32e23x.o(.text) referenced from startup_gd32e23x.o(RESET)
 <LI><a href="#[1f]">USART1_IRQHandler</a> from startup_gd32e23x.o(.text) referenced from startup_gd32e23x.o(RESET)
 <LI><a href="#[6]">WWDGT_IRQHandler</a> from startup_gd32e23x.o(.text) referenced from startup_gd32e23x.o(RESET)
 <LI><a href="#[24]">__main</a> from entry.o(.ARM.Collect$$$$00000000) referenced from startup_gd32e23x.o(.text)
 <LI><a href="#[25]">_sputc</a> from printfa.o(i._sputc) referenced from printfa.o(i.__0sprintf)
 <LI><a href="#[22]">main</a> from main.o(.text.main) referenced from entry9a.o(.ARM.Collect$$$$0000000B)
</UL>
<P>
<H3>
Global Symbols
</H3>
<P><STRONG><a name="[24]"></a>__main</STRONG> (Thumb, 0 bytes, Stack size unknown bytes, entry.o(.ARM.Collect$$$$00000000))
<BR>[Address Reference Count : 1]<UL><LI> startup_gd32e23x.o(.text)
</UL>
<P><STRONG><a name="[c1]"></a>_main_stk</STRONG> (Thumb, 0 bytes, Stack size unknown bytes, entry2.o(.ARM.Collect$$$$00000001))

<P><STRONG><a name="[26]"></a>_main_scatterload</STRONG> (Thumb, 0 bytes, Stack size unknown bytes, entry5.o(.ARM.Collect$$$$00000004))
<BR><BR>[Calls]<UL><LI><a href="#[27]">&gt;&gt;</a>&nbsp;&nbsp;&nbsp;__scatterload
</UL>

<P><STRONG><a name="[3c]"></a>__main_after_scatterload</STRONG> (Thumb, 0 bytes, Stack size unknown bytes, entry5.o(.ARM.Collect$$$$00000004))
<BR><BR>[Called By]<UL><LI><a href="#[27]">&gt;&gt;</a>&nbsp;&nbsp;&nbsp;__scatterload
</UL>

<P><STRONG><a name="[c2]"></a>_main_clock</STRONG> (Thumb, 0 bytes, Stack size unknown bytes, entry7b.o(.ARM.Collect$$$$00000008))

<P><STRONG><a name="[c3]"></a>_main_cpp_init</STRONG> (Thumb, 0 bytes, Stack size unknown bytes, entry8b.o(.ARM.Collect$$$$0000000A))

<P><STRONG><a name="[c4]"></a>_main_init</STRONG> (Thumb, 0 bytes, Stack size unknown bytes, entry9a.o(.ARM.Collect$$$$0000000B))

<P><STRONG><a name="[c5]"></a>__rt_final_cpp</STRONG> (Thumb, 0 bytes, Stack size unknown bytes, entry10a.o(.ARM.Collect$$$$0000000D))

<P><STRONG><a name="[c6]"></a>__rt_final_exit</STRONG> (Thumb, 0 bytes, Stack size unknown bytes, entry11a.o(.ARM.Collect$$$$0000000F))

<P><STRONG><a name="[0]"></a>Reset_Handler</STRONG> (Thumb, 8 bytes, Stack size 0 bytes, startup_gd32e23x.o(.text))
<BR>[Address Reference Count : 1]<UL><LI> startup_gd32e23x.o(RESET)
</UL>
<P><STRONG><a name="[11]"></a>ADC_CMP_IRQHandler</STRONG> (Thumb, 0 bytes, Stack size 0 bytes, startup_gd32e23x.o(.text))
<BR><BR>[Calls]<UL><LI><a href="#[11]">&gt;&gt;</a>&nbsp;&nbsp;&nbsp;ADC_CMP_IRQHandler
</UL>
<BR>[Called By]<UL><LI><a href="#[11]">&gt;&gt;</a>&nbsp;&nbsp;&nbsp;ADC_CMP_IRQHandler
</UL>
<BR>[Address Reference Count : 1]<UL><LI> startup_gd32e23x.o(RESET)
</UL>
<P><STRONG><a name="[f]"></a>DMA_Channel1_2_IRQHandler</STRONG> (Thumb, 0 bytes, Stack size 0 bytes, startup_gd32e23x.o(.text))
<BR>[Address Reference Count : 1]<UL><LI> startup_gd32e23x.o(RESET)
</UL>
<P><STRONG><a name="[10]"></a>DMA_Channel3_4_IRQHandler</STRONG> (Thumb, 0 bytes, Stack size 0 bytes, startup_gd32e23x.o(.text))
<BR>[Address Reference Count : 1]<UL><LI> startup_gd32e23x.o(RESET)
</UL>
<P><STRONG><a name="[b]"></a>EXTI0_1_IRQHandler</STRONG> (Thumb, 0 bytes, Stack size 0 bytes, startup_gd32e23x.o(.text))
<BR>[Address Reference Count : 1]<UL><LI> startup_gd32e23x.o(RESET)
</UL>
<P><STRONG><a name="[c]"></a>EXTI2_3_IRQHandler</STRONG> (Thumb, 0 bytes, Stack size 0 bytes, startup_gd32e23x.o(.text))
<BR>[Address Reference Count : 1]<UL><LI> startup_gd32e23x.o(RESET)
</UL>
<P><STRONG><a name="[9]"></a>FMC_IRQHandler</STRONG> (Thumb, 0 bytes, Stack size 0 bytes, startup_gd32e23x.o(.text))
<BR>[Address Reference Count : 1]<UL><LI> startup_gd32e23x.o(RESET)
</UL>
<P><STRONG><a name="[20]"></a>I2C0_ER_IRQHandler</STRONG> (Thumb, 0 bytes, Stack size 0 bytes, startup_gd32e23x.o(.text))
<BR>[Address Reference Count : 1]<UL><LI> startup_gd32e23x.o(RESET)
</UL>
<P><STRONG><a name="[1a]"></a>I2C0_EV_IRQHandler</STRONG> (Thumb, 0 bytes, Stack size 0 bytes, startup_gd32e23x.o(.text))
<BR>[Address Reference Count : 1]<UL><LI> startup_gd32e23x.o(RESET)
</UL>
<P><STRONG><a name="[21]"></a>I2C1_ER_IRQHandler</STRONG> (Thumb, 0 bytes, Stack size 0 bytes, startup_gd32e23x.o(.text))
<BR>[Address Reference Count : 1]<UL><LI> startup_gd32e23x.o(RESET)
</UL>
<P><STRONG><a name="[1b]"></a>I2C1_EV_IRQHandler</STRONG> (Thumb, 0 bytes, Stack size 0 bytes, startup_gd32e23x.o(.text))
<BR>[Address Reference Count : 1]<UL><LI> startup_gd32e23x.o(RESET)
</UL>
<P><STRONG><a name="[7]"></a>LVD_IRQHandler</STRONG> (Thumb, 0 bytes, Stack size 0 bytes, startup_gd32e23x.o(.text))
<BR>[Address Reference Count : 1]<UL><LI> startup_gd32e23x.o(RESET)
</UL>
<P><STRONG><a name="[a]"></a>RCU_IRQHandler</STRONG> (Thumb, 0 bytes, Stack size 0 bytes, startup_gd32e23x.o(.text))
<BR>[Address Reference Count : 1]<UL><LI> startup_gd32e23x.o(RESET)
</UL>
<P><STRONG><a name="[8]"></a>RTC_IRQHandler</STRONG> (Thumb, 0 bytes, Stack size 0 bytes, startup_gd32e23x.o(.text))
<BR>[Address Reference Count : 1]<UL><LI> startup_gd32e23x.o(RESET)
</UL>
<P><STRONG><a name="[1c]"></a>SPI0_IRQHandler</STRONG> (Thumb, 0 bytes, Stack size 0 bytes, startup_gd32e23x.o(.text))
<BR>[Address Reference Count : 1]<UL><LI> startup_gd32e23x.o(RESET)
</UL>
<P><STRONG><a name="[1d]"></a>SPI1_IRQHandler</STRONG> (Thumb, 0 bytes, Stack size 0 bytes, startup_gd32e23x.o(.text))
<BR>[Address Reference Count : 1]<UL><LI> startup_gd32e23x.o(RESET)
</UL>
<P><STRONG><a name="[12]"></a>TIMER0_BRK_UP_TRG_COM_IRQHandler</STRONG> (Thumb, 0 bytes, Stack size 0 bytes, startup_gd32e23x.o(.text))
<BR>[Address Reference Count : 1]<UL><LI> startup_gd32e23x.o(RESET)
</UL>
<P><STRONG><a name="[13]"></a>TIMER0_Channel_IRQHandler</STRONG> (Thumb, 0 bytes, Stack size 0 bytes, startup_gd32e23x.o(.text))
<BR>[Address Reference Count : 1]<UL><LI> startup_gd32e23x.o(RESET)
</UL>
<P><STRONG><a name="[16]"></a>TIMER13_IRQHandler</STRONG> (Thumb, 0 bytes, Stack size 0 bytes, startup_gd32e23x.o(.text))
<BR>[Address Reference Count : 1]<UL><LI> startup_gd32e23x.o(RESET)
</UL>
<P><STRONG><a name="[17]"></a>TIMER14_IRQHandler</STRONG> (Thumb, 0 bytes, Stack size 0 bytes, startup_gd32e23x.o(.text))
<BR>[Address Reference Count : 1]<UL><LI> startup_gd32e23x.o(RESET)
</UL>
<P><STRONG><a name="[18]"></a>TIMER15_IRQHandler</STRONG> (Thumb, 0 bytes, Stack size 0 bytes, startup_gd32e23x.o(.text))
<BR>[Address Reference Count : 1]<UL><LI> startup_gd32e23x.o(RESET)
</UL>
<P><STRONG><a name="[19]"></a>TIMER16_IRQHandler</STRONG> (Thumb, 0 bytes, Stack size 0 bytes, startup_gd32e23x.o(.text))
<BR>[Address Reference Count : 1]<UL><LI> startup_gd32e23x.o(RESET)
</UL>
<P><STRONG><a name="[15]"></a>TIMER5_IRQHandler</STRONG> (Thumb, 0 bytes, Stack size 0 bytes, startup_gd32e23x.o(.text))
<BR>[Address Reference Count : 1]<UL><LI> startup_gd32e23x.o(RESET)
</UL>
<P><STRONG><a name="[1e]"></a>USART0_IRQHandler</STRONG> (Thumb, 0 bytes, Stack size 0 bytes, startup_gd32e23x.o(.text))
<BR>[Address Reference Count : 1]<UL><LI> startup_gd32e23x.o(RESET)
</UL>
<P><STRONG><a name="[1f]"></a>USART1_IRQHandler</STRONG> (Thumb, 0 bytes, Stack size 0 bytes, startup_gd32e23x.o(.text))
<BR>[Address Reference Count : 1]<UL><LI> startup_gd32e23x.o(RESET)
</UL>
<P><STRONG><a name="[6]"></a>WWDGT_IRQHandler</STRONG> (Thumb, 0 bytes, Stack size 0 bytes, startup_gd32e23x.o(.text))
<BR>[Address Reference Count : 1]<UL><LI> startup_gd32e23x.o(RESET)
</UL>
<P><STRONG><a name="[28]"></a>__aeabi_fadd</STRONG> (Thumb, 162 bytes, Stack size 24 bytes, fadd.o(.text))
<BR><BR>[Stack]<UL><LI>Max Depth = 36<LI>Call Chain = __aeabi_fadd &rArr; _float_epilogue
</UL>
<BR>[Calls]<UL><LI><a href="#[2a]">&gt;&gt;</a>&nbsp;&nbsp;&nbsp;_float_round
<LI><a href="#[29]">&gt;&gt;</a>&nbsp;&nbsp;&nbsp;_float_epilogue
</UL>
<BR>[Called By]<UL><LI><a href="#[22]">&gt;&gt;</a>&nbsp;&nbsp;&nbsp;main
<LI><a href="#[2b]">&gt;&gt;</a>&nbsp;&nbsp;&nbsp;__aeabi_fsub
<LI><a href="#[84]">&gt;&gt;</a>&nbsp;&nbsp;&nbsp;Key_Handle
<LI><a href="#[2c]">&gt;&gt;</a>&nbsp;&nbsp;&nbsp;__aeabi_frsub
</UL>

<P><STRONG><a name="[2b]"></a>__aeabi_fsub</STRONG> (Thumb, 8 bytes, Stack size 0 bytes, fadd.o(.text))
<BR><BR>[Stack]<UL><LI>Max Depth = 36<LI>Call Chain = __aeabi_fsub &rArr; __aeabi_fadd &rArr; _float_epilogue
</UL>
<BR>[Calls]<UL><LI><a href="#[28]">&gt;&gt;</a>&nbsp;&nbsp;&nbsp;__aeabi_fadd
</UL>
<BR>[Called By]<UL><LI><a href="#[22]">&gt;&gt;</a>&nbsp;&nbsp;&nbsp;main
</UL>

<P><STRONG><a name="[2c]"></a>__aeabi_frsub</STRONG> (Thumb, 8 bytes, Stack size 0 bytes, fadd.o(.text), UNUSED)
<BR><BR>[Calls]<UL><LI><a href="#[28]">&gt;&gt;</a>&nbsp;&nbsp;&nbsp;__aeabi_fadd
</UL>

<P><STRONG><a name="[85]"></a>__aeabi_fmul</STRONG> (Thumb, 122 bytes, Stack size 16 bytes, fmul.o(.text))
<BR><BR>[Stack]<UL><LI>Max Depth = 16<LI>Call Chain = __aeabi_fmul
</UL>
<BR>[Called By]<UL><LI><a href="#[4d]">&gt;&gt;</a>&nbsp;&nbsp;&nbsp;delay_1ms
<LI><a href="#[aa]">&gt;&gt;</a>&nbsp;&nbsp;&nbsp;systick_config
<LI><a href="#[22]">&gt;&gt;</a>&nbsp;&nbsp;&nbsp;main
<LI><a href="#[89]">&gt;&gt;</a>&nbsp;&nbsp;&nbsp;TFT_ShowUI
<LI><a href="#[84]">&gt;&gt;</a>&nbsp;&nbsp;&nbsp;Key_Handle
</UL>

<P><STRONG><a name="[2d]"></a>__aeabi_fdiv</STRONG> (Thumb, 124 bytes, Stack size 16 bytes, fdiv.o(.text))
<BR><BR>[Stack]<UL><LI>Max Depth = 16<LI>Call Chain = __aeabi_fdiv
</UL>
<BR>[Calls]<UL><LI><a href="#[2a]">&gt;&gt;</a>&nbsp;&nbsp;&nbsp;_float_round
</UL>
<BR>[Called By]<UL><LI><a href="#[aa]">&gt;&gt;</a>&nbsp;&nbsp;&nbsp;systick_config
<LI><a href="#[22]">&gt;&gt;</a>&nbsp;&nbsp;&nbsp;main
<LI><a href="#[89]">&gt;&gt;</a>&nbsp;&nbsp;&nbsp;TFT_ShowUI
<LI><a href="#[84]">&gt;&gt;</a>&nbsp;&nbsp;&nbsp;Key_Handle
<LI><a href="#[14]">&gt;&gt;</a>&nbsp;&nbsp;&nbsp;TIMER2_IRQHandler
</UL>

<P><STRONG><a name="[af]"></a>__aeabi_fcmple</STRONG> (Thumb, 28 bytes, Stack size 0 bytes, fcmple.o(.text))
<BR><BR>[Called By]<UL><LI><a href="#[22]">&gt;&gt;</a>&nbsp;&nbsp;&nbsp;main
</UL>

<P><STRONG><a name="[a4]"></a>__aeabi_fcmplt</STRONG> (Thumb, 28 bytes, Stack size 0 bytes, fcmplt.o(.text))
<BR><BR>[Called By]<UL><LI><a href="#[22]">&gt;&gt;</a>&nbsp;&nbsp;&nbsp;main
<LI><a href="#[89]">&gt;&gt;</a>&nbsp;&nbsp;&nbsp;TFT_ShowUI
<LI><a href="#[14]">&gt;&gt;</a>&nbsp;&nbsp;&nbsp;TIMER2_IRQHandler
</UL>

<P><STRONG><a name="[ac]"></a>__aeabi_fcmpge</STRONG> (Thumb, 28 bytes, Stack size 0 bytes, fcmpge.o(.text))
<BR><BR>[Called By]<UL><LI><a href="#[22]">&gt;&gt;</a>&nbsp;&nbsp;&nbsp;main
</UL>

<P><STRONG><a name="[b0]"></a>__aeabi_dcmple</STRONG> (Thumb, 44 bytes, Stack size 8 bytes, dcmple.o(.text))
<BR><BR>[Stack]<UL><LI>Max Depth = 8<LI>Call Chain = __aeabi_dcmple
</UL>
<BR>[Called By]<UL><LI><a href="#[22]">&gt;&gt;</a>&nbsp;&nbsp;&nbsp;main
</UL>

<P><STRONG><a name="[ad]"></a>__aeabi_dcmpgt</STRONG> (Thumb, 44 bytes, Stack size 8 bytes, dcmpgt.o(.text))
<BR><BR>[Stack]<UL><LI>Max Depth = 8<LI>Call Chain = __aeabi_dcmpgt
</UL>
<BR>[Called By]<UL><LI><a href="#[22]">&gt;&gt;</a>&nbsp;&nbsp;&nbsp;main
</UL>

<P><STRONG><a name="[2e]"></a>__aeabi_i2f</STRONG> (Thumb, 22 bytes, Stack size 8 bytes, fflti.o(.text))
<BR><BR>[Stack]<UL><LI>Max Depth = 20<LI>Call Chain = __aeabi_i2f &rArr; _float_epilogue
</UL>
<BR>[Calls]<UL><LI><a href="#[29]">&gt;&gt;</a>&nbsp;&nbsp;&nbsp;_float_epilogue
</UL>
<BR>[Called By]<UL><LI><a href="#[22]">&gt;&gt;</a>&nbsp;&nbsp;&nbsp;main
<LI><a href="#[89]">&gt;&gt;</a>&nbsp;&nbsp;&nbsp;TFT_ShowUI
<LI><a href="#[84]">&gt;&gt;</a>&nbsp;&nbsp;&nbsp;Key_Handle
</UL>

<P><STRONG><a name="[2f]"></a>__aeabi_ui2f</STRONG> (Thumb, 14 bytes, Stack size 8 bytes, ffltui.o(.text))
<BR><BR>[Stack]<UL><LI>Max Depth = 20<LI>Call Chain = __aeabi_ui2f &rArr; _float_epilogue
</UL>
<BR>[Calls]<UL><LI><a href="#[29]">&gt;&gt;</a>&nbsp;&nbsp;&nbsp;_float_epilogue
</UL>
<BR>[Called By]<UL><LI><a href="#[4d]">&gt;&gt;</a>&nbsp;&nbsp;&nbsp;delay_1ms
<LI><a href="#[aa]">&gt;&gt;</a>&nbsp;&nbsp;&nbsp;systick_config
<LI><a href="#[89]">&gt;&gt;</a>&nbsp;&nbsp;&nbsp;TFT_ShowUI
<LI><a href="#[84]">&gt;&gt;</a>&nbsp;&nbsp;&nbsp;Key_Handle
<LI><a href="#[14]">&gt;&gt;</a>&nbsp;&nbsp;&nbsp;TIMER2_IRQHandler
</UL>

<P><STRONG><a name="[b1]"></a>__aeabi_f2iz</STRONG> (Thumb, 50 bytes, Stack size 0 bytes, ffixi.o(.text))
<BR><BR>[Called By]<UL><LI><a href="#[22]">&gt;&gt;</a>&nbsp;&nbsp;&nbsp;main
</UL>

<P><STRONG><a name="[86]"></a>__aeabi_f2uiz</STRONG> (Thumb, 40 bytes, Stack size 0 bytes, ffixui.o(.text))
<BR><BR>[Called By]<UL><LI><a href="#[4d]">&gt;&gt;</a>&nbsp;&nbsp;&nbsp;delay_1ms
<LI><a href="#[84]">&gt;&gt;</a>&nbsp;&nbsp;&nbsp;Key_Handle
</UL>

<P><STRONG><a name="[a2]"></a>__aeabi_f2d</STRONG> (Thumb, 40 bytes, Stack size 0 bytes, f2d.o(.text))
<BR><BR>[Called By]<UL><LI><a href="#[22]">&gt;&gt;</a>&nbsp;&nbsp;&nbsp;main
<LI><a href="#[89]">&gt;&gt;</a>&nbsp;&nbsp;&nbsp;TFT_ShowUI
</UL>

<P><STRONG><a name="[c7]"></a>__aeabi_uidiv</STRONG> (Thumb, 0 bytes, Stack size 12 bytes, uidiv.o(.text), UNUSED)

<P><STRONG><a name="[c0]"></a>__aeabi_uidivmod</STRONG> (Thumb, 44 bytes, Stack size 12 bytes, uidiv.o(.text), UNUSED)
<BR><BR>[Called By]<UL><LI><a href="#[bb]">&gt;&gt;</a>&nbsp;&nbsp;&nbsp;_printf_core
</UL>

<P><STRONG><a name="[30]"></a>__aeabi_uldivmod</STRONG> (Thumb, 96 bytes, Stack size 48 bytes, uldiv.o(.text), UNUSED)
<BR><BR>[Calls]<UL><LI><a href="#[31]">&gt;&gt;</a>&nbsp;&nbsp;&nbsp;__aeabi_llsr
<LI><a href="#[32]">&gt;&gt;</a>&nbsp;&nbsp;&nbsp;__aeabi_llsl
</UL>
<BR>[Called By]<UL><LI><a href="#[bb]">&gt;&gt;</a>&nbsp;&nbsp;&nbsp;_printf_core
<LI><a href="#[bc]">&gt;&gt;</a>&nbsp;&nbsp;&nbsp;_fp_digits
</UL>

<P><STRONG><a name="[c8]"></a>__I$use$fp</STRONG> (Thumb, 0 bytes, Stack size 0 bytes, iusefp.o(.text), UNUSED)

<P><STRONG><a name="[2a]"></a>_float_round</STRONG> (Thumb, 16 bytes, Stack size 0 bytes, fepilogue.o(.text))
<BR><BR>[Called By]<UL><LI><a href="#[2d]">&gt;&gt;</a>&nbsp;&nbsp;&nbsp;__aeabi_fdiv
<LI><a href="#[28]">&gt;&gt;</a>&nbsp;&nbsp;&nbsp;__aeabi_fadd
</UL>

<P><STRONG><a name="[29]"></a>_float_epilogue</STRONG> (Thumb, 114 bytes, Stack size 12 bytes, fepilogue.o(.text))
<BR><BR>[Stack]<UL><LI>Max Depth = 12<LI>Call Chain = _float_epilogue
</UL>
<BR>[Called By]<UL><LI><a href="#[2f]">&gt;&gt;</a>&nbsp;&nbsp;&nbsp;__aeabi_ui2f
<LI><a href="#[2e]">&gt;&gt;</a>&nbsp;&nbsp;&nbsp;__aeabi_i2f
<LI><a href="#[28]">&gt;&gt;</a>&nbsp;&nbsp;&nbsp;__aeabi_fadd
</UL>

<P><STRONG><a name="[33]"></a>__aeabi_dadd</STRONG> (Thumb, 328 bytes, Stack size 48 bytes, dadd.o(.text), UNUSED)
<BR><BR>[Calls]<UL><LI><a href="#[34]">&gt;&gt;</a>&nbsp;&nbsp;&nbsp;__aeabi_lasr
<LI><a href="#[32]">&gt;&gt;</a>&nbsp;&nbsp;&nbsp;__aeabi_llsl
<LI><a href="#[36]">&gt;&gt;</a>&nbsp;&nbsp;&nbsp;_double_round
<LI><a href="#[35]">&gt;&gt;</a>&nbsp;&nbsp;&nbsp;_double_epilogue
</UL>
<BR>[Called By]<UL><LI><a href="#[38]">&gt;&gt;</a>&nbsp;&nbsp;&nbsp;__aeabi_drsub
<LI><a href="#[37]">&gt;&gt;</a>&nbsp;&nbsp;&nbsp;__aeabi_dsub
<LI><a href="#[bc]">&gt;&gt;</a>&nbsp;&nbsp;&nbsp;_fp_digits
</UL>

<P><STRONG><a name="[37]"></a>__aeabi_dsub</STRONG> (Thumb, 12 bytes, Stack size 8 bytes, dadd.o(.text), UNUSED)
<BR><BR>[Calls]<UL><LI><a href="#[33]">&gt;&gt;</a>&nbsp;&nbsp;&nbsp;__aeabi_dadd
</UL>

<P><STRONG><a name="[38]"></a>__aeabi_drsub</STRONG> (Thumb, 12 bytes, Stack size 8 bytes, dadd.o(.text), UNUSED)
<BR><BR>[Calls]<UL><LI><a href="#[33]">&gt;&gt;</a>&nbsp;&nbsp;&nbsp;__aeabi_dadd
</UL>

<P><STRONG><a name="[39]"></a>__aeabi_dmul</STRONG> (Thumb, 202 bytes, Stack size 72 bytes, dmul.o(.text), UNUSED)
<BR><BR>[Calls]<UL><LI><a href="#[35]">&gt;&gt;</a>&nbsp;&nbsp;&nbsp;_double_epilogue
</UL>
<BR>[Called By]<UL><LI><a href="#[bc]">&gt;&gt;</a>&nbsp;&nbsp;&nbsp;_fp_digits
</UL>

<P><STRONG><a name="[3a]"></a>__aeabi_ddiv</STRONG> (Thumb, 234 bytes, Stack size 40 bytes, ddiv.o(.text), UNUSED)
<BR><BR>[Calls]<UL><LI><a href="#[36]">&gt;&gt;</a>&nbsp;&nbsp;&nbsp;_double_round
</UL>
<BR>[Called By]<UL><LI><a href="#[bc]">&gt;&gt;</a>&nbsp;&nbsp;&nbsp;_fp_digits
</UL>

<P><STRONG><a name="[3b]"></a>__aeabi_d2ulz</STRONG> (Thumb, 54 bytes, Stack size 8 bytes, dfixul.o(.text), UNUSED)
<BR><BR>[Calls]<UL><LI><a href="#[31]">&gt;&gt;</a>&nbsp;&nbsp;&nbsp;__aeabi_llsr
<LI><a href="#[32]">&gt;&gt;</a>&nbsp;&nbsp;&nbsp;__aeabi_llsl
</UL>
<BR>[Called By]<UL><LI><a href="#[bc]">&gt;&gt;</a>&nbsp;&nbsp;&nbsp;_fp_digits
</UL>

<P><STRONG><a name="[bd]"></a>__aeabi_cdrcmple</STRONG> (Thumb, 38 bytes, Stack size 0 bytes, cdrcmple.o(.text), UNUSED)
<BR><BR>[Called By]<UL><LI><a href="#[bc]">&gt;&gt;</a>&nbsp;&nbsp;&nbsp;_fp_digits
</UL>

<P><STRONG><a name="[27]"></a>__scatterload</STRONG> (Thumb, 28 bytes, Stack size 0 bytes, init.o(.text))
<BR><BR>[Calls]<UL><LI><a href="#[3c]">&gt;&gt;</a>&nbsp;&nbsp;&nbsp;__main_after_scatterload
</UL>
<BR>[Called By]<UL><LI><a href="#[26]">&gt;&gt;</a>&nbsp;&nbsp;&nbsp;_main_scatterload
</UL>

<P><STRONG><a name="[c9]"></a>__scatterload_rt2</STRONG> (Thumb, 0 bytes, Stack size 0 bytes, init.o(.text), UNUSED)

<P><STRONG><a name="[32]"></a>__aeabi_llsl</STRONG> (Thumb, 32 bytes, Stack size 8 bytes, llshl.o(.text), UNUSED)
<BR><BR>[Called By]<UL><LI><a href="#[35]">&gt;&gt;</a>&nbsp;&nbsp;&nbsp;_double_epilogue
<LI><a href="#[30]">&gt;&gt;</a>&nbsp;&nbsp;&nbsp;__aeabi_uldivmod
<LI><a href="#[33]">&gt;&gt;</a>&nbsp;&nbsp;&nbsp;__aeabi_dadd
<LI><a href="#[3b]">&gt;&gt;</a>&nbsp;&nbsp;&nbsp;__aeabi_d2ulz
</UL>

<P><STRONG><a name="[ca]"></a>_ll_shift_l</STRONG> (Thumb, 0 bytes, Stack size 8 bytes, llshl.o(.text), UNUSED)

<P><STRONG><a name="[31]"></a>__aeabi_llsr</STRONG> (Thumb, 34 bytes, Stack size 8 bytes, llushr.o(.text), UNUSED)
<BR><BR>[Called By]<UL><LI><a href="#[35]">&gt;&gt;</a>&nbsp;&nbsp;&nbsp;_double_epilogue
<LI><a href="#[30]">&gt;&gt;</a>&nbsp;&nbsp;&nbsp;__aeabi_uldivmod
<LI><a href="#[3b]">&gt;&gt;</a>&nbsp;&nbsp;&nbsp;__aeabi_d2ulz
</UL>

<P><STRONG><a name="[cb]"></a>_ll_ushift_r</STRONG> (Thumb, 0 bytes, Stack size 8 bytes, llushr.o(.text), UNUSED)

<P><STRONG><a name="[34]"></a>__aeabi_lasr</STRONG> (Thumb, 38 bytes, Stack size 8 bytes, llsshr.o(.text), UNUSED)
<BR><BR>[Called By]<UL><LI><a href="#[33]">&gt;&gt;</a>&nbsp;&nbsp;&nbsp;__aeabi_dadd
</UL>

<P><STRONG><a name="[cc]"></a>_ll_sshift_r</STRONG> (Thumb, 0 bytes, Stack size 8 bytes, llsshr.o(.text), UNUSED)

<P><STRONG><a name="[36]"></a>_double_round</STRONG> (Thumb, 26 bytes, Stack size 8 bytes, depilogue.o(.text), UNUSED)
<BR><BR>[Called By]<UL><LI><a href="#[35]">&gt;&gt;</a>&nbsp;&nbsp;&nbsp;_double_epilogue
<LI><a href="#[3a]">&gt;&gt;</a>&nbsp;&nbsp;&nbsp;__aeabi_ddiv
<LI><a href="#[33]">&gt;&gt;</a>&nbsp;&nbsp;&nbsp;__aeabi_dadd
</UL>

<P><STRONG><a name="[35]"></a>_double_epilogue</STRONG> (Thumb, 164 bytes, Stack size 48 bytes, depilogue.o(.text), UNUSED)
<BR><BR>[Calls]<UL><LI><a href="#[3d]">&gt;&gt;</a>&nbsp;&nbsp;&nbsp;__ARM_clz
<LI><a href="#[31]">&gt;&gt;</a>&nbsp;&nbsp;&nbsp;__aeabi_llsr
<LI><a href="#[32]">&gt;&gt;</a>&nbsp;&nbsp;&nbsp;__aeabi_llsl
<LI><a href="#[36]">&gt;&gt;</a>&nbsp;&nbsp;&nbsp;_double_round
</UL>
<BR>[Called By]<UL><LI><a href="#[39]">&gt;&gt;</a>&nbsp;&nbsp;&nbsp;__aeabi_dmul
<LI><a href="#[33]">&gt;&gt;</a>&nbsp;&nbsp;&nbsp;__aeabi_dadd
</UL>

<P><STRONG><a name="[3e]"></a>ADC_DMA_Init</STRONG> (Thumb, 116 bytes, Stack size 48 bytes, adc.o(.text.ADC_DMA_Init))
<BR><BR>[Stack]<UL><LI>Max Depth = 112<LI>Call Chain = ADC_DMA_Init &rArr; nvic_irq_enable &rArr; __NVIC_SetPriority
</UL>
<BR>[Calls]<UL><LI><a href="#[45]">&gt;&gt;</a>&nbsp;&nbsp;&nbsp;dma_interrupt_enable
<LI><a href="#[42]">&gt;&gt;</a>&nbsp;&nbsp;&nbsp;dma_init
<LI><a href="#[41]">&gt;&gt;</a>&nbsp;&nbsp;&nbsp;dma_deinit
<LI><a href="#[43]">&gt;&gt;</a>&nbsp;&nbsp;&nbsp;dma_circulation_enable
<LI><a href="#[44]">&gt;&gt;</a>&nbsp;&nbsp;&nbsp;dma_channel_enable
<LI><a href="#[40]">&gt;&gt;</a>&nbsp;&nbsp;&nbsp;nvic_irq_enable
<LI><a href="#[3f]">&gt;&gt;</a>&nbsp;&nbsp;&nbsp;rcu_periph_clock_enable
</UL>
<BR>[Called By]<UL><LI><a href="#[22]">&gt;&gt;</a>&nbsp;&nbsp;&nbsp;main
</UL>

<P><STRONG><a name="[46]"></a>CLose_LED</STRONG> (Thumb, 64 bytes, Stack size 24 bytes, led.o(.text.CLose_LED))
<BR><BR>[Stack]<UL><LI>Max Depth = 40<LI>Call Chain = CLose_LED &rArr; gpio_bit_set
</UL>
<BR>[Calls]<UL><LI><a href="#[47]">&gt;&gt;</a>&nbsp;&nbsp;&nbsp;gpio_bit_set
</UL>
<BR>[Called By]<UL><LI><a href="#[6c]">&gt;&gt;</a>&nbsp;&nbsp;&nbsp;Init_LED_GPIO
</UL>

<P><STRONG><a name="[e]"></a>DMA_Channel0_IRQHandler</STRONG> (Thumb, 52 bytes, Stack size 16 bytes, adc.o(.text.DMA_Channel0_IRQHandler))
<BR><BR>[Stack]<UL><LI>Max Depth = 56<LI>Call Chain = DMA_Channel0_IRQHandler &rArr; dma_interrupt_flag_get
</UL>
<BR>[Calls]<UL><LI><a href="#[48]">&gt;&gt;</a>&nbsp;&nbsp;&nbsp;dma_interrupt_flag_get
<LI><a href="#[4a]">&gt;&gt;</a>&nbsp;&nbsp;&nbsp;dma_interrupt_flag_clear
<LI><a href="#[49]">&gt;&gt;</a>&nbsp;&nbsp;&nbsp;dma_channel_disable
</UL>
<BR>[Address Reference Count : 1]<UL><LI> startup_gd32e23x.o(RESET)
</UL>
<P><STRONG><a name="[d]"></a>EXTI4_15_IRQHandler</STRONG> (Thumb, 392 bytes, Stack size 8 bytes, key.o(.text.EXTI4_15_IRQHandler))
<BR><BR>[Stack]<UL><LI>Max Depth = 52<LI>Call Chain = EXTI4_15_IRQHandler &rArr; delay_1ms &rArr; __aeabi_ui2f &rArr; _float_epilogue
</UL>
<BR>[Calls]<UL><LI><a href="#[4b]">&gt;&gt;</a>&nbsp;&nbsp;&nbsp;exti_interrupt_flag_get
<LI><a href="#[4e]">&gt;&gt;</a>&nbsp;&nbsp;&nbsp;exti_interrupt_flag_clear
<LI><a href="#[4d]">&gt;&gt;</a>&nbsp;&nbsp;&nbsp;delay_1ms
<LI><a href="#[4c]">&gt;&gt;</a>&nbsp;&nbsp;&nbsp;gpio_input_bit_get
</UL>
<BR>[Address Reference Count : 1]<UL><LI> startup_gd32e23x.o(RESET)
</UL>
<P><STRONG><a name="[ab]"></a>Get_ADC_Value</STRONG> (Thumb, 68 bytes, Stack size 12 bytes, adc.o(.text.Get_ADC_Value))
<BR><BR>[Stack]<UL><LI>Max Depth = 12<LI>Call Chain = Get_ADC_Value
</UL>
<BR>[Called By]<UL><LI><a href="#[22]">&gt;&gt;</a>&nbsp;&nbsp;&nbsp;main
</UL>

<P><STRONG><a name="[2]"></a>HardFault_Handler</STRONG> (Thumb, 4 bytes, Stack size 0 bytes, gd32e23x_it.o(.text.HardFault_Handler))
<BR>[Address Reference Count : 1]<UL><LI> startup_gd32e23x.o(RESET)
</UL>
<P><STRONG><a name="[4f]"></a>Init_ADC</STRONG> (Thumb, 156 bytes, Stack size 32 bytes, adc.o(.text.Init_ADC))
<BR><BR>[Stack]<UL><LI>Max Depth = 96<LI>Call Chain = Init_ADC &rArr; gpio_mode_set
</UL>
<BR>[Calls]<UL><LI><a href="#[52]">&gt;&gt;</a>&nbsp;&nbsp;&nbsp;adc_special_function_config
<LI><a href="#[5b]">&gt;&gt;</a>&nbsp;&nbsp;&nbsp;adc_software_trigger_enable
<LI><a href="#[55]">&gt;&gt;</a>&nbsp;&nbsp;&nbsp;adc_regular_channel_config
<LI><a href="#[56]">&gt;&gt;</a>&nbsp;&nbsp;&nbsp;adc_external_trigger_source_config
<LI><a href="#[57]">&gt;&gt;</a>&nbsp;&nbsp;&nbsp;adc_external_trigger_config
<LI><a href="#[58]">&gt;&gt;</a>&nbsp;&nbsp;&nbsp;adc_enable
<LI><a href="#[5a]">&gt;&gt;</a>&nbsp;&nbsp;&nbsp;adc_dma_mode_enable
<LI><a href="#[53]">&gt;&gt;</a>&nbsp;&nbsp;&nbsp;adc_data_alignment_config
<LI><a href="#[54]">&gt;&gt;</a>&nbsp;&nbsp;&nbsp;adc_channel_length_config
<LI><a href="#[59]">&gt;&gt;</a>&nbsp;&nbsp;&nbsp;adc_calibration_enable
<LI><a href="#[4d]">&gt;&gt;</a>&nbsp;&nbsp;&nbsp;delay_1ms
<LI><a href="#[51]">&gt;&gt;</a>&nbsp;&nbsp;&nbsp;gpio_mode_set
<LI><a href="#[3f]">&gt;&gt;</a>&nbsp;&nbsp;&nbsp;rcu_periph_clock_enable
<LI><a href="#[50]">&gt;&gt;</a>&nbsp;&nbsp;&nbsp;rcu_adc_clock_config
</UL>
<BR>[Called By]<UL><LI><a href="#[22]">&gt;&gt;</a>&nbsp;&nbsp;&nbsp;main
</UL>

<P><STRONG><a name="[5c]"></a>Init_EC11_GPIO</STRONG> (Thumb, 80 bytes, Stack size 24 bytes, key.o(.text.Init_EC11_GPIO))
<BR><BR>[Stack]<UL><LI>Max Depth = 88<LI>Call Chain = Init_EC11_GPIO &rArr; nvic_irq_enable &rArr; __NVIC_SetPriority
</UL>
<BR>[Calls]<UL><LI><a href="#[4e]">&gt;&gt;</a>&nbsp;&nbsp;&nbsp;exti_interrupt_flag_clear
<LI><a href="#[5e]">&gt;&gt;</a>&nbsp;&nbsp;&nbsp;exti_init
<LI><a href="#[40]">&gt;&gt;</a>&nbsp;&nbsp;&nbsp;nvic_irq_enable
<LI><a href="#[51]">&gt;&gt;</a>&nbsp;&nbsp;&nbsp;gpio_mode_set
<LI><a href="#[5d]">&gt;&gt;</a>&nbsp;&nbsp;&nbsp;syscfg_exti_line_config
<LI><a href="#[3f]">&gt;&gt;</a>&nbsp;&nbsp;&nbsp;rcu_periph_clock_enable
</UL>
<BR>[Called By]<UL><LI><a href="#[22]">&gt;&gt;</a>&nbsp;&nbsp;&nbsp;main
</UL>

<P><STRONG><a name="[5f]"></a>Init_FreqTimer</STRONG> (Thumb, 200 bytes, Stack size 64 bytes, freq.o(.text.Init_FreqTimer))
<BR><BR>[Stack]<UL><LI>Max Depth = 156<LI>Call Chain = Init_FreqTimer &rArr; timer_input_capture_config &rArr; timer_channel_input_capture_prescaler_config
</UL>
<BR>[Calls]<UL><LI><a href="#[40]">&gt;&gt;</a>&nbsp;&nbsp;&nbsp;nvic_irq_enable
<LI><a href="#[60]">&gt;&gt;</a>&nbsp;&nbsp;&nbsp;gpio_output_options_set
<LI><a href="#[51]">&gt;&gt;</a>&nbsp;&nbsp;&nbsp;gpio_mode_set
<LI><a href="#[61]">&gt;&gt;</a>&nbsp;&nbsp;&nbsp;gpio_af_set
<LI><a href="#[3f]">&gt;&gt;</a>&nbsp;&nbsp;&nbsp;rcu_periph_clock_enable
<LI><a href="#[63]">&gt;&gt;</a>&nbsp;&nbsp;&nbsp;timer_struct_para_init
<LI><a href="#[68]">&gt;&gt;</a>&nbsp;&nbsp;&nbsp;timer_interrupt_flag_clear
<LI><a href="#[69]">&gt;&gt;</a>&nbsp;&nbsp;&nbsp;timer_interrupt_enable
<LI><a href="#[66]">&gt;&gt;</a>&nbsp;&nbsp;&nbsp;timer_input_capture_config
<LI><a href="#[64]">&gt;&gt;</a>&nbsp;&nbsp;&nbsp;timer_init
<LI><a href="#[6a]">&gt;&gt;</a>&nbsp;&nbsp;&nbsp;timer_enable
<LI><a href="#[62]">&gt;&gt;</a>&nbsp;&nbsp;&nbsp;timer_deinit
<LI><a href="#[65]">&gt;&gt;</a>&nbsp;&nbsp;&nbsp;timer_channel_input_struct_para_init
<LI><a href="#[67]">&gt;&gt;</a>&nbsp;&nbsp;&nbsp;timer_auto_reload_shadow_enable
</UL>
<BR>[Called By]<UL><LI><a href="#[22]">&gt;&gt;</a>&nbsp;&nbsp;&nbsp;main
</UL>

<P><STRONG><a name="[6b]"></a>Init_Key_GPIO</STRONG> (Thumb, 164 bytes, Stack size 32 bytes, key.o(.text.Init_Key_GPIO))
<BR><BR>[Stack]<UL><LI>Max Depth = 96<LI>Call Chain = Init_Key_GPIO &rArr; nvic_irq_enable &rArr; __NVIC_SetPriority
</UL>
<BR>[Calls]<UL><LI><a href="#[4e]">&gt;&gt;</a>&nbsp;&nbsp;&nbsp;exti_interrupt_flag_clear
<LI><a href="#[5e]">&gt;&gt;</a>&nbsp;&nbsp;&nbsp;exti_init
<LI><a href="#[40]">&gt;&gt;</a>&nbsp;&nbsp;&nbsp;nvic_irq_enable
<LI><a href="#[51]">&gt;&gt;</a>&nbsp;&nbsp;&nbsp;gpio_mode_set
<LI><a href="#[5d]">&gt;&gt;</a>&nbsp;&nbsp;&nbsp;syscfg_exti_line_config
<LI><a href="#[3f]">&gt;&gt;</a>&nbsp;&nbsp;&nbsp;rcu_periph_clock_enable
</UL>
<BR>[Called By]<UL><LI><a href="#[22]">&gt;&gt;</a>&nbsp;&nbsp;&nbsp;main
</UL>

<P><STRONG><a name="[6c]"></a>Init_LED_GPIO</STRONG> (Thumb, 108 bytes, Stack size 32 bytes, led.o(.text.Init_LED_GPIO))
<BR><BR>[Stack]<UL><LI>Max Depth = 96<LI>Call Chain = Init_LED_GPIO &rArr; gpio_mode_set
</UL>
<BR>[Calls]<UL><LI><a href="#[60]">&gt;&gt;</a>&nbsp;&nbsp;&nbsp;gpio_output_options_set
<LI><a href="#[51]">&gt;&gt;</a>&nbsp;&nbsp;&nbsp;gpio_mode_set
<LI><a href="#[3f]">&gt;&gt;</a>&nbsp;&nbsp;&nbsp;rcu_periph_clock_enable
<LI><a href="#[46]">&gt;&gt;</a>&nbsp;&nbsp;&nbsp;CLose_LED
</UL>
<BR>[Called By]<UL><LI><a href="#[22]">&gt;&gt;</a>&nbsp;&nbsp;&nbsp;main
</UL>

<P><STRONG><a name="[a9]"></a>Init_Oscilloscope</STRONG> (Thumb, 62 bytes, Stack size 16 bytes, main.o(.text.Init_Oscilloscope))
<BR><BR>[Stack]<UL><LI>Max Depth = 16<LI>Call Chain = Init_Oscilloscope
</UL>
<BR>[Called By]<UL><LI><a href="#[22]">&gt;&gt;</a>&nbsp;&nbsp;&nbsp;main
</UL>

<P><STRONG><a name="[6d]"></a>Init_PWM_Output</STRONG> (Thumb, 232 bytes, Stack size 88 bytes, timer.o(.text.Init_PWM_Output))
<BR><BR>[Stack]<UL><LI>Max Depth = 152<LI>Call Chain = Init_PWM_Output &rArr; gpio_mode_set
</UL>
<BR>[Calls]<UL><LI><a href="#[60]">&gt;&gt;</a>&nbsp;&nbsp;&nbsp;gpio_output_options_set
<LI><a href="#[51]">&gt;&gt;</a>&nbsp;&nbsp;&nbsp;gpio_mode_set
<LI><a href="#[61]">&gt;&gt;</a>&nbsp;&nbsp;&nbsp;gpio_af_set
<LI><a href="#[3f]">&gt;&gt;</a>&nbsp;&nbsp;&nbsp;rcu_periph_clock_enable
<LI><a href="#[63]">&gt;&gt;</a>&nbsp;&nbsp;&nbsp;timer_struct_para_init
<LI><a href="#[73]">&gt;&gt;</a>&nbsp;&nbsp;&nbsp;timer_primary_output_config
<LI><a href="#[64]">&gt;&gt;</a>&nbsp;&nbsp;&nbsp;timer_init
<LI><a href="#[74]">&gt;&gt;</a>&nbsp;&nbsp;&nbsp;timer_disable
<LI><a href="#[62]">&gt;&gt;</a>&nbsp;&nbsp;&nbsp;timer_deinit
<LI><a href="#[6e]">&gt;&gt;</a>&nbsp;&nbsp;&nbsp;timer_channel_output_struct_para_init
<LI><a href="#[72]">&gt;&gt;</a>&nbsp;&nbsp;&nbsp;timer_channel_output_shadow_config
<LI><a href="#[70]">&gt;&gt;</a>&nbsp;&nbsp;&nbsp;timer_channel_output_pulse_value_config
<LI><a href="#[71]">&gt;&gt;</a>&nbsp;&nbsp;&nbsp;timer_channel_output_mode_config
<LI><a href="#[6f]">&gt;&gt;</a>&nbsp;&nbsp;&nbsp;timer_channel_output_config
<LI><a href="#[67]">&gt;&gt;</a>&nbsp;&nbsp;&nbsp;timer_auto_reload_shadow_enable
</UL>
<BR>[Called By]<UL><LI><a href="#[22]">&gt;&gt;</a>&nbsp;&nbsp;&nbsp;main
</UL>

<P><STRONG><a name="[7a]"></a>Init_SPI0_GPIO16</STRONG> (Thumb, 148 bytes, Stack size 64 bytes, tft_init.o(.text.Init_SPI0_GPIO16))
<BR><BR>[Stack]<UL><LI>Max Depth = 128<LI>Call Chain = Init_SPI0_GPIO16 &rArr; gpio_mode_set
</UL>
<BR>[Calls]<UL><LI><a href="#[60]">&gt;&gt;</a>&nbsp;&nbsp;&nbsp;gpio_output_options_set
<LI><a href="#[51]">&gt;&gt;</a>&nbsp;&nbsp;&nbsp;gpio_mode_set
<LI><a href="#[61]">&gt;&gt;</a>&nbsp;&nbsp;&nbsp;gpio_af_set
<LI><a href="#[77]">&gt;&gt;</a>&nbsp;&nbsp;&nbsp;spi_struct_para_init
<LI><a href="#[78]">&gt;&gt;</a>&nbsp;&nbsp;&nbsp;spi_init
<LI><a href="#[76]">&gt;&gt;</a>&nbsp;&nbsp;&nbsp;spi_i2s_deinit
<LI><a href="#[79]">&gt;&gt;</a>&nbsp;&nbsp;&nbsp;spi_enable
<LI><a href="#[3f]">&gt;&gt;</a>&nbsp;&nbsp;&nbsp;rcu_periph_clock_enable
</UL>
<BR>[Called By]<UL><LI><a href="#[98]">&gt;&gt;</a>&nbsp;&nbsp;&nbsp;TFT_Init
</UL>

<P><STRONG><a name="[7b]"></a>Init_USART</STRONG> (Thumb, 200 bytes, Stack size 48 bytes, usart.o(.text.Init_USART))
<BR><BR>[Stack]<UL><LI>Max Depth = 180<LI>Call Chain = Init_USART &rArr; usart_baudrate_set &rArr; rcu_clock_freq_get
</UL>
<BR>[Calls]<UL><LI><a href="#[60]">&gt;&gt;</a>&nbsp;&nbsp;&nbsp;gpio_output_options_set
<LI><a href="#[51]">&gt;&gt;</a>&nbsp;&nbsp;&nbsp;gpio_mode_set
<LI><a href="#[61]">&gt;&gt;</a>&nbsp;&nbsp;&nbsp;gpio_af_set
<LI><a href="#[3f]">&gt;&gt;</a>&nbsp;&nbsp;&nbsp;rcu_periph_clock_enable
<LI><a href="#[7d]">&gt;&gt;</a>&nbsp;&nbsp;&nbsp;usart_word_length_set
<LI><a href="#[82]">&gt;&gt;</a>&nbsp;&nbsp;&nbsp;usart_transmit_config
<LI><a href="#[7e]">&gt;&gt;</a>&nbsp;&nbsp;&nbsp;usart_stop_bit_set
<LI><a href="#[81]">&gt;&gt;</a>&nbsp;&nbsp;&nbsp;usart_receive_config
<LI><a href="#[7f]">&gt;&gt;</a>&nbsp;&nbsp;&nbsp;usart_parity_config
<LI><a href="#[83]">&gt;&gt;</a>&nbsp;&nbsp;&nbsp;usart_enable
<LI><a href="#[7c]">&gt;&gt;</a>&nbsp;&nbsp;&nbsp;usart_deinit
<LI><a href="#[80]">&gt;&gt;</a>&nbsp;&nbsp;&nbsp;usart_baudrate_set
</UL>
<BR>[Called By]<UL><LI><a href="#[22]">&gt;&gt;</a>&nbsp;&nbsp;&nbsp;main
</UL>

<P><STRONG><a name="[84]"></a>Key_Handle</STRONG> (Thumb, 572 bytes, Stack size 56 bytes, key.o(.text.Key_Handle))
<BR><BR>[Stack]<UL><LI>Max Depth = 696<LI>Call Chain = Key_Handle &rArr; TFT_ShowUI &rArr; TFT_ShowString &rArr; TFT_ShowChar &rArr; TFT_DrawPoint &rArr; TFT_Address_Set16 &rArr; TFT_WR_REG16 &rArr; SPI0_Write16 &rArr; spi_i2s_data_transmit
</UL>
<BR>[Calls]<UL><LI><a href="#[55]">&gt;&gt;</a>&nbsp;&nbsp;&nbsp;adc_regular_channel_config
<LI><a href="#[2f]">&gt;&gt;</a>&nbsp;&nbsp;&nbsp;__aeabi_ui2f
<LI><a href="#[86]">&gt;&gt;</a>&nbsp;&nbsp;&nbsp;__aeabi_f2uiz
<LI><a href="#[2e]">&gt;&gt;</a>&nbsp;&nbsp;&nbsp;__aeabi_i2f
<LI><a href="#[85]">&gt;&gt;</a>&nbsp;&nbsp;&nbsp;__aeabi_fmul
<LI><a href="#[2d]">&gt;&gt;</a>&nbsp;&nbsp;&nbsp;__aeabi_fdiv
<LI><a href="#[28]">&gt;&gt;</a>&nbsp;&nbsp;&nbsp;__aeabi_fadd
<LI><a href="#[89]">&gt;&gt;</a>&nbsp;&nbsp;&nbsp;TFT_ShowUI
<LI><a href="#[6a]">&gt;&gt;</a>&nbsp;&nbsp;&nbsp;timer_enable
<LI><a href="#[74]">&gt;&gt;</a>&nbsp;&nbsp;&nbsp;timer_disable
<LI><a href="#[87]">&gt;&gt;</a>&nbsp;&nbsp;&nbsp;Set_Output_PWMComparex
<LI><a href="#[88]">&gt;&gt;</a>&nbsp;&nbsp;&nbsp;Set_Output_Freq
</UL>
<BR>[Called By]<UL><LI><a href="#[22]">&gt;&gt;</a>&nbsp;&nbsp;&nbsp;main
</UL>

<P><STRONG><a name="[1]"></a>NMI_Handler</STRONG> (Thumb, 2 bytes, Stack size 0 bytes, gd32e23x_it.o(.text.NMI_Handler))
<BR>[Address Reference Count : 1]<UL><LI> startup_gd32e23x.o(RESET)
</UL>
<P><STRONG><a name="[4]"></a>PendSV_Handler</STRONG> (Thumb, 2 bytes, Stack size 0 bytes, gd32e23x_it.o(.text.PendSV_Handler))
<BR>[Address Reference Count : 1]<UL><LI> startup_gd32e23x.o(RESET)
</UL>
<P><STRONG><a name="[3]"></a>SVC_Handler</STRONG> (Thumb, 2 bytes, Stack size 0 bytes, gd32e23x_it.o(.text.SVC_Handler))
<BR>[Address Reference Count : 1]<UL><LI> startup_gd32e23x.o(RESET)
</UL>
<P><STRONG><a name="[88]"></a>Set_Output_Freq</STRONG> (Thumb, 36 bytes, Stack size 24 bytes, timer.o(.text.Set_Output_Freq))
<BR><BR>[Stack]<UL><LI>Max Depth = 40<LI>Call Chain = Set_Output_Freq &rArr; timer_autoreload_value_config
</UL>
<BR>[Calls]<UL><LI><a href="#[8e]">&gt;&gt;</a>&nbsp;&nbsp;&nbsp;timer_autoreload_value_config
</UL>
<BR>[Called By]<UL><LI><a href="#[84]">&gt;&gt;</a>&nbsp;&nbsp;&nbsp;Key_Handle
</UL>

<P><STRONG><a name="[87]"></a>Set_Output_PWMComparex</STRONG> (Thumb, 32 bytes, Stack size 16 bytes, timer.o(.text.Set_Output_PWMComparex))
<BR><BR>[Stack]<UL><LI>Max Depth = 60<LI>Call Chain = Set_Output_PWMComparex &rArr; timer_channel_output_pulse_value_config
</UL>
<BR>[Calls]<UL><LI><a href="#[70]">&gt;&gt;</a>&nbsp;&nbsp;&nbsp;timer_channel_output_pulse_value_config
</UL>
<BR>[Called By]<UL><LI><a href="#[84]">&gt;&gt;</a>&nbsp;&nbsp;&nbsp;Key_Handle
</UL>

<P><STRONG><a name="[5]"></a>SysTick_Handler</STRONG> (Thumb, 2 bytes, Stack size 0 bytes, gd32e23x_it.o(.text.SysTick_Handler))
<BR>[Address Reference Count : 1]<UL><LI> startup_gd32e23x.o(RESET)
</UL>
<P><STRONG><a name="[23]"></a>SystemInit</STRONG> (Thumb, 252 bytes, Stack size 24 bytes, system_gd32e23x.o(.text.SystemInit))
<BR><BR>[Stack]<UL><LI>Max Depth = 48<LI>Call Chain = SystemInit &rArr; nvic_vector_table_set
</UL>
<BR>[Calls]<UL><LI><a href="#[90]">&gt;&gt;</a>&nbsp;&nbsp;&nbsp;nvic_vector_table_set
<LI><a href="#[8f]">&gt;&gt;</a>&nbsp;&nbsp;&nbsp;system_clock_config
</UL>
<BR>[Address Reference Count : 1]<UL><LI> startup_gd32e23x.o(.text)
</UL>
<P><STRONG><a name="[91]"></a>TFT_Address_Set16</STRONG> (Thumb, 110 bytes, Stack size 80 bytes, tft_init.o(.text.TFT_Address_Set16))
<BR><BR>[Stack]<UL><LI>Max Depth = 152<LI>Call Chain = TFT_Address_Set16 &rArr; TFT_WR_REG16 &rArr; SPI0_Write16 &rArr; spi_i2s_data_transmit
</UL>
<BR>[Calls]<UL><LI><a href="#[92]">&gt;&gt;</a>&nbsp;&nbsp;&nbsp;TFT_WR_REG16
<LI><a href="#[93]">&gt;&gt;</a>&nbsp;&nbsp;&nbsp;TFT_WR_DATA16
</UL>
<BR>[Called By]<UL><LI><a href="#[96]">&gt;&gt;</a>&nbsp;&nbsp;&nbsp;TFT_Fill
<LI><a href="#[a0]">&gt;&gt;</a>&nbsp;&nbsp;&nbsp;TFT_ShowChinese24x24
<LI><a href="#[9f]">&gt;&gt;</a>&nbsp;&nbsp;&nbsp;TFT_ShowChinese16x16
<LI><a href="#[9e]">&gt;&gt;</a>&nbsp;&nbsp;&nbsp;TFT_ShowChinese12x12
<LI><a href="#[9c]">&gt;&gt;</a>&nbsp;&nbsp;&nbsp;TFT_ShowChar
<LI><a href="#[95]">&gt;&gt;</a>&nbsp;&nbsp;&nbsp;TFT_DrawPoint
</UL>

<P><STRONG><a name="[94]"></a>TFT_DrawLine</STRONG> (Thumb, 338 bytes, Stack size 112 bytes, tft.o(.text.TFT_DrawLine))
<BR><BR>[Stack]<UL><LI>Max Depth = 312<LI>Call Chain = TFT_DrawLine &rArr; TFT_DrawPoint &rArr; TFT_Address_Set16 &rArr; TFT_WR_REG16 &rArr; SPI0_Write16 &rArr; spi_i2s_data_transmit
</UL>
<BR>[Calls]<UL><LI><a href="#[95]">&gt;&gt;</a>&nbsp;&nbsp;&nbsp;TFT_DrawPoint
</UL>
<BR>[Called By]<UL><LI><a href="#[a8]">&gt;&gt;</a>&nbsp;&nbsp;&nbsp;drawCurve
</UL>

<P><STRONG><a name="[95]"></a>TFT_DrawPoint</STRONG> (Thumb, 60 bytes, Stack size 48 bytes, tft.o(.text.TFT_DrawPoint))
<BR><BR>[Stack]<UL><LI>Max Depth = 200<LI>Call Chain = TFT_DrawPoint &rArr; TFT_Address_Set16 &rArr; TFT_WR_REG16 &rArr; SPI0_Write16 &rArr; spi_i2s_data_transmit
</UL>
<BR>[Calls]<UL><LI><a href="#[93]">&gt;&gt;</a>&nbsp;&nbsp;&nbsp;TFT_WR_DATA16
<LI><a href="#[91]">&gt;&gt;</a>&nbsp;&nbsp;&nbsp;TFT_Address_Set16
</UL>
<BR>[Called By]<UL><LI><a href="#[a8]">&gt;&gt;</a>&nbsp;&nbsp;&nbsp;drawCurve
<LI><a href="#[a5]">&gt;&gt;</a>&nbsp;&nbsp;&nbsp;TFT_StaticUI
<LI><a href="#[94]">&gt;&gt;</a>&nbsp;&nbsp;&nbsp;TFT_DrawLine
<LI><a href="#[a0]">&gt;&gt;</a>&nbsp;&nbsp;&nbsp;TFT_ShowChinese24x24
<LI><a href="#[9f]">&gt;&gt;</a>&nbsp;&nbsp;&nbsp;TFT_ShowChinese16x16
<LI><a href="#[9e]">&gt;&gt;</a>&nbsp;&nbsp;&nbsp;TFT_ShowChinese12x12
<LI><a href="#[9c]">&gt;&gt;</a>&nbsp;&nbsp;&nbsp;TFT_ShowChar
</UL>

<P><STRONG><a name="[96]"></a>TFT_Fill</STRONG> (Thumb, 174 bytes, Stack size 88 bytes, tft.o(.text.TFT_Fill))
<BR><BR>[Stack]<UL><LI>Max Depth = 240<LI>Call Chain = TFT_Fill &rArr; TFT_Address_Set16 &rArr; TFT_WR_REG16 &rArr; SPI0_Write16 &rArr; spi_i2s_data_transmit
</UL>
<BR>[Calls]<UL><LI><a href="#[93]">&gt;&gt;</a>&nbsp;&nbsp;&nbsp;TFT_WR_DATA16
<LI><a href="#[91]">&gt;&gt;</a>&nbsp;&nbsp;&nbsp;TFT_Address_Set16
</UL>
<BR>[Called By]<UL><LI><a href="#[22]">&gt;&gt;</a>&nbsp;&nbsp;&nbsp;main
</UL>

<P><STRONG><a name="[98]"></a>TFT_Init</STRONG> (Thumb, 560 bytes, Stack size 96 bytes, tft_init.o(.text.TFT_Init))
<BR><BR>[Stack]<UL><LI>Max Depth = 224<LI>Call Chain = TFT_Init &rArr; Init_SPI0_GPIO16 &rArr; gpio_mode_set
</UL>
<BR>[Calls]<UL><LI><a href="#[4d]">&gt;&gt;</a>&nbsp;&nbsp;&nbsp;delay_1ms
<LI><a href="#[47]">&gt;&gt;</a>&nbsp;&nbsp;&nbsp;gpio_bit_set
<LI><a href="#[99]">&gt;&gt;</a>&nbsp;&nbsp;&nbsp;gpio_bit_reset
<LI><a href="#[9a]">&gt;&gt;</a>&nbsp;&nbsp;&nbsp;TFT_WR_REG
<LI><a href="#[9b]">&gt;&gt;</a>&nbsp;&nbsp;&nbsp;TFT_WR_DATA8
<LI><a href="#[7a]">&gt;&gt;</a>&nbsp;&nbsp;&nbsp;Init_SPI0_GPIO16
<LI><a href="#[97]">&gt;&gt;</a>&nbsp;&nbsp;&nbsp;TFT_GPIO_Init
<LI><a href="#[75]">&gt;&gt;</a>&nbsp;&nbsp;&nbsp;Init_SPI0_GPIO
</UL>
<BR>[Called By]<UL><LI><a href="#[22]">&gt;&gt;</a>&nbsp;&nbsp;&nbsp;main
</UL>

<P><STRONG><a name="[9c]"></a>TFT_ShowChar</STRONG> (Thumb, 532 bytes, Stack size 144 bytes, tft.o(.text.TFT_ShowChar))
<BR><BR>[Stack]<UL><LI>Max Depth = 344<LI>Call Chain = TFT_ShowChar &rArr; TFT_DrawPoint &rArr; TFT_Address_Set16 &rArr; TFT_WR_REG16 &rArr; SPI0_Write16 &rArr; spi_i2s_data_transmit
</UL>
<BR>[Calls]<UL><LI><a href="#[93]">&gt;&gt;</a>&nbsp;&nbsp;&nbsp;TFT_WR_DATA16
<LI><a href="#[91]">&gt;&gt;</a>&nbsp;&nbsp;&nbsp;TFT_Address_Set16
<LI><a href="#[95]">&gt;&gt;</a>&nbsp;&nbsp;&nbsp;TFT_DrawPoint
</UL>
<BR>[Called By]<UL><LI><a href="#[a1]">&gt;&gt;</a>&nbsp;&nbsp;&nbsp;TFT_ShowString
</UL>

<P><STRONG><a name="[9d]"></a>TFT_ShowChinese</STRONG> (Thumb, 254 bytes, Stack size 88 bytes, tft.o(.text.TFT_ShowChinese))
<BR><BR>[Stack]<UL><LI>Max Depth = 432<LI>Call Chain = TFT_ShowChinese &rArr; TFT_ShowChinese24x24 &rArr; TFT_DrawPoint &rArr; TFT_Address_Set16 &rArr; TFT_WR_REG16 &rArr; SPI0_Write16 &rArr; spi_i2s_data_transmit
</UL>
<BR>[Calls]<UL><LI><a href="#[a0]">&gt;&gt;</a>&nbsp;&nbsp;&nbsp;TFT_ShowChinese24x24
<LI><a href="#[9f]">&gt;&gt;</a>&nbsp;&nbsp;&nbsp;TFT_ShowChinese16x16
<LI><a href="#[9e]">&gt;&gt;</a>&nbsp;&nbsp;&nbsp;TFT_ShowChinese12x12
</UL>
<BR>[Called By]<UL><LI><a href="#[a5]">&gt;&gt;</a>&nbsp;&nbsp;&nbsp;TFT_StaticUI
<LI><a href="#[89]">&gt;&gt;</a>&nbsp;&nbsp;&nbsp;TFT_ShowUI
</UL>

<P><STRONG><a name="[9e]"></a>TFT_ShowChinese12x12</STRONG> (Thumb, 536 bytes, Stack size 144 bytes, tft.o(.text.TFT_ShowChinese12x12))
<BR><BR>[Stack]<UL><LI>Max Depth = 344<LI>Call Chain = TFT_ShowChinese12x12 &rArr; TFT_DrawPoint &rArr; TFT_Address_Set16 &rArr; TFT_WR_REG16 &rArr; SPI0_Write16 &rArr; spi_i2s_data_transmit
</UL>
<BR>[Calls]<UL><LI><a href="#[93]">&gt;&gt;</a>&nbsp;&nbsp;&nbsp;TFT_WR_DATA16
<LI><a href="#[91]">&gt;&gt;</a>&nbsp;&nbsp;&nbsp;TFT_Address_Set16
<LI><a href="#[95]">&gt;&gt;</a>&nbsp;&nbsp;&nbsp;TFT_DrawPoint
</UL>
<BR>[Called By]<UL><LI><a href="#[9d]">&gt;&gt;</a>&nbsp;&nbsp;&nbsp;TFT_ShowChinese
</UL>

<P><STRONG><a name="[9f]"></a>TFT_ShowChinese16x16</STRONG> (Thumb, 536 bytes, Stack size 144 bytes, tft.o(.text.TFT_ShowChinese16x16))
<BR><BR>[Stack]<UL><LI>Max Depth = 344<LI>Call Chain = TFT_ShowChinese16x16 &rArr; TFT_DrawPoint &rArr; TFT_Address_Set16 &rArr; TFT_WR_REG16 &rArr; SPI0_Write16 &rArr; spi_i2s_data_transmit
</UL>
<BR>[Calls]<UL><LI><a href="#[93]">&gt;&gt;</a>&nbsp;&nbsp;&nbsp;TFT_WR_DATA16
<LI><a href="#[91]">&gt;&gt;</a>&nbsp;&nbsp;&nbsp;TFT_Address_Set16
<LI><a href="#[95]">&gt;&gt;</a>&nbsp;&nbsp;&nbsp;TFT_DrawPoint
</UL>
<BR>[Called By]<UL><LI><a href="#[9d]">&gt;&gt;</a>&nbsp;&nbsp;&nbsp;TFT_ShowChinese
</UL>

<P><STRONG><a name="[a0]"></a>TFT_ShowChinese24x24</STRONG> (Thumb, 536 bytes, Stack size 144 bytes, tft.o(.text.TFT_ShowChinese24x24))
<BR><BR>[Stack]<UL><LI>Max Depth = 344<LI>Call Chain = TFT_ShowChinese24x24 &rArr; TFT_DrawPoint &rArr; TFT_Address_Set16 &rArr; TFT_WR_REG16 &rArr; SPI0_Write16 &rArr; spi_i2s_data_transmit
</UL>
<BR>[Calls]<UL><LI><a href="#[93]">&gt;&gt;</a>&nbsp;&nbsp;&nbsp;TFT_WR_DATA16
<LI><a href="#[91]">&gt;&gt;</a>&nbsp;&nbsp;&nbsp;TFT_Address_Set16
<LI><a href="#[95]">&gt;&gt;</a>&nbsp;&nbsp;&nbsp;TFT_DrawPoint
</UL>
<BR>[Called By]<UL><LI><a href="#[9d]">&gt;&gt;</a>&nbsp;&nbsp;&nbsp;TFT_ShowChinese
</UL>

<P><STRONG><a name="[a1]"></a>TFT_ShowString</STRONG> (Thumb, 160 bytes, Stack size 112 bytes, tft.o(.text.TFT_ShowString))
<BR><BR>[Stack]<UL><LI>Max Depth = 456<LI>Call Chain = TFT_ShowString &rArr; TFT_ShowChar &rArr; TFT_DrawPoint &rArr; TFT_Address_Set16 &rArr; TFT_WR_REG16 &rArr; SPI0_Write16 &rArr; spi_i2s_data_transmit
</UL>
<BR>[Calls]<UL><LI><a href="#[9c]">&gt;&gt;</a>&nbsp;&nbsp;&nbsp;TFT_ShowChar
</UL>
<BR>[Called By]<UL><LI><a href="#[a5]">&gt;&gt;</a>&nbsp;&nbsp;&nbsp;TFT_StaticUI
<LI><a href="#[89]">&gt;&gt;</a>&nbsp;&nbsp;&nbsp;TFT_ShowUI
</UL>

<P><STRONG><a name="[89]"></a>TFT_ShowUI</STRONG> (Thumb, 724 bytes, Stack size 184 bytes, tft.o(.text.TFT_ShowUI))
<BR><BR>[Stack]<UL><LI>Max Depth = 640<LI>Call Chain = TFT_ShowUI &rArr; TFT_ShowString &rArr; TFT_ShowChar &rArr; TFT_DrawPoint &rArr; TFT_Address_Set16 &rArr; TFT_WR_REG16 &rArr; SPI0_Write16 &rArr; spi_i2s_data_transmit
</UL>
<BR>[Calls]<UL><LI><a href="#[2f]">&gt;&gt;</a>&nbsp;&nbsp;&nbsp;__aeabi_ui2f
<LI><a href="#[2e]">&gt;&gt;</a>&nbsp;&nbsp;&nbsp;__aeabi_i2f
<LI><a href="#[85]">&gt;&gt;</a>&nbsp;&nbsp;&nbsp;__aeabi_fmul
<LI><a href="#[2d]">&gt;&gt;</a>&nbsp;&nbsp;&nbsp;__aeabi_fdiv
<LI><a href="#[a4]">&gt;&gt;</a>&nbsp;&nbsp;&nbsp;__aeabi_fcmplt
<LI><a href="#[a2]">&gt;&gt;</a>&nbsp;&nbsp;&nbsp;__aeabi_f2d
<LI><a href="#[a3]">&gt;&gt;</a>&nbsp;&nbsp;&nbsp;sprintf
<LI><a href="#[a1]">&gt;&gt;</a>&nbsp;&nbsp;&nbsp;TFT_ShowString
<LI><a href="#[9d]">&gt;&gt;</a>&nbsp;&nbsp;&nbsp;TFT_ShowChinese
</UL>
<BR>[Called By]<UL><LI><a href="#[22]">&gt;&gt;</a>&nbsp;&nbsp;&nbsp;main
<LI><a href="#[84]">&gt;&gt;</a>&nbsp;&nbsp;&nbsp;Key_Handle
</UL>

<P><STRONG><a name="[a5]"></a>TFT_StaticUI</STRONG> (Thumb, 840 bytes, Stack size 160 bytes, tft.o(.text.TFT_StaticUI))
<BR><BR>[Stack]<UL><LI>Max Depth = 616<LI>Call Chain = TFT_StaticUI &rArr; TFT_ShowString &rArr; TFT_ShowChar &rArr; TFT_DrawPoint &rArr; TFT_Address_Set16 &rArr; TFT_WR_REG16 &rArr; SPI0_Write16 &rArr; spi_i2s_data_transmit
</UL>
<BR>[Calls]<UL><LI><a href="#[a3]">&gt;&gt;</a>&nbsp;&nbsp;&nbsp;sprintf
<LI><a href="#[a1]">&gt;&gt;</a>&nbsp;&nbsp;&nbsp;TFT_ShowString
<LI><a href="#[9d]">&gt;&gt;</a>&nbsp;&nbsp;&nbsp;TFT_ShowChinese
<LI><a href="#[95]">&gt;&gt;</a>&nbsp;&nbsp;&nbsp;TFT_DrawPoint
</UL>
<BR>[Called By]<UL><LI><a href="#[22]">&gt;&gt;</a>&nbsp;&nbsp;&nbsp;main
</UL>

<P><STRONG><a name="[93]"></a>TFT_WR_DATA16</STRONG> (Thumb, 52 bytes, Stack size 32 bytes, tft_init.o(.text.TFT_WR_DATA16))
<BR><BR>[Stack]<UL><LI>Max Depth = 72<LI>Call Chain = TFT_WR_DATA16 &rArr; SPI0_Write16 &rArr; spi_i2s_data_transmit
</UL>
<BR>[Calls]<UL><LI><a href="#[47]">&gt;&gt;</a>&nbsp;&nbsp;&nbsp;gpio_bit_set
<LI><a href="#[99]">&gt;&gt;</a>&nbsp;&nbsp;&nbsp;gpio_bit_reset
<LI><a href="#[8d]">&gt;&gt;</a>&nbsp;&nbsp;&nbsp;SPI0_Write16
</UL>
<BR>[Called By]<UL><LI><a href="#[96]">&gt;&gt;</a>&nbsp;&nbsp;&nbsp;TFT_Fill
<LI><a href="#[91]">&gt;&gt;</a>&nbsp;&nbsp;&nbsp;TFT_Address_Set16
<LI><a href="#[a0]">&gt;&gt;</a>&nbsp;&nbsp;&nbsp;TFT_ShowChinese24x24
<LI><a href="#[9f]">&gt;&gt;</a>&nbsp;&nbsp;&nbsp;TFT_ShowChinese16x16
<LI><a href="#[9e]">&gt;&gt;</a>&nbsp;&nbsp;&nbsp;TFT_ShowChinese12x12
<LI><a href="#[9c]">&gt;&gt;</a>&nbsp;&nbsp;&nbsp;TFT_ShowChar
<LI><a href="#[95]">&gt;&gt;</a>&nbsp;&nbsp;&nbsp;TFT_DrawPoint
</UL>

<P><STRONG><a name="[9b]"></a>TFT_WR_DATA8</STRONG> (Thumb, 52 bytes, Stack size 32 bytes, tft_init.o(.text.TFT_WR_DATA8))
<BR><BR>[Stack]<UL><LI>Max Depth = 72<LI>Call Chain = TFT_WR_DATA8 &rArr; SPI0_Write &rArr; spi_i2s_data_transmit
</UL>
<BR>[Calls]<UL><LI><a href="#[47]">&gt;&gt;</a>&nbsp;&nbsp;&nbsp;gpio_bit_set
<LI><a href="#[99]">&gt;&gt;</a>&nbsp;&nbsp;&nbsp;gpio_bit_reset
<LI><a href="#[8a]">&gt;&gt;</a>&nbsp;&nbsp;&nbsp;SPI0_Write
</UL>
<BR>[Called By]<UL><LI><a href="#[98]">&gt;&gt;</a>&nbsp;&nbsp;&nbsp;TFT_Init
</UL>

<P><STRONG><a name="[9a]"></a>TFT_WR_REG</STRONG> (Thumb, 76 bytes, Stack size 32 bytes, tft_init.o(.text.TFT_WR_REG))
<BR><BR>[Stack]<UL><LI>Max Depth = 72<LI>Call Chain = TFT_WR_REG &rArr; SPI0_Write &rArr; spi_i2s_data_transmit
</UL>
<BR>[Calls]<UL><LI><a href="#[47]">&gt;&gt;</a>&nbsp;&nbsp;&nbsp;gpio_bit_set
<LI><a href="#[99]">&gt;&gt;</a>&nbsp;&nbsp;&nbsp;gpio_bit_reset
<LI><a href="#[8a]">&gt;&gt;</a>&nbsp;&nbsp;&nbsp;SPI0_Write
</UL>
<BR>[Called By]<UL><LI><a href="#[98]">&gt;&gt;</a>&nbsp;&nbsp;&nbsp;TFT_Init
</UL>

<P><STRONG><a name="[92]"></a>TFT_WR_REG16</STRONG> (Thumb, 76 bytes, Stack size 32 bytes, tft_init.o(.text.TFT_WR_REG16))
<BR><BR>[Stack]<UL><LI>Max Depth = 72<LI>Call Chain = TFT_WR_REG16 &rArr; SPI0_Write16 &rArr; spi_i2s_data_transmit
</UL>
<BR>[Calls]<UL><LI><a href="#[47]">&gt;&gt;</a>&nbsp;&nbsp;&nbsp;gpio_bit_set
<LI><a href="#[99]">&gt;&gt;</a>&nbsp;&nbsp;&nbsp;gpio_bit_reset
<LI><a href="#[8d]">&gt;&gt;</a>&nbsp;&nbsp;&nbsp;SPI0_Write16
</UL>
<BR>[Called By]<UL><LI><a href="#[91]">&gt;&gt;</a>&nbsp;&nbsp;&nbsp;TFT_Address_Set16
</UL>

<P><STRONG><a name="[14]"></a>TIMER2_IRQHandler</STRONG> (Thumb, 248 bytes, Stack size 16 bytes, freq.o(.text.TIMER2_IRQHandler))
<BR><BR>[Stack]<UL><LI>Max Depth = 40<LI>Call Chain = TIMER2_IRQHandler &rArr; timer_interrupt_flag_get
</UL>
<BR>[Calls]<UL><LI><a href="#[2f]">&gt;&gt;</a>&nbsp;&nbsp;&nbsp;__aeabi_ui2f
<LI><a href="#[2d]">&gt;&gt;</a>&nbsp;&nbsp;&nbsp;__aeabi_fdiv
<LI><a href="#[a4]">&gt;&gt;</a>&nbsp;&nbsp;&nbsp;__aeabi_fcmplt
<LI><a href="#[a6]">&gt;&gt;</a>&nbsp;&nbsp;&nbsp;timer_interrupt_flag_get
<LI><a href="#[68]">&gt;&gt;</a>&nbsp;&nbsp;&nbsp;timer_interrupt_flag_clear
<LI><a href="#[a7]">&gt;&gt;</a>&nbsp;&nbsp;&nbsp;timer_channel_capture_value_register_read
</UL>
<BR>[Address Reference Count : 1]<UL><LI> startup_gd32e23x.o(RESET)
</UL>
<P><STRONG><a name="[59]"></a>adc_calibration_enable</STRONG> (Thumb, 60 bytes, Stack size 0 bytes, gd32e23x_adc.o(.text.adc_calibration_enable))
<BR><BR>[Called By]<UL><LI><a href="#[4f]">&gt;&gt;</a>&nbsp;&nbsp;&nbsp;Init_ADC
</UL>

<P><STRONG><a name="[54]"></a>adc_channel_length_config</STRONG> (Thumb, 116 bytes, Stack size 28 bytes, gd32e23x_adc.o(.text.adc_channel_length_config))
<BR><BR>[Stack]<UL><LI>Max Depth = 28<LI>Call Chain = adc_channel_length_config
</UL>
<BR>[Called By]<UL><LI><a href="#[4f]">&gt;&gt;</a>&nbsp;&nbsp;&nbsp;Init_ADC
</UL>

<P><STRONG><a name="[53]"></a>adc_data_alignment_config</STRONG> (Thumb, 52 bytes, Stack size 8 bytes, gd32e23x_adc.o(.text.adc_data_alignment_config))
<BR><BR>[Stack]<UL><LI>Max Depth = 8<LI>Call Chain = adc_data_alignment_config
</UL>
<BR>[Called By]<UL><LI><a href="#[4f]">&gt;&gt;</a>&nbsp;&nbsp;&nbsp;Init_ADC
</UL>

<P><STRONG><a name="[5a]"></a>adc_dma_mode_enable</STRONG> (Thumb, 20 bytes, Stack size 0 bytes, gd32e23x_adc.o(.text.adc_dma_mode_enable))
<BR><BR>[Called By]<UL><LI><a href="#[4f]">&gt;&gt;</a>&nbsp;&nbsp;&nbsp;Init_ADC
</UL>

<P><STRONG><a name="[58]"></a>adc_enable</STRONG> (Thumb, 32 bytes, Stack size 0 bytes, gd32e23x_adc.o(.text.adc_enable))
<BR><BR>[Called By]<UL><LI><a href="#[4f]">&gt;&gt;</a>&nbsp;&nbsp;&nbsp;Init_ADC
</UL>

<P><STRONG><a name="[57]"></a>adc_external_trigger_config</STRONG> (Thumb, 144 bytes, Stack size 24 bytes, gd32e23x_adc.o(.text.adc_external_trigger_config))
<BR><BR>[Stack]<UL><LI>Max Depth = 24<LI>Call Chain = adc_external_trigger_config
</UL>
<BR>[Called By]<UL><LI><a href="#[4f]">&gt;&gt;</a>&nbsp;&nbsp;&nbsp;Init_ADC
</UL>

<P><STRONG><a name="[56]"></a>adc_external_trigger_source_config</STRONG> (Thumb, 92 bytes, Stack size 28 bytes, gd32e23x_adc.o(.text.adc_external_trigger_source_config))
<BR><BR>[Stack]<UL><LI>Max Depth = 28<LI>Call Chain = adc_external_trigger_source_config
</UL>
<BR>[Called By]<UL><LI><a href="#[4f]">&gt;&gt;</a>&nbsp;&nbsp;&nbsp;Init_ADC
</UL>

<P><STRONG><a name="[55]"></a>adc_regular_channel_config</STRONG> (Thumb, 356 bytes, Stack size 48 bytes, gd32e23x_adc.o(.text.adc_regular_channel_config))
<BR><BR>[Stack]<UL><LI>Max Depth = 48<LI>Call Chain = adc_regular_channel_config
</UL>
<BR>[Called By]<UL><LI><a href="#[84]">&gt;&gt;</a>&nbsp;&nbsp;&nbsp;Key_Handle
<LI><a href="#[4f]">&gt;&gt;</a>&nbsp;&nbsp;&nbsp;Init_ADC
</UL>

<P><STRONG><a name="[5b]"></a>adc_software_trigger_enable</STRONG> (Thumb, 68 bytes, Stack size 8 bytes, gd32e23x_adc.o(.text.adc_software_trigger_enable))
<BR><BR>[Stack]<UL><LI>Max Depth = 8<LI>Call Chain = adc_software_trigger_enable
</UL>
<BR>[Called By]<UL><LI><a href="#[4f]">&gt;&gt;</a>&nbsp;&nbsp;&nbsp;Init_ADC
</UL>

<P><STRONG><a name="[52]"></a>adc_special_function_config</STRONG> (Thumb, 180 bytes, Stack size 16 bytes, gd32e23x_adc.o(.text.adc_special_function_config))
<BR><BR>[Stack]<UL><LI>Max Depth = 16<LI>Call Chain = adc_special_function_config
</UL>
<BR>[Called By]<UL><LI><a href="#[4f]">&gt;&gt;</a>&nbsp;&nbsp;&nbsp;Init_ADC
</UL>

<P><STRONG><a name="[4d]"></a>delay_1ms</STRONG> (Thumb, 136 bytes, Stack size 24 bytes, systick.o(.text.delay_1ms))
<BR><BR>[Stack]<UL><LI>Max Depth = 44<LI>Call Chain = delay_1ms &rArr; __aeabi_ui2f &rArr; _float_epilogue
</UL>
<BR>[Calls]<UL><LI><a href="#[2f]">&gt;&gt;</a>&nbsp;&nbsp;&nbsp;__aeabi_ui2f
<LI><a href="#[86]">&gt;&gt;</a>&nbsp;&nbsp;&nbsp;__aeabi_f2uiz
<LI><a href="#[85]">&gt;&gt;</a>&nbsp;&nbsp;&nbsp;__aeabi_fmul
</UL>
<BR>[Called By]<UL><LI><a href="#[98]">&gt;&gt;</a>&nbsp;&nbsp;&nbsp;TFT_Init
<LI><a href="#[4f]">&gt;&gt;</a>&nbsp;&nbsp;&nbsp;Init_ADC
<LI><a href="#[d]">&gt;&gt;</a>&nbsp;&nbsp;&nbsp;EXTI4_15_IRQHandler
</UL>

<P><STRONG><a name="[49]"></a>dma_channel_disable</STRONG> (Thumb, 36 bytes, Stack size 16 bytes, gd32e23x_dma.o(.text.dma_channel_disable))
<BR><BR>[Stack]<UL><LI>Max Depth = 16<LI>Call Chain = dma_channel_disable
</UL>
<BR>[Called By]<UL><LI><a href="#[42]">&gt;&gt;</a>&nbsp;&nbsp;&nbsp;dma_init
<LI><a href="#[e]">&gt;&gt;</a>&nbsp;&nbsp;&nbsp;DMA_Channel0_IRQHandler
</UL>

<P><STRONG><a name="[44]"></a>dma_channel_enable</STRONG> (Thumb, 36 bytes, Stack size 16 bytes, gd32e23x_dma.o(.text.dma_channel_enable))
<BR><BR>[Stack]<UL><LI>Max Depth = 16<LI>Call Chain = dma_channel_enable
</UL>
<BR>[Called By]<UL><LI><a href="#[22]">&gt;&gt;</a>&nbsp;&nbsp;&nbsp;main
<LI><a href="#[3e]">&gt;&gt;</a>&nbsp;&nbsp;&nbsp;ADC_DMA_Init
</UL>

<P><STRONG><a name="[43]"></a>dma_circulation_enable</STRONG> (Thumb, 36 bytes, Stack size 16 bytes, gd32e23x_dma.o(.text.dma_circulation_enable))
<BR><BR>[Stack]<UL><LI>Max Depth = 16<LI>Call Chain = dma_circulation_enable
</UL>
<BR>[Called By]<UL><LI><a href="#[3e]">&gt;&gt;</a>&nbsp;&nbsp;&nbsp;ADC_DMA_Init
</UL>

<P><STRONG><a name="[41]"></a>dma_deinit</STRONG> (Thumb, 108 bytes, Stack size 24 bytes, gd32e23x_dma.o(.text.dma_deinit))
<BR><BR>[Stack]<UL><LI>Max Depth = 24<LI>Call Chain = dma_deinit
</UL>
<BR>[Called By]<UL><LI><a href="#[3e]">&gt;&gt;</a>&nbsp;&nbsp;&nbsp;ADC_DMA_Init
</UL>

<P><STRONG><a name="[42]"></a>dma_init</STRONG> (Thumb, 292 bytes, Stack size 40 bytes, gd32e23x_dma.o(.text.dma_init))
<BR><BR>[Stack]<UL><LI>Max Depth = 56<LI>Call Chain = dma_init &rArr; dma_channel_disable
</UL>
<BR>[Calls]<UL><LI><a href="#[49]">&gt;&gt;</a>&nbsp;&nbsp;&nbsp;dma_channel_disable
</UL>
<BR>[Called By]<UL><LI><a href="#[3e]">&gt;&gt;</a>&nbsp;&nbsp;&nbsp;ADC_DMA_Init
</UL>

<P><STRONG><a name="[45]"></a>dma_interrupt_enable</STRONG> (Thumb, 44 bytes, Stack size 32 bytes, gd32e23x_dma.o(.text.dma_interrupt_enable))
<BR><BR>[Stack]<UL><LI>Max Depth = 32<LI>Call Chain = dma_interrupt_enable
</UL>
<BR>[Called By]<UL><LI><a href="#[3e]">&gt;&gt;</a>&nbsp;&nbsp;&nbsp;ADC_DMA_Init
</UL>

<P><STRONG><a name="[4a]"></a>dma_interrupt_flag_clear</STRONG> (Thumb, 44 bytes, Stack size 24 bytes, gd32e23x_dma.o(.text.dma_interrupt_flag_clear))
<BR><BR>[Stack]<UL><LI>Max Depth = 24<LI>Call Chain = dma_interrupt_flag_clear
</UL>
<BR>[Called By]<UL><LI><a href="#[e]">&gt;&gt;</a>&nbsp;&nbsp;&nbsp;DMA_Channel0_IRQHandler
</UL>

<P><STRONG><a name="[48]"></a>dma_interrupt_flag_get</STRONG> (Thumb, 208 bytes, Stack size 40 bytes, gd32e23x_dma.o(.text.dma_interrupt_flag_get))
<BR><BR>[Stack]<UL><LI>Max Depth = 40<LI>Call Chain = dma_interrupt_flag_get
</UL>
<BR>[Called By]<UL><LI><a href="#[e]">&gt;&gt;</a>&nbsp;&nbsp;&nbsp;DMA_Channel0_IRQHandler
</UL>

<P><STRONG><a name="[ae]"></a>dma_transfer_number_config</STRONG> (Thumb, 40 bytes, Stack size 24 bytes, gd32e23x_dma.o(.text.dma_transfer_number_config))
<BR><BR>[Stack]<UL><LI>Max Depth = 24<LI>Call Chain = dma_transfer_number_config
</UL>
<BR>[Called By]<UL><LI><a href="#[22]">&gt;&gt;</a>&nbsp;&nbsp;&nbsp;main
</UL>

<P><STRONG><a name="[a8]"></a>drawCurve</STRONG> (Thumb, 276 bytes, Stack size 56 bytes, tft.o(.text.drawCurve))
<BR><BR>[Stack]<UL><LI>Max Depth = 368<LI>Call Chain = drawCurve &rArr; TFT_DrawLine &rArr; TFT_DrawPoint &rArr; TFT_Address_Set16 &rArr; TFT_WR_REG16 &rArr; SPI0_Write16 &rArr; spi_i2s_data_transmit
</UL>
<BR>[Calls]<UL><LI><a href="#[94]">&gt;&gt;</a>&nbsp;&nbsp;&nbsp;TFT_DrawLine
<LI><a href="#[95]">&gt;&gt;</a>&nbsp;&nbsp;&nbsp;TFT_DrawPoint
</UL>
<BR>[Called By]<UL><LI><a href="#[22]">&gt;&gt;</a>&nbsp;&nbsp;&nbsp;main
</UL>

<P><STRONG><a name="[5e]"></a>exti_init</STRONG> (Thumb, 240 bytes, Stack size 48 bytes, gd32e23x_exti.o(.text.exti_init))
<BR><BR>[Stack]<UL><LI>Max Depth = 48<LI>Call Chain = exti_init
</UL>
<BR>[Called By]<UL><LI><a href="#[6b]">&gt;&gt;</a>&nbsp;&nbsp;&nbsp;Init_Key_GPIO
<LI><a href="#[5c]">&gt;&gt;</a>&nbsp;&nbsp;&nbsp;Init_EC11_GPIO
</UL>

<P><STRONG><a name="[4e]"></a>exti_interrupt_flag_clear</STRONG> (Thumb, 24 bytes, Stack size 8 bytes, gd32e23x_exti.o(.text.exti_interrupt_flag_clear))
<BR><BR>[Stack]<UL><LI>Max Depth = 8<LI>Call Chain = exti_interrupt_flag_clear
</UL>
<BR>[Called By]<UL><LI><a href="#[6b]">&gt;&gt;</a>&nbsp;&nbsp;&nbsp;Init_Key_GPIO
<LI><a href="#[5c]">&gt;&gt;</a>&nbsp;&nbsp;&nbsp;Init_EC11_GPIO
<LI><a href="#[d]">&gt;&gt;</a>&nbsp;&nbsp;&nbsp;EXTI4_15_IRQHandler
</UL>

<P><STRONG><a name="[4b]"></a>exti_interrupt_flag_get</STRONG> (Thumb, 48 bytes, Stack size 12 bytes, gd32e23x_exti.o(.text.exti_interrupt_flag_get))
<BR><BR>[Stack]<UL><LI>Max Depth = 12<LI>Call Chain = exti_interrupt_flag_get
</UL>
<BR>[Called By]<UL><LI><a href="#[d]">&gt;&gt;</a>&nbsp;&nbsp;&nbsp;EXTI4_15_IRQHandler
</UL>

<P><STRONG><a name="[61]"></a>gpio_af_set</STRONG> (Thumb, 210 bytes, Stack size 52 bytes, gd32e23x_gpio.o(.text.gpio_af_set))
<BR><BR>[Stack]<UL><LI>Max Depth = 52<LI>Call Chain = gpio_af_set
</UL>
<BR>[Called By]<UL><LI><a href="#[7b]">&gt;&gt;</a>&nbsp;&nbsp;&nbsp;Init_USART
<LI><a href="#[6d]">&gt;&gt;</a>&nbsp;&nbsp;&nbsp;Init_PWM_Output
<LI><a href="#[5f]">&gt;&gt;</a>&nbsp;&nbsp;&nbsp;Init_FreqTimer
<LI><a href="#[7a]">&gt;&gt;</a>&nbsp;&nbsp;&nbsp;Init_SPI0_GPIO16
<LI><a href="#[75]">&gt;&gt;</a>&nbsp;&nbsp;&nbsp;Init_SPI0_GPIO
</UL>

<P><STRONG><a name="[99]"></a>gpio_bit_reset</STRONG> (Thumb, 24 bytes, Stack size 16 bytes, gd32e23x_gpio.o(.text.gpio_bit_reset))
<BR><BR>[Stack]<UL><LI>Max Depth = 16<LI>Call Chain = gpio_bit_reset
</UL>
<BR>[Called By]<UL><LI><a href="#[98]">&gt;&gt;</a>&nbsp;&nbsp;&nbsp;TFT_Init
<LI><a href="#[92]">&gt;&gt;</a>&nbsp;&nbsp;&nbsp;TFT_WR_REG16
<LI><a href="#[9a]">&gt;&gt;</a>&nbsp;&nbsp;&nbsp;TFT_WR_REG
<LI><a href="#[9b]">&gt;&gt;</a>&nbsp;&nbsp;&nbsp;TFT_WR_DATA8
<LI><a href="#[93]">&gt;&gt;</a>&nbsp;&nbsp;&nbsp;TFT_WR_DATA16
</UL>

<P><STRONG><a name="[47]"></a>gpio_bit_set</STRONG> (Thumb, 24 bytes, Stack size 16 bytes, gd32e23x_gpio.o(.text.gpio_bit_set))
<BR><BR>[Stack]<UL><LI>Max Depth = 16<LI>Call Chain = gpio_bit_set
</UL>
<BR>[Called By]<UL><LI><a href="#[98]">&gt;&gt;</a>&nbsp;&nbsp;&nbsp;TFT_Init
<LI><a href="#[92]">&gt;&gt;</a>&nbsp;&nbsp;&nbsp;TFT_WR_REG16
<LI><a href="#[9a]">&gt;&gt;</a>&nbsp;&nbsp;&nbsp;TFT_WR_REG
<LI><a href="#[9b]">&gt;&gt;</a>&nbsp;&nbsp;&nbsp;TFT_WR_DATA8
<LI><a href="#[93]">&gt;&gt;</a>&nbsp;&nbsp;&nbsp;TFT_WR_DATA16
<LI><a href="#[97]">&gt;&gt;</a>&nbsp;&nbsp;&nbsp;TFT_GPIO_Init
<LI><a href="#[46]">&gt;&gt;</a>&nbsp;&nbsp;&nbsp;CLose_LED
</UL>

<P><STRONG><a name="[4c]"></a>gpio_input_bit_get</STRONG> (Thumb, 50 bytes, Stack size 20 bytes, gd32e23x_gpio.o(.text.gpio_input_bit_get))
<BR><BR>[Stack]<UL><LI>Max Depth = 20<LI>Call Chain = gpio_input_bit_get
</UL>
<BR>[Called By]<UL><LI><a href="#[d]">&gt;&gt;</a>&nbsp;&nbsp;&nbsp;EXTI4_15_IRQHandler
</UL>

<P><STRONG><a name="[51]"></a>gpio_mode_set</STRONG> (Thumb, 162 bytes, Stack size 64 bytes, gd32e23x_gpio.o(.text.gpio_mode_set))
<BR><BR>[Stack]<UL><LI>Max Depth = 64<LI>Call Chain = gpio_mode_set
</UL>
<BR>[Called By]<UL><LI><a href="#[7b]">&gt;&gt;</a>&nbsp;&nbsp;&nbsp;Init_USART
<LI><a href="#[6d]">&gt;&gt;</a>&nbsp;&nbsp;&nbsp;Init_PWM_Output
<LI><a href="#[6c]">&gt;&gt;</a>&nbsp;&nbsp;&nbsp;Init_LED_GPIO
<LI><a href="#[6b]">&gt;&gt;</a>&nbsp;&nbsp;&nbsp;Init_Key_GPIO
<LI><a href="#[5f]">&gt;&gt;</a>&nbsp;&nbsp;&nbsp;Init_FreqTimer
<LI><a href="#[5c]">&gt;&gt;</a>&nbsp;&nbsp;&nbsp;Init_EC11_GPIO
<LI><a href="#[4f]">&gt;&gt;</a>&nbsp;&nbsp;&nbsp;Init_ADC
<LI><a href="#[7a]">&gt;&gt;</a>&nbsp;&nbsp;&nbsp;Init_SPI0_GPIO16
<LI><a href="#[97]">&gt;&gt;</a>&nbsp;&nbsp;&nbsp;TFT_GPIO_Init
<LI><a href="#[75]">&gt;&gt;</a>&nbsp;&nbsp;&nbsp;Init_SPI0_GPIO
</UL>

<P><STRONG><a name="[60]"></a>gpio_output_options_set</STRONG> (Thumb, 156 bytes, Stack size 60 bytes, gd32e23x_gpio.o(.text.gpio_output_options_set))
<BR><BR>[Stack]<UL><LI>Max Depth = 60<LI>Call Chain = gpio_output_options_set
</UL>
<BR>[Called By]<UL><LI><a href="#[7b]">&gt;&gt;</a>&nbsp;&nbsp;&nbsp;Init_USART
<LI><a href="#[6d]">&gt;&gt;</a>&nbsp;&nbsp;&nbsp;Init_PWM_Output
<LI><a href="#[6c]">&gt;&gt;</a>&nbsp;&nbsp;&nbsp;Init_LED_GPIO
<LI><a href="#[5f]">&gt;&gt;</a>&nbsp;&nbsp;&nbsp;Init_FreqTimer
<LI><a href="#[7a]">&gt;&gt;</a>&nbsp;&nbsp;&nbsp;Init_SPI0_GPIO16
<LI><a href="#[97]">&gt;&gt;</a>&nbsp;&nbsp;&nbsp;TFT_GPIO_Init
<LI><a href="#[75]">&gt;&gt;</a>&nbsp;&nbsp;&nbsp;Init_SPI0_GPIO
</UL>

<P><STRONG><a name="[22]"></a>main</STRONG> (Thumb, 696 bytes, Stack size 72 bytes, main.o(.text.main))
<BR><BR>[Stack]<UL><LI>Max Depth = 768<LI>Call Chain = main &rArr; Key_Handle &rArr; TFT_ShowUI &rArr; TFT_ShowString &rArr; TFT_ShowChar &rArr; TFT_DrawPoint &rArr; TFT_Address_Set16 &rArr; TFT_WR_REG16 &rArr; SPI0_Write16 &rArr; spi_i2s_data_transmit
</UL>
<BR>[Calls]<UL><LI><a href="#[aa]">&gt;&gt;</a>&nbsp;&nbsp;&nbsp;systick_config
<LI><a href="#[a8]">&gt;&gt;</a>&nbsp;&nbsp;&nbsp;drawCurve
<LI><a href="#[ae]">&gt;&gt;</a>&nbsp;&nbsp;&nbsp;dma_transfer_number_config
<LI><a href="#[44]">&gt;&gt;</a>&nbsp;&nbsp;&nbsp;dma_channel_enable
<LI><a href="#[2e]">&gt;&gt;</a>&nbsp;&nbsp;&nbsp;__aeabi_i2f
<LI><a href="#[2b]">&gt;&gt;</a>&nbsp;&nbsp;&nbsp;__aeabi_fsub
<LI><a href="#[85]">&gt;&gt;</a>&nbsp;&nbsp;&nbsp;__aeabi_fmul
<LI><a href="#[2d]">&gt;&gt;</a>&nbsp;&nbsp;&nbsp;__aeabi_fdiv
<LI><a href="#[a4]">&gt;&gt;</a>&nbsp;&nbsp;&nbsp;__aeabi_fcmplt
<LI><a href="#[af]">&gt;&gt;</a>&nbsp;&nbsp;&nbsp;__aeabi_fcmple
<LI><a href="#[ac]">&gt;&gt;</a>&nbsp;&nbsp;&nbsp;__aeabi_fcmpge
<LI><a href="#[28]">&gt;&gt;</a>&nbsp;&nbsp;&nbsp;__aeabi_fadd
<LI><a href="#[b1]">&gt;&gt;</a>&nbsp;&nbsp;&nbsp;__aeabi_f2iz
<LI><a href="#[a2]">&gt;&gt;</a>&nbsp;&nbsp;&nbsp;__aeabi_f2d
<LI><a href="#[b0]">&gt;&gt;</a>&nbsp;&nbsp;&nbsp;__aeabi_dcmple
<LI><a href="#[ad]">&gt;&gt;</a>&nbsp;&nbsp;&nbsp;__aeabi_dcmpgt
<LI><a href="#[a5]">&gt;&gt;</a>&nbsp;&nbsp;&nbsp;TFT_StaticUI
<LI><a href="#[89]">&gt;&gt;</a>&nbsp;&nbsp;&nbsp;TFT_ShowUI
<LI><a href="#[98]">&gt;&gt;</a>&nbsp;&nbsp;&nbsp;TFT_Init
<LI><a href="#[96]">&gt;&gt;</a>&nbsp;&nbsp;&nbsp;TFT_Fill
<LI><a href="#[84]">&gt;&gt;</a>&nbsp;&nbsp;&nbsp;Key_Handle
<LI><a href="#[7b]">&gt;&gt;</a>&nbsp;&nbsp;&nbsp;Init_USART
<LI><a href="#[6d]">&gt;&gt;</a>&nbsp;&nbsp;&nbsp;Init_PWM_Output
<LI><a href="#[a9]">&gt;&gt;</a>&nbsp;&nbsp;&nbsp;Init_Oscilloscope
<LI><a href="#[6c]">&gt;&gt;</a>&nbsp;&nbsp;&nbsp;Init_LED_GPIO
<LI><a href="#[6b]">&gt;&gt;</a>&nbsp;&nbsp;&nbsp;Init_Key_GPIO
<LI><a href="#[5f]">&gt;&gt;</a>&nbsp;&nbsp;&nbsp;Init_FreqTimer
<LI><a href="#[5c]">&gt;&gt;</a>&nbsp;&nbsp;&nbsp;Init_EC11_GPIO
<LI><a href="#[4f]">&gt;&gt;</a>&nbsp;&nbsp;&nbsp;Init_ADC
<LI><a href="#[ab]">&gt;&gt;</a>&nbsp;&nbsp;&nbsp;Get_ADC_Value
<LI><a href="#[3e]">&gt;&gt;</a>&nbsp;&nbsp;&nbsp;ADC_DMA_Init
</UL>
<BR>[Address Reference Count : 1]<UL><LI> entry9a.o(.ARM.Collect$$$$0000000B)
</UL>
<P><STRONG><a name="[40]"></a>nvic_irq_enable</STRONG> (Thumb, 46 bytes, Stack size 32 bytes, gd32e23x_misc.o(.text.nvic_irq_enable))
<BR><BR>[Stack]<UL><LI>Max Depth = 64<LI>Call Chain = nvic_irq_enable &rArr; __NVIC_SetPriority
</UL>
<BR>[Calls]<UL><LI><a href="#[b2]">&gt;&gt;</a>&nbsp;&nbsp;&nbsp;__NVIC_SetPriority
<LI><a href="#[b3]">&gt;&gt;</a>&nbsp;&nbsp;&nbsp;__NVIC_EnableIRQ
</UL>
<BR>[Called By]<UL><LI><a href="#[6b]">&gt;&gt;</a>&nbsp;&nbsp;&nbsp;Init_Key_GPIO
<LI><a href="#[5f]">&gt;&gt;</a>&nbsp;&nbsp;&nbsp;Init_FreqTimer
<LI><a href="#[5c]">&gt;&gt;</a>&nbsp;&nbsp;&nbsp;Init_EC11_GPIO
<LI><a href="#[3e]">&gt;&gt;</a>&nbsp;&nbsp;&nbsp;ADC_DMA_Init
</UL>

<P><STRONG><a name="[90]"></a>nvic_vector_table_set</STRONG> (Thumb, 48 bytes, Stack size 24 bytes, gd32e23x_misc.o(.text.nvic_vector_table_set))
<BR><BR>[Stack]<UL><LI>Max Depth = 24<LI>Call Chain = nvic_vector_table_set
</UL>
<BR>[Called By]<UL><LI><a href="#[23]">&gt;&gt;</a>&nbsp;&nbsp;&nbsp;SystemInit
</UL>

<P><STRONG><a name="[50]"></a>rcu_adc_clock_config</STRONG> (Thumb, 400 bytes, Stack size 20 bytes, gd32e23x_rcu.o(.text.rcu_adc_clock_config))
<BR><BR>[Stack]<UL><LI>Max Depth = 20<LI>Call Chain = rcu_adc_clock_config
</UL>
<BR>[Called By]<UL><LI><a href="#[4f]">&gt;&gt;</a>&nbsp;&nbsp;&nbsp;Init_ADC
</UL>

<P><STRONG><a name="[b9]"></a>rcu_clock_freq_get</STRONG> (Thumb, 764 bytes, Stack size 84 bytes, gd32e23x_rcu.o(.text.rcu_clock_freq_get))
<BR><BR>[Stack]<UL><LI>Max Depth = 84<LI>Call Chain = rcu_clock_freq_get
</UL>
<BR>[Called By]<UL><LI><a href="#[80]">&gt;&gt;</a>&nbsp;&nbsp;&nbsp;usart_baudrate_set
</UL>

<P><STRONG><a name="[3f]"></a>rcu_periph_clock_enable</STRONG> (Thumb, 44 bytes, Stack size 16 bytes, gd32e23x_rcu.o(.text.rcu_periph_clock_enable))
<BR><BR>[Stack]<UL><LI>Max Depth = 16<LI>Call Chain = rcu_periph_clock_enable
</UL>
<BR>[Called By]<UL><LI><a href="#[7b]">&gt;&gt;</a>&nbsp;&nbsp;&nbsp;Init_USART
<LI><a href="#[6d]">&gt;&gt;</a>&nbsp;&nbsp;&nbsp;Init_PWM_Output
<LI><a href="#[6c]">&gt;&gt;</a>&nbsp;&nbsp;&nbsp;Init_LED_GPIO
<LI><a href="#[6b]">&gt;&gt;</a>&nbsp;&nbsp;&nbsp;Init_Key_GPIO
<LI><a href="#[5f]">&gt;&gt;</a>&nbsp;&nbsp;&nbsp;Init_FreqTimer
<LI><a href="#[5c]">&gt;&gt;</a>&nbsp;&nbsp;&nbsp;Init_EC11_GPIO
<LI><a href="#[4f]">&gt;&gt;</a>&nbsp;&nbsp;&nbsp;Init_ADC
<LI><a href="#[3e]">&gt;&gt;</a>&nbsp;&nbsp;&nbsp;ADC_DMA_Init
<LI><a href="#[7a]">&gt;&gt;</a>&nbsp;&nbsp;&nbsp;Init_SPI0_GPIO16
<LI><a href="#[97]">&gt;&gt;</a>&nbsp;&nbsp;&nbsp;TFT_GPIO_Init
<LI><a href="#[75]">&gt;&gt;</a>&nbsp;&nbsp;&nbsp;Init_SPI0_GPIO
</UL>

<P><STRONG><a name="[b5]"></a>rcu_periph_reset_disable</STRONG> (Thumb, 44 bytes, Stack size 16 bytes, gd32e23x_rcu.o(.text.rcu_periph_reset_disable))
<BR><BR>[Stack]<UL><LI>Max Depth = 16<LI>Call Chain = rcu_periph_reset_disable
</UL>
<BR>[Called By]<UL><LI><a href="#[76]">&gt;&gt;</a>&nbsp;&nbsp;&nbsp;spi_i2s_deinit
<LI><a href="#[7c]">&gt;&gt;</a>&nbsp;&nbsp;&nbsp;usart_deinit
<LI><a href="#[62]">&gt;&gt;</a>&nbsp;&nbsp;&nbsp;timer_deinit
</UL>

<P><STRONG><a name="[b4]"></a>rcu_periph_reset_enable</STRONG> (Thumb, 44 bytes, Stack size 16 bytes, gd32e23x_rcu.o(.text.rcu_periph_reset_enable))
<BR><BR>[Stack]<UL><LI>Max Depth = 16<LI>Call Chain = rcu_periph_reset_enable
</UL>
<BR>[Called By]<UL><LI><a href="#[76]">&gt;&gt;</a>&nbsp;&nbsp;&nbsp;spi_i2s_deinit
<LI><a href="#[7c]">&gt;&gt;</a>&nbsp;&nbsp;&nbsp;usart_deinit
<LI><a href="#[62]">&gt;&gt;</a>&nbsp;&nbsp;&nbsp;timer_deinit
</UL>

<P><STRONG><a name="[79]"></a>spi_enable</STRONG> (Thumb, 22 bytes, Stack size 8 bytes, gd32e23x_spi.o(.text.spi_enable))
<BR><BR>[Stack]<UL><LI>Max Depth = 8<LI>Call Chain = spi_enable
</UL>
<BR>[Called By]<UL><LI><a href="#[7a]">&gt;&gt;</a>&nbsp;&nbsp;&nbsp;Init_SPI0_GPIO16
<LI><a href="#[75]">&gt;&gt;</a>&nbsp;&nbsp;&nbsp;Init_SPI0_GPIO
</UL>

<P><STRONG><a name="[8c]"></a>spi_i2s_data_transmit</STRONG> (Thumb, 92 bytes, Stack size 24 bytes, gd32e23x_spi.o(.text.spi_i2s_data_transmit))
<BR><BR>[Stack]<UL><LI>Max Depth = 24<LI>Call Chain = spi_i2s_data_transmit
</UL>
<BR>[Called By]<UL><LI><a href="#[8d]">&gt;&gt;</a>&nbsp;&nbsp;&nbsp;SPI0_Write16
<LI><a href="#[8a]">&gt;&gt;</a>&nbsp;&nbsp;&nbsp;SPI0_Write
</UL>

<P><STRONG><a name="[76]"></a>spi_i2s_deinit</STRONG> (Thumb, 84 bytes, Stack size 32 bytes, gd32e23x_spi.o(.text.spi_i2s_deinit))
<BR><BR>[Stack]<UL><LI>Max Depth = 48<LI>Call Chain = spi_i2s_deinit &rArr; rcu_periph_reset_enable
</UL>
<BR>[Calls]<UL><LI><a href="#[b4]">&gt;&gt;</a>&nbsp;&nbsp;&nbsp;rcu_periph_reset_enable
<LI><a href="#[b5]">&gt;&gt;</a>&nbsp;&nbsp;&nbsp;rcu_periph_reset_disable
</UL>
<BR>[Called By]<UL><LI><a href="#[7a]">&gt;&gt;</a>&nbsp;&nbsp;&nbsp;Init_SPI0_GPIO16
<LI><a href="#[75]">&gt;&gt;</a>&nbsp;&nbsp;&nbsp;Init_SPI0_GPIO
</UL>

<P><STRONG><a name="[8b]"></a>spi_i2s_flag_get</STRONG> (Thumb, 144 bytes, Stack size 20 bytes, gd32e23x_spi.o(.text.spi_i2s_flag_get))
<BR><BR>[Stack]<UL><LI>Max Depth = 20<LI>Call Chain = spi_i2s_flag_get
</UL>
<BR>[Called By]<UL><LI><a href="#[8d]">&gt;&gt;</a>&nbsp;&nbsp;&nbsp;SPI0_Write16
<LI><a href="#[8a]">&gt;&gt;</a>&nbsp;&nbsp;&nbsp;SPI0_Write
</UL>

<P><STRONG><a name="[78]"></a>spi_init</STRONG> (Thumb, 320 bytes, Stack size 32 bytes, gd32e23x_spi.o(.text.spi_init))
<BR><BR>[Stack]<UL><LI>Max Depth = 32<LI>Call Chain = spi_init
</UL>
<BR>[Called By]<UL><LI><a href="#[7a]">&gt;&gt;</a>&nbsp;&nbsp;&nbsp;Init_SPI0_GPIO16
<LI><a href="#[75]">&gt;&gt;</a>&nbsp;&nbsp;&nbsp;Init_SPI0_GPIO
</UL>

<P><STRONG><a name="[77]"></a>spi_struct_para_init</STRONG> (Thumb, 46 bytes, Stack size 8 bytes, gd32e23x_spi.o(.text.spi_struct_para_init))
<BR><BR>[Stack]<UL><LI>Max Depth = 8<LI>Call Chain = spi_struct_para_init
</UL>
<BR>[Called By]<UL><LI><a href="#[7a]">&gt;&gt;</a>&nbsp;&nbsp;&nbsp;Init_SPI0_GPIO16
<LI><a href="#[75]">&gt;&gt;</a>&nbsp;&nbsp;&nbsp;Init_SPI0_GPIO
</UL>

<P><STRONG><a name="[5d]"></a>syscfg_exti_line_config</STRONG> (Thumb, 188 bytes, Stack size 44 bytes, gd32e23x_syscfg.o(.text.syscfg_exti_line_config))
<BR><BR>[Stack]<UL><LI>Max Depth = 44<LI>Call Chain = syscfg_exti_line_config
</UL>
<BR>[Called By]<UL><LI><a href="#[6b]">&gt;&gt;</a>&nbsp;&nbsp;&nbsp;Init_Key_GPIO
<LI><a href="#[5c]">&gt;&gt;</a>&nbsp;&nbsp;&nbsp;Init_EC11_GPIO
</UL>

<P><STRONG><a name="[b7]"></a>systick_clksource_set</STRONG> (Thumb, 48 bytes, Stack size 8 bytes, gd32e23x_misc.o(.text.systick_clksource_set))
<BR><BR>[Stack]<UL><LI>Max Depth = 8<LI>Call Chain = systick_clksource_set
</UL>
<BR>[Called By]<UL><LI><a href="#[aa]">&gt;&gt;</a>&nbsp;&nbsp;&nbsp;systick_config
</UL>

<P><STRONG><a name="[aa]"></a>systick_config</STRONG> (Thumb, 64 bytes, Stack size 8 bytes, systick.o(.text.systick_config))
<BR><BR>[Stack]<UL><LI>Max Depth = 28<LI>Call Chain = systick_config &rArr; __aeabi_ui2f &rArr; _float_epilogue
</UL>
<BR>[Calls]<UL><LI><a href="#[b7]">&gt;&gt;</a>&nbsp;&nbsp;&nbsp;systick_clksource_set
<LI><a href="#[2f]">&gt;&gt;</a>&nbsp;&nbsp;&nbsp;__aeabi_ui2f
<LI><a href="#[85]">&gt;&gt;</a>&nbsp;&nbsp;&nbsp;__aeabi_fmul
<LI><a href="#[2d]">&gt;&gt;</a>&nbsp;&nbsp;&nbsp;__aeabi_fdiv
</UL>
<BR>[Called By]<UL><LI><a href="#[22]">&gt;&gt;</a>&nbsp;&nbsp;&nbsp;main
</UL>

<P><STRONG><a name="[67]"></a>timer_auto_reload_shadow_enable</STRONG> (Thumb, 22 bytes, Stack size 8 bytes, gd32e23x_timer.o(.text.timer_auto_reload_shadow_enable))
<BR><BR>[Stack]<UL><LI>Max Depth = 8<LI>Call Chain = timer_auto_reload_shadow_enable
</UL>
<BR>[Called By]<UL><LI><a href="#[6d]">&gt;&gt;</a>&nbsp;&nbsp;&nbsp;Init_PWM_Output
<LI><a href="#[5f]">&gt;&gt;</a>&nbsp;&nbsp;&nbsp;Init_FreqTimer
</UL>

<P><STRONG><a name="[8e]"></a>timer_autoreload_value_config</STRONG> (Thumb, 26 bytes, Stack size 16 bytes, gd32e23x_timer.o(.text.timer_autoreload_value_config))
<BR><BR>[Stack]<UL><LI>Max Depth = 16<LI>Call Chain = timer_autoreload_value_config
</UL>
<BR>[Called By]<UL><LI><a href="#[88]">&gt;&gt;</a>&nbsp;&nbsp;&nbsp;Set_Output_Freq
</UL>

<P><STRONG><a name="[a7]"></a>timer_channel_capture_value_register_read</STRONG> (Thumb, 96 bytes, Stack size 24 bytes, gd32e23x_timer.o(.text.timer_channel_capture_value_register_read))
<BR><BR>[Stack]<UL><LI>Max Depth = 24<LI>Call Chain = timer_channel_capture_value_register_read
</UL>
<BR>[Called By]<UL><LI><a href="#[14]">&gt;&gt;</a>&nbsp;&nbsp;&nbsp;TIMER2_IRQHandler
</UL>

<P><STRONG><a name="[b8]"></a>timer_channel_input_capture_prescaler_config</STRONG> (Thumb, 170 bytes, Stack size 44 bytes, gd32e23x_timer.o(.text.timer_channel_input_capture_prescaler_config))
<BR><BR>[Stack]<UL><LI>Max Depth = 44<LI>Call Chain = timer_channel_input_capture_prescaler_config
</UL>
<BR>[Called By]<UL><LI><a href="#[66]">&gt;&gt;</a>&nbsp;&nbsp;&nbsp;timer_input_capture_config
</UL>

<P><STRONG><a name="[65]"></a>timer_channel_input_struct_para_init</STRONG> (Thumb, 32 bytes, Stack size 8 bytes, gd32e23x_timer.o(.text.timer_channel_input_struct_para_init))
<BR><BR>[Stack]<UL><LI>Max Depth = 8<LI>Call Chain = timer_channel_input_struct_para_init
</UL>
<BR>[Called By]<UL><LI><a href="#[5f]">&gt;&gt;</a>&nbsp;&nbsp;&nbsp;Init_FreqTimer
</UL>

<P><STRONG><a name="[6f]"></a>timer_channel_output_config</STRONG> (Thumb, 768 bytes, Stack size 44 bytes, gd32e23x_timer.o(.text.timer_channel_output_config))
<BR><BR>[Stack]<UL><LI>Max Depth = 44<LI>Call Chain = timer_channel_output_config
</UL>
<BR>[Called By]<UL><LI><a href="#[6d]">&gt;&gt;</a>&nbsp;&nbsp;&nbsp;Init_PWM_Output
</UL>

<P><STRONG><a name="[71]"></a>timer_channel_output_mode_config</STRONG> (Thumb, 170 bytes, Stack size 44 bytes, gd32e23x_timer.o(.text.timer_channel_output_mode_config))
<BR><BR>[Stack]<UL><LI>Max Depth = 44<LI>Call Chain = timer_channel_output_mode_config
</UL>
<BR>[Called By]<UL><LI><a href="#[6d]">&gt;&gt;</a>&nbsp;&nbsp;&nbsp;Init_PWM_Output
</UL>

<P><STRONG><a name="[70]"></a>timer_channel_output_pulse_value_config</STRONG> (Thumb, 98 bytes, Stack size 44 bytes, gd32e23x_timer.o(.text.timer_channel_output_pulse_value_config))
<BR><BR>[Stack]<UL><LI>Max Depth = 44<LI>Call Chain = timer_channel_output_pulse_value_config
</UL>
<BR>[Called By]<UL><LI><a href="#[6d]">&gt;&gt;</a>&nbsp;&nbsp;&nbsp;Init_PWM_Output
<LI><a href="#[87]">&gt;&gt;</a>&nbsp;&nbsp;&nbsp;Set_Output_PWMComparex
</UL>

<P><STRONG><a name="[72]"></a>timer_channel_output_shadow_config</STRONG> (Thumb, 170 bytes, Stack size 44 bytes, gd32e23x_timer.o(.text.timer_channel_output_shadow_config))
<BR><BR>[Stack]<UL><LI>Max Depth = 44<LI>Call Chain = timer_channel_output_shadow_config
</UL>
<BR>[Called By]<UL><LI><a href="#[6d]">&gt;&gt;</a>&nbsp;&nbsp;&nbsp;Init_PWM_Output
</UL>

<P><STRONG><a name="[6e]"></a>timer_channel_output_struct_para_init</STRONG> (Thumb, 38 bytes, Stack size 8 bytes, gd32e23x_timer.o(.text.timer_channel_output_struct_para_init))
<BR><BR>[Stack]<UL><LI>Max Depth = 8<LI>Call Chain = timer_channel_output_struct_para_init
</UL>
<BR>[Called By]<UL><LI><a href="#[6d]">&gt;&gt;</a>&nbsp;&nbsp;&nbsp;Init_PWM_Output
</UL>

<P><STRONG><a name="[62]"></a>timer_deinit</STRONG> (Thumb, 252 bytes, Stack size 48 bytes, gd32e23x_timer.o(.text.timer_deinit))
<BR><BR>[Stack]<UL><LI>Max Depth = 64<LI>Call Chain = timer_deinit &rArr; rcu_periph_reset_enable
</UL>
<BR>[Calls]<UL><LI><a href="#[b4]">&gt;&gt;</a>&nbsp;&nbsp;&nbsp;rcu_periph_reset_enable
<LI><a href="#[b5]">&gt;&gt;</a>&nbsp;&nbsp;&nbsp;rcu_periph_reset_disable
</UL>
<BR>[Called By]<UL><LI><a href="#[6d]">&gt;&gt;</a>&nbsp;&nbsp;&nbsp;Init_PWM_Output
<LI><a href="#[5f]">&gt;&gt;</a>&nbsp;&nbsp;&nbsp;Init_FreqTimer
</UL>

<P><STRONG><a name="[74]"></a>timer_disable</STRONG> (Thumb, 22 bytes, Stack size 8 bytes, gd32e23x_timer.o(.text.timer_disable))
<BR><BR>[Stack]<UL><LI>Max Depth = 8<LI>Call Chain = timer_disable
</UL>
<BR>[Called By]<UL><LI><a href="#[84]">&gt;&gt;</a>&nbsp;&nbsp;&nbsp;Key_Handle
<LI><a href="#[6d]">&gt;&gt;</a>&nbsp;&nbsp;&nbsp;Init_PWM_Output
</UL>

<P><STRONG><a name="[6a]"></a>timer_enable</STRONG> (Thumb, 22 bytes, Stack size 8 bytes, gd32e23x_timer.o(.text.timer_enable))
<BR><BR>[Stack]<UL><LI>Max Depth = 8<LI>Call Chain = timer_enable
</UL>
<BR>[Called By]<UL><LI><a href="#[84]">&gt;&gt;</a>&nbsp;&nbsp;&nbsp;Key_Handle
<LI><a href="#[5f]">&gt;&gt;</a>&nbsp;&nbsp;&nbsp;Init_FreqTimer
</UL>

<P><STRONG><a name="[64]"></a>timer_init</STRONG> (Thumb, 260 bytes, Stack size 16 bytes, gd32e23x_timer.o(.text.timer_init))
<BR><BR>[Stack]<UL><LI>Max Depth = 16<LI>Call Chain = timer_init
</UL>
<BR>[Called By]<UL><LI><a href="#[6d]">&gt;&gt;</a>&nbsp;&nbsp;&nbsp;Init_PWM_Output
<LI><a href="#[5f]">&gt;&gt;</a>&nbsp;&nbsp;&nbsp;Init_FreqTimer
</UL>

<P><STRONG><a name="[66]"></a>timer_input_capture_config</STRONG> (Thumb, 458 bytes, Stack size 48 bytes, gd32e23x_timer.o(.text.timer_input_capture_config))
<BR><BR>[Stack]<UL><LI>Max Depth = 92<LI>Call Chain = timer_input_capture_config &rArr; timer_channel_input_capture_prescaler_config
</UL>
<BR>[Calls]<UL><LI><a href="#[b8]">&gt;&gt;</a>&nbsp;&nbsp;&nbsp;timer_channel_input_capture_prescaler_config
</UL>
<BR>[Called By]<UL><LI><a href="#[5f]">&gt;&gt;</a>&nbsp;&nbsp;&nbsp;Init_FreqTimer
</UL>

<P><STRONG><a name="[69]"></a>timer_interrupt_enable</STRONG> (Thumb, 30 bytes, Stack size 24 bytes, gd32e23x_timer.o(.text.timer_interrupt_enable))
<BR><BR>[Stack]<UL><LI>Max Depth = 24<LI>Call Chain = timer_interrupt_enable
</UL>
<BR>[Called By]<UL><LI><a href="#[5f]">&gt;&gt;</a>&nbsp;&nbsp;&nbsp;Init_FreqTimer
</UL>

<P><STRONG><a name="[68]"></a>timer_interrupt_flag_clear</STRONG> (Thumb, 26 bytes, Stack size 16 bytes, gd32e23x_timer.o(.text.timer_interrupt_flag_clear))
<BR><BR>[Stack]<UL><LI>Max Depth = 16<LI>Call Chain = timer_interrupt_flag_clear
</UL>
<BR>[Called By]<UL><LI><a href="#[5f]">&gt;&gt;</a>&nbsp;&nbsp;&nbsp;Init_FreqTimer
<LI><a href="#[14]">&gt;&gt;</a>&nbsp;&nbsp;&nbsp;TIMER2_IRQHandler
</UL>

<P><STRONG><a name="[a6]"></a>timer_interrupt_flag_get</STRONG> (Thumb, 68 bytes, Stack size 24 bytes, gd32e23x_timer.o(.text.timer_interrupt_flag_get))
<BR><BR>[Stack]<UL><LI>Max Depth = 24<LI>Call Chain = timer_interrupt_flag_get
</UL>
<BR>[Called By]<UL><LI><a href="#[14]">&gt;&gt;</a>&nbsp;&nbsp;&nbsp;TIMER2_IRQHandler
</UL>

<P><STRONG><a name="[73]"></a>timer_primary_output_config</STRONG> (Thumb, 56 bytes, Stack size 16 bytes, gd32e23x_timer.o(.text.timer_primary_output_config))
<BR><BR>[Stack]<UL><LI>Max Depth = 16<LI>Call Chain = timer_primary_output_config
</UL>
<BR>[Called By]<UL><LI><a href="#[6d]">&gt;&gt;</a>&nbsp;&nbsp;&nbsp;Init_PWM_Output
</UL>

<P><STRONG><a name="[63]"></a>timer_struct_para_init</STRONG> (Thumb, 44 bytes, Stack size 8 bytes, gd32e23x_timer.o(.text.timer_struct_para_init))
<BR><BR>[Stack]<UL><LI>Max Depth = 8<LI>Call Chain = timer_struct_para_init
</UL>
<BR>[Called By]<UL><LI><a href="#[6d]">&gt;&gt;</a>&nbsp;&nbsp;&nbsp;Init_PWM_Output
<LI><a href="#[5f]">&gt;&gt;</a>&nbsp;&nbsp;&nbsp;Init_FreqTimer
</UL>

<P><STRONG><a name="[80]"></a>usart_baudrate_set</STRONG> (Thumb, 192 bytes, Stack size 48 bytes, gd32e23x_usart.o(.text.usart_baudrate_set))
<BR><BR>[Stack]<UL><LI>Max Depth = 132<LI>Call Chain = usart_baudrate_set &rArr; rcu_clock_freq_get
</UL>
<BR>[Calls]<UL><LI><a href="#[b9]">&gt;&gt;</a>&nbsp;&nbsp;&nbsp;rcu_clock_freq_get
</UL>
<BR>[Called By]<UL><LI><a href="#[7b]">&gt;&gt;</a>&nbsp;&nbsp;&nbsp;Init_USART
</UL>

<P><STRONG><a name="[7c]"></a>usart_deinit</STRONG> (Thumb, 88 bytes, Stack size 32 bytes, gd32e23x_usart.o(.text.usart_deinit))
<BR><BR>[Stack]<UL><LI>Max Depth = 48<LI>Call Chain = usart_deinit &rArr; rcu_periph_reset_enable
</UL>
<BR>[Calls]<UL><LI><a href="#[b4]">&gt;&gt;</a>&nbsp;&nbsp;&nbsp;rcu_periph_reset_enable
<LI><a href="#[b5]">&gt;&gt;</a>&nbsp;&nbsp;&nbsp;rcu_periph_reset_disable
</UL>
<BR>[Called By]<UL><LI><a href="#[7b]">&gt;&gt;</a>&nbsp;&nbsp;&nbsp;Init_USART
</UL>

<P><STRONG><a name="[83]"></a>usart_enable</STRONG> (Thumb, 22 bytes, Stack size 8 bytes, gd32e23x_usart.o(.text.usart_enable))
<BR><BR>[Stack]<UL><LI>Max Depth = 8<LI>Call Chain = usart_enable
</UL>
<BR>[Called By]<UL><LI><a href="#[7b]">&gt;&gt;</a>&nbsp;&nbsp;&nbsp;Init_USART
</UL>

<P><STRONG><a name="[7f]"></a>usart_parity_config</STRONG> (Thumb, 52 bytes, Stack size 24 bytes, gd32e23x_usart.o(.text.usart_parity_config))
<BR><BR>[Stack]<UL><LI>Max Depth = 24<LI>Call Chain = usart_parity_config
</UL>
<BR>[Called By]<UL><LI><a href="#[7b]">&gt;&gt;</a>&nbsp;&nbsp;&nbsp;Init_USART
</UL>

<P><STRONG><a name="[81]"></a>usart_receive_config</STRONG> (Thumb, 40 bytes, Stack size 24 bytes, gd32e23x_usart.o(.text.usart_receive_config))
<BR><BR>[Stack]<UL><LI>Max Depth = 24<LI>Call Chain = usart_receive_config
</UL>
<BR>[Called By]<UL><LI><a href="#[7b]">&gt;&gt;</a>&nbsp;&nbsp;&nbsp;Init_USART
</UL>

<P><STRONG><a name="[7e]"></a>usart_stop_bit_set</STRONG> (Thumb, 52 bytes, Stack size 24 bytes, gd32e23x_usart.o(.text.usart_stop_bit_set))
<BR><BR>[Stack]<UL><LI>Max Depth = 24<LI>Call Chain = usart_stop_bit_set
</UL>
<BR>[Called By]<UL><LI><a href="#[7b]">&gt;&gt;</a>&nbsp;&nbsp;&nbsp;Init_USART
</UL>

<P><STRONG><a name="[82]"></a>usart_transmit_config</STRONG> (Thumb, 40 bytes, Stack size 24 bytes, gd32e23x_usart.o(.text.usart_transmit_config))
<BR><BR>[Stack]<UL><LI>Max Depth = 24<LI>Call Chain = usart_transmit_config
</UL>
<BR>[Called By]<UL><LI><a href="#[7b]">&gt;&gt;</a>&nbsp;&nbsp;&nbsp;Init_USART
</UL>

<P><STRONG><a name="[7d]"></a>usart_word_length_set</STRONG> (Thumb, 52 bytes, Stack size 24 bytes, gd32e23x_usart.o(.text.usart_word_length_set))
<BR><BR>[Stack]<UL><LI>Max Depth = 24<LI>Call Chain = usart_word_length_set
</UL>
<BR>[Called By]<UL><LI><a href="#[7b]">&gt;&gt;</a>&nbsp;&nbsp;&nbsp;Init_USART
</UL>

<P><STRONG><a name="[ba]"></a>__0sprintf</STRONG> (Thumb, 36 bytes, Stack size 24 bytes, printfa.o(i.__0sprintf), UNUSED)
<BR><BR>[Calls]<UL><LI><a href="#[25]">&gt;&gt;</a>&nbsp;&nbsp;&nbsp;_sputc
<LI><a href="#[bb]">&gt;&gt;</a>&nbsp;&nbsp;&nbsp;_printf_core
</UL>

<P><STRONG><a name="[cd]"></a>__1sprintf</STRONG> (Thumb, 0 bytes, Stack size 24 bytes, printfa.o(i.__0sprintf), UNUSED)

<P><STRONG><a name="[ce]"></a>__2sprintf</STRONG> (Thumb, 0 bytes, Stack size 24 bytes, printfa.o(i.__0sprintf), UNUSED)

<P><STRONG><a name="[cf]"></a>__c89sprintf</STRONG> (Thumb, 0 bytes, Stack size 24 bytes, printfa.o(i.__0sprintf), UNUSED)

<P><STRONG><a name="[a3]"></a>sprintf</STRONG> (Thumb, 0 bytes, Stack size 24 bytes, printfa.o(i.__0sprintf))
<BR><BR>[Stack]<UL><LI>Max Depth = 24<LI>Call Chain = sprintf
</UL>
<BR>[Called By]<UL><LI><a href="#[a5]">&gt;&gt;</a>&nbsp;&nbsp;&nbsp;TFT_StaticUI
<LI><a href="#[89]">&gt;&gt;</a>&nbsp;&nbsp;&nbsp;TFT_ShowUI
</UL>

<P><STRONG><a name="[3d]"></a>__ARM_clz</STRONG> (Thumb, 46 bytes, Stack size 0 bytes, depilogue.o(i.__ARM_clz), UNUSED)
<BR><BR>[Called By]<UL><LI><a href="#[35]">&gt;&gt;</a>&nbsp;&nbsp;&nbsp;_double_epilogue
</UL>

<P><STRONG><a name="[d0]"></a>__scatterload_copy</STRONG> (Thumb, 14 bytes, Stack size unknown bytes, handlers.o(i.__scatterload_copy), UNUSED)

<P><STRONG><a name="[d1]"></a>__scatterload_null</STRONG> (Thumb, 2 bytes, Stack size unknown bytes, handlers.o(i.__scatterload_null), UNUSED)

<P><STRONG><a name="[d2]"></a>__scatterload_zeroinit</STRONG> (Thumb, 14 bytes, Stack size unknown bytes, handlers.o(i.__scatterload_zeroinit), UNUSED)
<P>
<H3>
Local Symbols
</H3>
<P><STRONG><a name="[b3]"></a>__NVIC_EnableIRQ</STRONG> (Thumb, 60 bytes, Stack size 8 bytes, gd32e23x_misc.o(.text.__NVIC_EnableIRQ))
<BR><BR>[Stack]<UL><LI>Max Depth = 8<LI>Call Chain = __NVIC_EnableIRQ
</UL>
<BR>[Called By]<UL><LI><a href="#[40]">&gt;&gt;</a>&nbsp;&nbsp;&nbsp;nvic_irq_enable
</UL>

<P><STRONG><a name="[b2]"></a>__NVIC_SetPriority</STRONG> (Thumb, 144 bytes, Stack size 32 bytes, gd32e23x_misc.o(.text.__NVIC_SetPriority))
<BR><BR>[Stack]<UL><LI>Max Depth = 32<LI>Call Chain = __NVIC_SetPriority
</UL>
<BR>[Called By]<UL><LI><a href="#[40]">&gt;&gt;</a>&nbsp;&nbsp;&nbsp;nvic_irq_enable
</UL>

<P><STRONG><a name="[b6]"></a>system_clock_72m_hxtal</STRONG> (Thumb, 232 bytes, Stack size 12 bytes, system_gd32e23x.o(.text.system_clock_72m_hxtal))
<BR><BR>[Stack]<UL><LI>Max Depth = 12<LI>Call Chain = system_clock_72m_hxtal
</UL>
<BR>[Called By]<UL><LI><a href="#[8f]">&gt;&gt;</a>&nbsp;&nbsp;&nbsp;system_clock_config
</UL>

<P><STRONG><a name="[8f]"></a>system_clock_config</STRONG> (Thumb, 8 bytes, Stack size 8 bytes, system_gd32e23x.o(.text.system_clock_config))
<BR><BR>[Stack]<UL><LI>Max Depth = 20<LI>Call Chain = system_clock_config &rArr; system_clock_72m_hxtal
</UL>
<BR>[Calls]<UL><LI><a href="#[b6]">&gt;&gt;</a>&nbsp;&nbsp;&nbsp;system_clock_72m_hxtal
</UL>
<BR>[Called By]<UL><LI><a href="#[23]">&gt;&gt;</a>&nbsp;&nbsp;&nbsp;SystemInit
</UL>

<P><STRONG><a name="[75]"></a>Init_SPI0_GPIO</STRONG> (Thumb, 148 bytes, Stack size 64 bytes, tft_init.o(.text.Init_SPI0_GPIO))
<BR><BR>[Stack]<UL><LI>Max Depth = 128<LI>Call Chain = Init_SPI0_GPIO &rArr; gpio_mode_set
</UL>
<BR>[Calls]<UL><LI><a href="#[60]">&gt;&gt;</a>&nbsp;&nbsp;&nbsp;gpio_output_options_set
<LI><a href="#[51]">&gt;&gt;</a>&nbsp;&nbsp;&nbsp;gpio_mode_set
<LI><a href="#[61]">&gt;&gt;</a>&nbsp;&nbsp;&nbsp;gpio_af_set
<LI><a href="#[77]">&gt;&gt;</a>&nbsp;&nbsp;&nbsp;spi_struct_para_init
<LI><a href="#[78]">&gt;&gt;</a>&nbsp;&nbsp;&nbsp;spi_init
<LI><a href="#[76]">&gt;&gt;</a>&nbsp;&nbsp;&nbsp;spi_i2s_deinit
<LI><a href="#[79]">&gt;&gt;</a>&nbsp;&nbsp;&nbsp;spi_enable
<LI><a href="#[3f]">&gt;&gt;</a>&nbsp;&nbsp;&nbsp;rcu_periph_clock_enable
</UL>
<BR>[Called By]<UL><LI><a href="#[98]">&gt;&gt;</a>&nbsp;&nbsp;&nbsp;TFT_Init
</UL>

<P><STRONG><a name="[8a]"></a>SPI0_Write</STRONG> (Thumb, 48 bytes, Stack size 16 bytes, tft_init.o(.text.SPI0_Write))
<BR><BR>[Stack]<UL><LI>Max Depth = 40<LI>Call Chain = SPI0_Write &rArr; spi_i2s_data_transmit
</UL>
<BR>[Calls]<UL><LI><a href="#[8b]">&gt;&gt;</a>&nbsp;&nbsp;&nbsp;spi_i2s_flag_get
<LI><a href="#[8c]">&gt;&gt;</a>&nbsp;&nbsp;&nbsp;spi_i2s_data_transmit
</UL>
<BR>[Called By]<UL><LI><a href="#[9a]">&gt;&gt;</a>&nbsp;&nbsp;&nbsp;TFT_WR_REG
<LI><a href="#[9b]">&gt;&gt;</a>&nbsp;&nbsp;&nbsp;TFT_WR_DATA8
</UL>

<P><STRONG><a name="[8d]"></a>SPI0_Write16</STRONG> (Thumb, 48 bytes, Stack size 16 bytes, tft_init.o(.text.SPI0_Write16))
<BR><BR>[Stack]<UL><LI>Max Depth = 40<LI>Call Chain = SPI0_Write16 &rArr; spi_i2s_data_transmit
</UL>
<BR>[Calls]<UL><LI><a href="#[8b]">&gt;&gt;</a>&nbsp;&nbsp;&nbsp;spi_i2s_flag_get
<LI><a href="#[8c]">&gt;&gt;</a>&nbsp;&nbsp;&nbsp;spi_i2s_data_transmit
</UL>
<BR>[Called By]<UL><LI><a href="#[92]">&gt;&gt;</a>&nbsp;&nbsp;&nbsp;TFT_WR_REG16
<LI><a href="#[93]">&gt;&gt;</a>&nbsp;&nbsp;&nbsp;TFT_WR_DATA16
</UL>

<P><STRONG><a name="[97]"></a>TFT_GPIO_Init</STRONG> (Thumb, 64 bytes, Stack size 24 bytes, tft_init.o(.text.TFT_GPIO_Init))
<BR><BR>[Stack]<UL><LI>Max Depth = 88<LI>Call Chain = TFT_GPIO_Init &rArr; gpio_mode_set
</UL>
<BR>[Calls]<UL><LI><a href="#[60]">&gt;&gt;</a>&nbsp;&nbsp;&nbsp;gpio_output_options_set
<LI><a href="#[51]">&gt;&gt;</a>&nbsp;&nbsp;&nbsp;gpio_mode_set
<LI><a href="#[47]">&gt;&gt;</a>&nbsp;&nbsp;&nbsp;gpio_bit_set
<LI><a href="#[3f]">&gt;&gt;</a>&nbsp;&nbsp;&nbsp;rcu_periph_clock_enable
</UL>
<BR>[Called By]<UL><LI><a href="#[98]">&gt;&gt;</a>&nbsp;&nbsp;&nbsp;TFT_Init
</UL>

<P><STRONG><a name="[bc]"></a>_fp_digits</STRONG> (Thumb, 344 bytes, Stack size 64 bytes, printfa.o(i._fp_digits), UNUSED)
<BR><BR>[Calls]<UL><LI><a href="#[30]">&gt;&gt;</a>&nbsp;&nbsp;&nbsp;__aeabi_uldivmod
<LI><a href="#[39]">&gt;&gt;</a>&nbsp;&nbsp;&nbsp;__aeabi_dmul
<LI><a href="#[3a]">&gt;&gt;</a>&nbsp;&nbsp;&nbsp;__aeabi_ddiv
<LI><a href="#[33]">&gt;&gt;</a>&nbsp;&nbsp;&nbsp;__aeabi_dadd
<LI><a href="#[3b]">&gt;&gt;</a>&nbsp;&nbsp;&nbsp;__aeabi_d2ulz
<LI><a href="#[bd]">&gt;&gt;</a>&nbsp;&nbsp;&nbsp;__aeabi_cdrcmple
</UL>
<BR>[Called By]<UL><LI><a href="#[bb]">&gt;&gt;</a>&nbsp;&nbsp;&nbsp;_printf_core
</UL>

<P><STRONG><a name="[bb]"></a>_printf_core</STRONG> (Thumb, 1754 bytes, Stack size 128 bytes, printfa.o(i._printf_core), UNUSED)
<BR><BR>[Calls]<UL><LI><a href="#[30]">&gt;&gt;</a>&nbsp;&nbsp;&nbsp;__aeabi_uldivmod
<LI><a href="#[c0]">&gt;&gt;</a>&nbsp;&nbsp;&nbsp;__aeabi_uidivmod
<LI><a href="#[be]">&gt;&gt;</a>&nbsp;&nbsp;&nbsp;_printf_pre_padding
<LI><a href="#[bf]">&gt;&gt;</a>&nbsp;&nbsp;&nbsp;_printf_post_padding
<LI><a href="#[bc]">&gt;&gt;</a>&nbsp;&nbsp;&nbsp;_fp_digits
</UL>
<BR>[Called By]<UL><LI><a href="#[ba]">&gt;&gt;</a>&nbsp;&nbsp;&nbsp;__0sprintf
</UL>

<P><STRONG><a name="[bf]"></a>_printf_post_padding</STRONG> (Thumb, 32 bytes, Stack size 24 bytes, printfa.o(i._printf_post_padding), UNUSED)
<BR><BR>[Called By]<UL><LI><a href="#[bb]">&gt;&gt;</a>&nbsp;&nbsp;&nbsp;_printf_core
</UL>

<P><STRONG><a name="[be]"></a>_printf_pre_padding</STRONG> (Thumb, 44 bytes, Stack size 40 bytes, printfa.o(i._printf_pre_padding), UNUSED)
<BR><BR>[Called By]<UL><LI><a href="#[bb]">&gt;&gt;</a>&nbsp;&nbsp;&nbsp;_printf_core
</UL>

<P><STRONG><a name="[25]"></a>_sputc</STRONG> (Thumb, 10 bytes, Stack size 0 bytes, printfa.o(i._sputc))
<BR><BR>[Called By]<UL><LI><a href="#[ba]">&gt;&gt;</a>&nbsp;&nbsp;&nbsp;__0sprintf
</UL>
<BR>[Address Reference Count : 1]<UL><LI> printfa.o(i.__0sprintf)
</UL><P>
<H3>
Undefined Global Symbols
</H3><HR></body></html>
