<html>
<body>
<pre>
<h1>µVision Build Log</h1>
<h2>Tool Versions:</h2>
IDE-Version: ¦ÌVision V5.24.2.0
Copyright (C) 2017 ARM Ltd and ARM Germany GmbH. All rights reserved.
License Information: Praymerry Lenovo, eason, LIC=CZLZX-HT466-DYQV3-A9315-VSY4R-8PYX1
 
Tool Versions:
Toolchain:       MDK-ARM Plus  Version: 5.24.1
Toolchain Path:  D:\Keil\ARM Start\ARM\ARMCLANG\Bin
C Compiler:      ArmClang.exe V6.7
Assembler:       Armasm.exe V6.7
Linker/Locator:  ArmLink.exe V6.7
Library Manager: ArmAr.exe V6.7
Hex Converter:   FromElf.exe V6.7
CPU DLL:         
Dialog DLL:      
Target DLL:      UL2V8M.DLL V1.3.3.0
Dialog DLL:      TCM.DLL V1.32.0.0
 
<h2>Project:</h2>
D:\2024710Embeded Learn\My FreeRtos\Simple-Oscilloscope-Signal-Generator-Module\Oscilloscope\Project\Oscilloscope.uvprojx
Project File Date:  08/30/2024

<h2>Output:</h2>
*** Using Compiler 'V6.7', folder: 'D:\Keil\ARM Start\ARM\ARMCLANG\Bin'
Build target 'GD32E230C8T6'
linking...
Program Size: Code=23842 RO-data=8634 RW-data=8 ZI-data=3392  
FromELF: creating hex file...
".\Objects\Oscilloscope.axf" - 0 Error(s), 0 Warning(s).

<h2>Software Packages used:</h2>

Package Vendor: ARM
                http://www.keil.com/pack/ARM.CMSIS.5.0.1.pack
                ARM.CMSIS.5.0.1
                CMSIS (Cortex Microcontroller Software Interface Standard)
   * Component: CORE Version: 5.0.1

Package Vendor: GigaDevice
                http://gd32mcu.com/data/documents/pack/GigaDevice.GD32E23x_DFP.1.1.0.pack
                GigaDevice.GD32E23x_DFP.1.1.0
                GigaDevice GD32E23x Series Device Support and Examples

<h2>Collection of Component include folders:</h2>
  .\RTE\_GD32E230C8T6
  D:\Keil\ARM Start\ARM\PACK\ARM\CMSIS\5.0.1\CMSIS\Include
  D:\Keil\ARM Start\ARM\PACK\GigaDevice\GD32E23x_DFP\1.1.0\Device\Include

<h2>Collection of Component Files used:</h2>

   * Component: ARM::CMSIS:CORE:5.0.1
Build Time Elapsed:  00:00:03
</pre>
</body>
</html>
