Component: ARM Compiler 6.7 Tool: armlink [5c9ef700]

==============================================================================

Section Cross References

    main.o(.text.DrawItem) refers to tft.o(.text.TFT_Fill) for TFT_Fill
    main.o(.text.DrawItem) refers to printfa.o(i.__0sprintf) for sprintf
    main.o(.text.DrawItem) refers to tft.o(.text.TFT_ShowString) for TFT_ShowString
    main.o(.text.DrawItem) refers to main.o(.rodata.str1.1) for .L.str
    main.o(.ARM.exidx.text.DrawItem) refers to main.o(.text.DrawItem) for [Anonymous Symbol]
    main.o(.text.OnEc11RotateMainMenu) refers to main.o(.text.DrawItem) for DrawItem
    main.o(.text.OnEc11RotateMainMenu) refers to main.o(.bss.modeSelected) for modeSelected
    main.o(.ARM.exidx.text.OnEc11RotateMainMenu) refers to main.o(.text.OnEc11RotateMainMenu) for [Anonymous Symbol]
    main.o(.text.OnEc11ClickMainMenu) refers to led.o(.text.Open_LED) for Open_LED
    main.o(.text.OnEc11ClickMainMenu) refers to main.o(.bss.isClicked) for isClicked
    main.o(.ARM.exidx.text.OnEc11ClickMainMenu) refers to main.o(.text.OnEc11ClickMainMenu) for [Anonymous Symbol]
    main.o(.text.main) refers to systick.o(.text.systick_config) for systick_config
    main.o(.text.main) refers to led.o(.text.Init_LED_GPIO) for Init_LED_GPIO
    main.o(.text.main) refers to tft_init.o(.text.TFT_Init) for TFT_Init
    main.o(.text.main) refers to tft.o(.text.TFT_Fill) for TFT_Fill
    main.o(.text.main) refers to ec11.o(.text.Init_EC11_GPIO) for Init_EC11_GPIO
    main.o(.text.main) refers to ec11.o(.text.Init_EC11_EXITGPIO) for Init_EC11_EXITGPIO
    main.o(.text.main) refers to ec11.o(.text.Set_EC11_Rotate_Handler) for Set_EC11_Rotate_Handler
    main.o(.text.main) refers to ec11.o(.text.Set_EC11_Click_Handler) for Set_EC11_Click_Handler
    main.o(.text.main) refers to led.o(.text.Close_LED) for Close_LED
    main.o(.text.main) refers to main.o(.text.DrawItem) for DrawItem
    main.o(.text.main) refers to systick.o(.text.delay_1ms) for delay_1ms
    main.o(.text.main) refers to oscilloscope.o(.text.InitOscillo) for InitOscillo
    main.o(.text.main) refers to oscilloscope.o(.text.RunOscillo) for RunOscillo
    main.o(.text.main) refers to brick.o(.text.InitGame) for InitGame
    main.o(.text.main) refers to brick.o(.text.RunGame) for RunGame
    main.o(.text.main) refers to spectrometer.o(.text.InitSpectro) for InitSpectro
    main.o(.text.main) refers to spectrometer.o(.text.RunSpectro) for RunSpectro
    main.o(.text.main) refers to tft_init.o(.data.USE_HORIZONTAL) for USE_HORIZONTAL
    main.o(.text.main) refers to main.o(.text.OnEc11RotateMainMenu) for OnEc11RotateMainMenu
    main.o(.text.main) refers to main.o(.text.OnEc11ClickMainMenu) for OnEc11ClickMainMenu
    main.o(.text.main) refers to main.o(.bss.modeSelected) for modeSelected
    main.o(.text.main) refers to main.o(.bss.isClicked) for isClicked
    main.o(.ARM.exidx.text.main) refers to main.o(.text.main) for [Anonymous Symbol]
    gd32e23x_it.o(.ARM.exidx.text.NMI_Handler) refers to gd32e23x_it.o(.text.NMI_Handler) for [Anonymous Symbol]
    gd32e23x_it.o(.ARM.exidx.text.HardFault_Handler) refers to gd32e23x_it.o(.text.HardFault_Handler) for [Anonymous Symbol]
    gd32e23x_it.o(.ARM.exidx.text.SVC_Handler) refers to gd32e23x_it.o(.text.SVC_Handler) for [Anonymous Symbol]
    gd32e23x_it.o(.ARM.exidx.text.PendSV_Handler) refers to gd32e23x_it.o(.text.PendSV_Handler) for [Anonymous Symbol]
    gd32e23x_it.o(.ARM.exidx.text.SysTick_Handler) refers to gd32e23x_it.o(.text.SysTick_Handler) for [Anonymous Symbol]
    systick.o(.text.systick_config) refers to gd32e23x_misc.o(.text.systick_clksource_set) for systick_clksource_set
    systick.o(.text.systick_config) refers to ffltui.o(.text) for __aeabi_ui2f
    systick.o(.text.systick_config) refers to fdiv.o(.text) for __aeabi_fdiv
    systick.o(.text.systick_config) refers to fmul.o(.text) for __aeabi_fmul
    systick.o(.text.systick_config) refers to system_gd32e23x.o(.data.SystemCoreClock) for SystemCoreClock
    systick.o(.text.systick_config) refers to systick.o(.bss.count_1us) for [Anonymous Symbol]
    systick.o(.text.systick_config) refers to systick.o(.bss.count_1ms) for [Anonymous Symbol]
    systick.o(.ARM.exidx.text.systick_config) refers to systick.o(.text.systick_config) for [Anonymous Symbol]
    systick.o(.text.delay_1us) refers to ffltui.o(.text) for __aeabi_ui2f
    systick.o(.text.delay_1us) refers to fmul.o(.text) for __aeabi_fmul
    systick.o(.text.delay_1us) refers to ffixui.o(.text) for __aeabi_f2uiz
    systick.o(.text.delay_1us) refers to systick.o(.bss.count_1us) for [Anonymous Symbol]
    systick.o(.ARM.exidx.text.delay_1us) refers to systick.o(.text.delay_1us) for [Anonymous Symbol]
    systick.o(.text.delay_us) refers to ffltui.o(.text) for __aeabi_ui2f
    systick.o(.text.delay_us) refers to fmul.o(.text) for __aeabi_fmul
    systick.o(.text.delay_us) refers to ffixui.o(.text) for __aeabi_f2uiz
[...]
    [Anonymous Symbol]                       0x08008c98   Section        0  gd32e23x_usart.o(.text.usart_receive_config)
    [Anonymous Symbol]                       0x08008cc0   Section        0  gd32e23x_usart.o(.text.usart_stop_bit_set)
    [Anonymous Symbol]                       0x08008cf4   Section        0  gd32e23x_usart.o(.text.usart_transmit_config)
    [Anonymous Symbol]                       0x08008d1c   Section        0  gd32e23x_usart.o(.text.usart_word_length_set)
    i.__0sprintf                             0x08008d50   Section        0  printfa.o(i.__0sprintf)
    i.__ARM_clz                              0x08008d78   Section        0  depilogue.o(i.__ARM_clz)
    i.__ARM_common_ll_muluu                  0x08008da6   Section        0  rred.o(i.__ARM_common_ll_muluu)
    i.__ARM_fpclassify                       0x08008dd8   Section        0  fpclassify.o(i.__ARM_fpclassify)
    i.__ieee754_rem_pio2                     0x08008e04   Section        0  rred.o(i.__ieee754_rem_pio2)
    i.__kernel_cos                           0x080091a0   Section        0  cos_i.o(i.__kernel_cos)
    i.__kernel_poly                          0x08009294   Section        0  poly.o(i.__kernel_poly)
    i.__kernel_sin                           0x08009340   Section        0  sin_i.o(i.__kernel_sin)
    i.__mathlib_dbl_infnan                   0x0800942c   Section        0  dunder.o(i.__mathlib_dbl_infnan)
    i.__mathlib_dbl_invalid                  0x08009436   Section        0  dunder.o(i.__mathlib_dbl_invalid)
    i.__mathlib_dbl_underflow                0x08009448   Section        0  dunder.o(i.__mathlib_dbl_underflow)
    i.__scatterload_copy                     0x0800945c   Section       14  handlers.o(i.__scatterload_copy)
    i.__scatterload_null                     0x0800946a   Section        2  handlers.o(i.__scatterload_null)
    i.__scatterload_zeroinit                 0x0800946c   Section       14  handlers.o(i.__scatterload_zeroinit)
    i.__set_errno                            0x0800947c   Section        0  errno.o(i.__set_errno)
    i._fp_digits                             0x08009488   Section        0  printfa.o(i._fp_digits)
    _fp_digits                               0x08009489   Thumb Code   344  printfa.o(i._fp_digits)
    i._printf_core                           0x080095fc   Section        0  printfa.o(i._printf_core)
    _printf_core                             0x080095fd   Thumb Code  1754  printfa.o(i._printf_core)
    i._printf_post_padding                   0x08009ce8   Section        0  printfa.o(i._printf_post_padding)
    _printf_post_padding                     0x08009ce9   Thumb Code    32  printfa.o(i._printf_post_padding)
    i._printf_pre_padding                    0x08009d08   Section        0  printfa.o(i._printf_pre_padding)
    _printf_pre_padding                      0x08009d09   Thumb Code    44  printfa.o(i._printf_pre_padding)
    i._sputc                                 0x08009d34   Section        0  printfa.o(i._sputc)
    _sputc                                   0x08009d35   Thumb Code    10  printfa.o(i._sputc)
    i.fmax                                   0x08009d40   Section        0  fmax.o(i.fmax)
    i.fmin                                   0x08009d7c   Section        0  fmin.o(i.fmin)
    i.round                                  0x08009db8   Section        0  round.o(i.round)
    i.sin                                    0x08009e54   Section        0  sin.o(i.sin)
    i.sqrt                                   0x08009ef0   Section        0  sqrt.o(i.sqrt)
    .constdata                               0x08009f38   Section       48  cos_i.o(.constdata)
    C                                        0x08009f38   Data          48  cos_i.o(.constdata)
    .constdata                               0x08009f68   Section      200  rred.o(.constdata)
    pio2s                                    0x08009f68   Data          48  rred.o(.constdata)
    twooverpi                                0x08009f98   Data         152  rred.o(.constdata)
    .constdata                               0x0800a030   Section       40  sin_i.o(.constdata)
    S                                        0x0800a030   Data          40  sin_i.o(.constdata)
    [Anonymous Symbol]                       0x0800bcd4   Section        0  gd32e23x_rcu.o(.rodata.rcu_clock_freq_get.ahb_exp)
    rcu_clock_freq_get.ahb_exp               0x0800bcd4   Data          16  gd32e23x_rcu.o(.rodata.rcu_clock_freq_get.ahb_exp)
    [Anonymous Symbol]                       0x0800bce4   Section        0  gd32e23x_rcu.o(.rodata.rcu_clock_freq_get.apb1_exp)
    rcu_clock_freq_get.apb1_exp              0x0800bce4   Data           8  gd32e23x_rcu.o(.rodata.rcu_clock_freq_get.apb1_exp)
    [Anonymous Symbol]                       0x0800bcec   Section        0  gd32e23x_rcu.o(.rodata.rcu_clock_freq_get.apb2_exp)
    rcu_clock_freq_get.apb2_exp              0x0800bcec   Data           8  gd32e23x_rcu.o(.rodata.rcu_clock_freq_get.apb2_exp)
    [Anonymous Symbol]                       0x0800bcf4   Section        0  main.o(.rodata.str1.1)
    .L.str                                   0x0800bcf4   Data          17  main.o(.rodata.str1.1)
    .L.str.1                                 0x0800bd05   Data          17  main.o(.rodata.str1.1)
    .L.str.2                                 0x0800bd16   Data          17  main.o(.rodata.str1.1)
    [Anonymous Symbol]                       0x0800bd27   Section        0  brick.o(.rodata.str1.1)
    .L.str.7                                 0x0800bd27   Data           6  brick.o(.rodata.str1.1)
    .L.str.8                                 0x0800bd2d   Data           5  brick.o(.rodata.str1.1)
    .L.str.4                                 0x0800bd32   Data           5  brick.o(.rodata.str1.1)
    .L.str.6                                 0x0800bd37   Data           5  brick.o(.rodata.str1.1)
    .L.str.10                                0x0800bd3c   Data           5  brick.o(.rodata.str1.1)
    .L.str.11                                0x0800bd41   Data           5  brick.o(.rodata.str1.1)
    .L.str.12                                0x0800bd46   Data           5  brick.o(.rodata.str1.1)
    .L.str.13                                0x0800bd4b   Data           5  brick.o(.rodata.str1.1)
    .L.str.3                                 0x0800bd50   Data           5  brick.o(.rodata.str1.1)
    .L.str.1                                 0x0800bd55   Data           6  brick.o(.rodata.str1.1)
    .L.str.9                                 0x0800bd5b   Data           5  brick.o(.rodata.str1.1)
    .L.str.14                                0x0800bd60   Data           5  brick.o(.rodata.str1.1)
    .L.str                                   0x0800bd65   Data           5  brick.o(.rodata.str1.1)
    .L.str.5                                 0x0800bd6a   Data           5  brick.o(.rodata.str1.1)
    .L.str.2                                 0x0800bd6f   Data           5  brick.o(.rodata.str1.1)
    [Anonymous Symbol]                       0x0800bd74   Section        0  oscilloscope.o(.rodata.str1.1)
    .L.str.5                                 0x0800bd74   Data           9  oscilloscope.o(.rodata.str1.1)
    .L.str.3                                 0x0800bd76   Data           7  oscilloscope.o(.rodata.str1.1)
    .L.str.16                                0x0800bd7d   Data          10  oscilloscope.o(.rodata.str1.1)
    .L.str.1                                 0x0800bd87   Data           7  oscilloscope.o(.rodata.str1.1)
    .L.str.9                                 0x0800bd8e   Data           8  oscilloscope.o(.rodata.str1.1)
    .L.str.11                                0x0800bd96   Data           9  oscilloscope.o(.rodata.str1.1)
    .L.str.14                                0x0800bd9f   Data           7  oscilloscope.o(.rodata.str1.1)
    .L.str.10                                0x0800bda6   Data           9  oscilloscope.o(.rodata.str1.1)
    .L.str.15                                0x0800bdaf   Data           7  oscilloscope.o(.rodata.str1.1)
    .L.str.12                                0x0800bdb6   Data           5  oscilloscope.o(.rodata.str1.1)
    .L.str.2                                 0x0800bdbb   Data           9  oscilloscope.o(.rodata.str1.1)
    .L.str.7                                 0x0800bdc4   Data           9  oscilloscope.o(.rodata.str1.1)
    .L.str.6                                 0x0800bdcd   Data           7  oscilloscope.o(.rodata.str1.1)
    .L.str.8                                 0x0800bdd4   Data           9  oscilloscope.o(.rodata.str1.1)
    .L.str.4                                 0x0800bddd   Data           9  oscilloscope.o(.rodata.str1.1)
    .L.str.13                                0x0800bde6   Data           5  oscilloscope.o(.rodata.str1.1)
    .L.str                                   0x0800bdeb   Data          11  oscilloscope.o(.rodata.str1.1)
    [Anonymous Symbol]                       0x0800bdf6   Section        0  spectrometer.o(.rodata.str1.1)
    .L.str                                   0x0800bdf6   Data          21  spectrometer.o(.rodata.str1.1)
    .data                                    0x20000000   Section        4  errno.o(.data)
    _errno                                   0x20000000   Data           4  errno.o(.data)
    [Anonymous Symbol]                       0x20000018   Section        0  tft.o(.data.firstPoint)
    firstPoint                               0x20000018   Data           1  tft.o(.data.firstPoint)
    [Anonymous Symbol]                       0x20000418   Section        0  systick.o(.bss.count_1ms)
    count_1ms                                0x20000418   Data           4  systick.o(.bss.count_1ms)
    [Anonymous Symbol]                       0x2000041c   Section        0  systick.o(.bss.count_1us)
    count_1us                                0x2000041c   Data           4  systick.o(.bss.count_1us)
    [Anonymous Symbol]                       0x2000086c   Section        0  tft.o(.bss.lastX)
    lastX                                    0x2000086c   Data           2  tft.o(.bss.lastX)
    [Anonymous Symbol]                       0x2000086e   Section        0  tft.o(.bss.lastY)
    lastY                                    0x2000086e   Data           2  tft.o(.bss.lastY)
    [Anonymous Symbol]                       0x20000dc8   Section        0  usart.o(.bss.receive_flag)
    receive_flag                             0x20000dc8   Data           1  usart.o(.bss.receive_flag)
    [Anonymous Symbol]                       0x20000dc9   Section        0  usart.o(.bss.rx_count)
    rx_count                                 0x20000dc9   Data           1  usart.o(.bss.rx_count)
    STACK                                    0x20000dd8   Section     1024  startup_gd32e23x.o(STACK)

    Global Symbols

    Symbol Name                              Value     Ov Type        Size  Object(Section)

    BuildAttributes$$THM_ISAv3M$S$8M$PE$A:L22$X:L11$S22$IEEE1$IW$~IW$USESV6$~STKCKD$USESV7$~SHL$OTIME$ROPI$IEEEX$EBA8$MICROLIB$REQ8$PRES8$EABIv2 0x00000000   Number         0  anon$$obj.o ABSOLUTE
    __cpp_initialize__aeabi_                  - Undefined Weak Reference
    __cxa_finalize                            - Undefined Weak Reference
    __decompress                              - Undefined Weak Reference
    _clock_init                               - Undefined Weak Reference
    _microlib_exit                            - Undefined Weak Reference
    __Vectors_Size                           0x000000cc   Number         0  startup_gd32e23x.o ABSOLUTE
    __Vectors                                0x08000000   Data           4  startup_gd32e23x.o(RESET)
    __Vectors_End                            0x080000cc   Data           0  startup_gd32e23x.o(RESET)
    __main                                   0x080000cd   Thumb Code     0  entry.o(.ARM.Collect$$$$00000000)
    _main_stk                                0x080000cd   Thumb Code     0  entry2.o(.ARM.Collect$$$$00000001)
    _main_scatterload                        0x080000d1   Thumb Code     0  entry5.o(.ARM.Collect$$$$00000004)
    __main_after_scatterload                 0x080000d5   Thumb Code     0  entry5.o(.ARM.Collect$$$$00000004)
    _main_clock                              0x080000d5   Thumb Code     0  entry7b.o(.ARM.Collect$$$$00000008)
    _main_cpp_init                           0x080000d5   Thumb Code     0  entry8b.o(.ARM.Collect$$$$0000000A)
    _main_init                               0x080000d5   Thumb Code     0  entry9a.o(.ARM.Collect$$$$0000000B)
    __rt_final_cpp                           0x080000dd   Thumb Code     0  entry10a.o(.ARM.Collect$$$$0000000D)
    __rt_final_exit                          0x080000dd   Thumb Code     0  entry11a.o(.ARM.Collect$$$$0000000F)
    Reset_Handler                            0x080000e1   Thumb Code     8  startup_gd32e23x.o(.text)
    ADC_CMP_IRQHandler                       0x080000f3   Thumb Code     0  startup_gd32e23x.o(.text)
    DMA_Channel1_2_IRQHandler                0x080000f3   Thumb Code     0  startup_gd32e23x.o(.text)
    DMA_Channel3_4_IRQHandler                0x080000f3   Thumb Code     0  startup_gd32e23x.o(.text)
    EXTI0_1_IRQHandler                       0x080000f3   Thumb Code     0  startup_gd32e23x.o(.text)
    EXTI2_3_IRQHandler                       0x080000f3   Thumb Code     0  startup_gd32e23x.o(.text)
    FMC_IRQHandler                           0x080000f3   Thumb Code     0  startup_gd32e23x.o(.text)
    I2C0_ER_IRQHandler                       0x080000f3   Thumb Code     0  startup_gd32e23x.o(.text)
    I2C0_EV_IRQHandler                       0x080000f3   Thumb Code     0  startup_gd32e23x.o(.text)
    I2C1_ER_IRQHandler                       0x080000f3   Thumb Code     0  startup_gd32e23x.o(.text)
    I2C1_EV_IRQHandler                       0x080000f3   Thumb Code     0  startup_gd32e23x.o(.text)
    LVD_IRQHandler                           0x080000f3   Thumb Code     0  startup_gd32e23x.o(.text)
    RCU_IRQHandler                           0x080000f3   Thumb Code     0  startup_gd32e23x.o(.text)
    RTC_IRQHandler                           0x080000f3   Thumb Code     0  startup_gd32e23x.o(.text)
    SPI0_IRQHandler                          0x080000f3   Thumb Code     0  startup_gd32e23x.o(.text)
    SPI1_IRQHandler                          0x080000f3   Thumb Code     0  startup_gd32e23x.o(.text)
    TIMER0_BRK_UP_TRG_COM_IRQHandler         0x080000f3   Thumb Code     0  startup_gd32e23x.o(.text)
    TIMER0_Channel_IRQHandler                0x080000f3   Thumb Code     0  startup_gd32e23x.o(.text)
    TIMER13_IRQHandler                       0x080000f3   Thumb Code     0  startup_gd32e23x.o(.text)
    TIMER14_IRQHandler                       0x080000f3   Thumb Code     0  startup_gd32e23x.o(.text)
    TIMER15_IRQHandler                       0x080000f3   Thumb Code     0  startup_gd32e23x.o(.text)
    TIMER16_IRQHandler                       0x080000f3   Thumb Code     0  startup_gd32e23x.o(.text)
    TIMER5_IRQHandler                        0x080000f3   Thumb Code     0  startup_gd32e23x.o(.text)
    USART1_IRQHandler                        0x080000f3   Thumb Code     0  startup_gd32e23x.o(.text)
    WWDGT_IRQHandler                         0x080000f3   Thumb Code     0  startup_gd32e23x.o(.text)
    __aeabi_fadd                             0x080000fd   Thumb Code   162  fadd.o(.text)
    __aeabi_fsub                             0x0800019f   Thumb Code     8  fadd.o(.text)
    __aeabi_frsub                            0x080001a7   Thumb Code     8  fadd.o(.text)
    __aeabi_fmul                             0x080001af   Thumb Code   122  fmul.o(.text)
    __aeabi_fdiv                             0x08000229   Thumb Code   124  fdiv.o(.text)
    __aeabi_dadd                             0x080002a5   Thumb Code   328  dadd.o(.text)
    __aeabi_dsub                             0x080003ed   Thumb Code    12  dadd.o(.text)
    __aeabi_drsub                            0x080003f9   Thumb Code    12  dadd.o(.text)
    __aeabi_dmul                             0x08000409   Thumb Code   202  dmul.o(.text)
    __aeabi_ddiv                             0x080004d9   Thumb Code   234  ddiv.o(.text)
    __aeabi_fcmple                           0x080005c9   Thumb Code    28  fcmple.o(.text)
    __aeabi_fcmplt                           0x080005e5   Thumb Code    28  fcmplt.o(.text)
    __aeabi_fcmpge                           0x08000601   Thumb Code    28  fcmpge.o(.text)
    __aeabi_dcmple                           0x0800061d   Thumb Code    44  dcmple.o(.text)
    __aeabi_dcmpge                           0x08000649   Thumb Code    44  dcmpge.o(.text)
    __aeabi_dcmpgt                           0x08000675   Thumb Code    44  dcmpgt.o(.text)
    __aeabi_i2f                              0x080006a1   Thumb Code    22  fflti.o(.text)
    __aeabi_ui2f                             0x080006b7   Thumb Code    14  ffltui.o(.text)
    __aeabi_i2d                              0x080006c5   Thumb Code    34  dflti.o(.text)
    __aeabi_f2iz                             0x080006ed   Thumb Code    50  ffixi.o(.text)
    __aeabi_f2uiz                            0x0800071f   Thumb Code    40  ffixui.o(.text)
    __aeabi_d2iz                             0x08000749   Thumb Code    62  dfixi.o(.text)
    __aeabi_d2uiz                            0x08000791   Thumb Code    50  dfixui.o(.text)
    __aeabi_f2d                              0x080007cd   Thumb Code    40  f2d.o(.text)
    __aeabi_d2f                              0x080007f5   Thumb Code    56  d2f.o(.text)
    __aeabi_uidiv                            0x0800082d   Thumb Code     0  uidiv.o(.text)
    __aeabi_uidivmod                         0x0800082d   Thumb Code    44  uidiv.o(.text)
    __aeabi_uldivmod                         0x08000859   Thumb Code    96  uldiv.o(.text)
    __aeabi_llsl                             0x080008b9   Thumb Code    32  llshl.o(.text)
    _ll_shift_l                              0x080008b9   Thumb Code     0  llshl.o(.text)
    __aeabi_llsr                             0x080008d9   Thumb Code    34  llushr.o(.text)
    _ll_ushift_r                             0x080008d9   Thumb Code     0  llushr.o(.text)
    __aeabi_lasr                             0x080008fb   Thumb Code    38  llsshr.o(.text)
    _ll_sshift_r                             0x080008fb   Thumb Code     0  llsshr.o(.text)
    __I$use$fp                               0x08000921   Thumb Code     0  iusefp.o(.text)
    _float_round                             0x08000921   Thumb Code    16  fepilogue.o(.text)
    _float_epilogue                          0x08000931   Thumb Code   114  fepilogue.o(.text)
    _double_round                            0x080009a3   Thumb Code    26  depilogue.o(.text)
    _double_epilogue                         0x080009bd   Thumb Code   164  depilogue.o(.text)
    _dsqrt                                   0x08000a61   Thumb Code   162  dsqrt.o(.text)
    _drnd                                    0x08000b05   Thumb Code   114  drnd.o(.text)
    __aeabi_d2ulz                            0x08000b81   Thumb Code    54  dfixul.o(.text)
    __aeabi_cdcmpeq                          0x08000bc1   Thumb Code     0  cdcmple.o(.text)
    __aeabi_cdcmple                          0x08000bc1   Thumb Code    38  cdcmple.o(.text)
    __aeabi_cdrcmple                         0x08000be9   Thumb Code    38  cdrcmple.o(.text)
    __ARM_dcmp4                              0x08000c11   Thumb Code    84  dcmp4.o(.text)
    _dcmp4                                   0x08000c11   Thumb Code     0  dcmp4.o(.text)
    __scatterload                            0x08000c6d   Thumb Code    28  init.o(.text)
    __scatterload_rt2                        0x08000c6d   Thumb Code     0  init.o(.text)
    __ARM_scalbn                             0x08000c91   Thumb Code    44  dscalb.o(.text)
    scalbn                                   0x08000c91   Thumb Code     0  dscalb.o(.text)
    __aeabi_ui2d                             0x08000cbd   Thumb Code    24  dfltui.o(.text)
    ADC_DMA_Init                             0x08000cd9   Thumb Code   116  adc.o(.text.ADC_DMA_Init)
    ChangeSeat                               0x08000d4d   Thumb Code   184  fft.o(.text.ChangeSeat)
    ClearAllBricks                           0x08000e05   Thumb Code    28  brick.o(.text.ClearAllBricks)
    Close_LED                                0x08000e21   Thumb Code    64  led.o(.text.Close_LED)
    Cos_find                                 0x08000e61   Thumb Code   128  fft.o(.text.Cos_find)
    DMA_Channel0_IRQHandler                  0x08000ee1   Thumb Code    72  adc.o(.text.DMA_Channel0_IRQHandler)
    DrawBall                                 0x08000f29   Thumb Code   376  brick.o(.text.DrawBall)
    DrawBar                                  0x0800109d   Thumb Code   200  brick.o(.text.DrawBar)
    DrawItem                                 0x08001161   Thumb Code   300  main.o(.text.DrawItem)
    DrawLevelRtBricks                        0x08001289   Thumb Code    96  brick.o(.text.DrawLevelRtBricks)
    DrawUI                                   0x080012e9   Thumb Code   800  brick.o(.text.DrawUI)
    DrawWall                                 0x08001609   Thumb Code    84  brick.o(.text.DrawWall)
    Draw_Curve                               0x0800165d   Thumb Code   276  tft.o(.text.Draw_Curve)
    EXTI4_15_IRQHandler                      0x08001771   Thumb Code   528  ec11.o(.text.EXTI4_15_IRQHandler)
    FFT                                      0x08001981   Thumb Code   504  fft.o(.text.FFT)
    Get_ADC_Value                            0x08001b79   Thumb Code    68  adc.o(.text.Get_ADC_Value)
    HardFault_Handler                        0x08001bbd   Thumb Code     4  gd32e23x_it.o(.text.HardFault_Handler)
    InitData                                 0x08001bc1   Thumb Code   164  brick.o(.text.InitData)
    InitGame                                 0x08001c65   Thumb Code   124  brick.o(.text.InitGame)
    InitOscillo                              0x08001ce1   Thumb Code   156  oscilloscope.o(.text.InitOscillo)
    InitSpectro                              0x08001d7d   Thumb Code   136  spectrometer.o(.text.InitSpectro)
    Init_ADC                                 0x08001e05   Thumb Code   156  adc.o(.text.Init_ADC)
    Init_EC11_EXITGPIO                       0x08001e9d   Thumb Code    88  ec11.o(.text.Init_EC11_EXITGPIO)
    Init_EC11_GPIO                           0x08001eed   Thumb Code    92  ec11.o(.text.Init_EC11_GPIO)
    Init_FFT                                 0x08001f41   Thumb Code    88  fft.o(.text.Init_FFT)
    Init_FreqTimer                           0x08001f99   Thumb Code   200  freq.o(.text.Init_FreqTimer)
    Init_Key_GPIO                            0x08002061   Thumb Code   136  key.o(.text.Init_Key_GPIO)
    Init_LED_GPIO                            0x080020e9   Thumb Code   108  led.o(.text.Init_LED_GPIO)
    Init_Oscilloscope                        0x08002155   Thumb Code    62  oscilloscope.o(.text.Init_Oscilloscope)
    Init_PWM_Output                          0x08002195   Thumb Code   232  timer.o(.text.Init_PWM_Output)
    Init_SPI0_GPIO16                         0x08002301   Thumb Code   148  tft_init.o(.text.Init_SPI0_GPIO16)
    Init_Spector_ADC_Timer                   0x08002395   Thumb Code   176  adc.o(.text.Init_Spector_ADC_Timer)
    Init_Spectro_ADC                         0x08002445   Thumb Code   148  adc.o(.text.Init_Spectro_ADC)
    Init_Spectro_ADC_DMA                     0x080024d9   Thumb Code   112  adc.o(.text.Init_Spectro_ADC_DMA)
    Init_USART                               0x08002549   Thumb Code   248  usart.o(.text.Init_USART)
    Key_Handle                               0x08002641   Thumb Code   572  oscilloscope.o(.text.Key_Handle)
    LoadLevel                                0x0800287d   Thumb Code    80  brick.o(.text.LoadLevel)
    NMI_Handler                              0x080028c9   Thumb Code     2  gd32e23x_it.o(.text.NMI_Handler)
    OnDMAInt                                 0x080028cd   Thumb Code    12  oscilloscope.o(.text.OnDMAInt)
    OnDMAIntSpectro                          0x080028d5   Thumb Code    24  spectrometer.o(.text.OnDMAIntSpectro)
    OnEc11ClickBrick                         0x080028ed   Thumb Code    16  brick.o(.text.OnEc11ClickBrick)
    OnEc11ClickMainMenu                      0x080028f9   Thumb Code    20  main.o(.text.OnEc11ClickMainMenu)
    OnEc11ClickOscillo                       0x0800290d   Thumb Code    12  oscilloscope.o(.text.OnEc11ClickOscillo)
    OnEc11RotateBrick                        0x08002915   Thumb Code    64  brick.o(.text.OnEc11RotateBrick)
    OnEc11RotateMainMenu                     0x08002951   Thumb Code    48  main.o(.text.OnEc11RotateMainMenu)
    OnEc11RotateOscillo                      0x08002981   Thumb Code    40  oscilloscope.o(.text.OnEc11RotateOscillo)
    OnEc11RotateSpectroHandler               0x080029a5   Thumb Code   160  spectrometer.o(.text.OnEc11RotateSpectroHandler)
    OnKey1Click                              0x08002a45   Thumb Code    12  oscilloscope.o(.text.OnKey1Click)
    OnKey1ClickBrick                         0x08002a4d   Thumb Code    32  brick.o(.text.OnKey1ClickBrick)
    OnKey2Click                              0x08002a69   Thumb Code    12  oscilloscope.o(.text.OnKey2Click)
    OnKey3Click                              0x08002a71   Thumb Code    12  oscilloscope.o(.text.OnKey3Click)
    Open_LED                                 0x08002a7d   Thumb Code    64  led.o(.text.Open_LED)
    PendSV_Handler                           0x08002abd   Thumb Code     2  gd32e23x_it.o(.text.PendSV_Handler)
    RunGame                                  0x08002ac1   Thumb Code   404  brick.o(.text.RunGame)
    RunOscillo                               0x08002c55   Thumb Code   608  oscilloscope.o(.text.RunOscillo)
    RunSpectro                               0x08002eb5   Thumb Code   844  spectrometer.o(.text.RunSpectro)
    SVC_Handler                              0x0800325d   Thumb Code     2  gd32e23x_it.o(.text.SVC_Handler)
    Set_DMA_Int_Handler                      0x08003261   Thumb Code    24  adc.o(.text.Set_DMA_Int_Handler)
    Set_EC11_Click_Handler                   0x08003279   Thumb Code    24  ec11.o(.text.Set_EC11_Click_Handler)
    Set_EC11_Rotate_Handler                  0x08003291   Thumb Code    24  ec11.o(.text.Set_EC11_Rotate_Handler)
    Set_Key1_Click_Handler                   0x080032a9   Thumb Code    24  ec11.o(.text.Set_Key1_Click_Handler)
    Set_Key2_Click_Handler                   0x080032c1   Thumb Code    24  ec11.o(.text.Set_Key2_Click_Handler)
    Set_Key3_Click_Handler                   0x080032d9   Thumb Code    24  ec11.o(.text.Set_Key3_Click_Handler)
    Set_Output_Freq                          0x080032f1   Thumb Code    36  timer.o(.text.Set_Output_Freq)
    Set_Output_PWMComparex                   0x08003311   Thumb Code    32  timer.o(.text.Set_Output_PWMComparex)
    Sin_find                                 0x08003331   Thumb Code    88  fft.o(.text.Sin_find)
    SysTick_Handler                          0x08003389   Thumb Code     2  gd32e23x_it.o(.text.SysTick_Handler)
    SystemInit                               0x0800338d   Thumb Code   252  system_gd32e23x.o(.text.SystemInit)
    TFT_Address_Set16                        0x08003489   Thumb Code   300  tft_init.o(.text.TFT_Address_Set16)
    TFT_DrawLine                             0x080035b5   Thumb Code   338  tft.o(.text.TFT_DrawLine)
    TFT_DrawPoint                            0x08003707   Thumb Code    60  tft.o(.text.TFT_DrawPoint)
    TFT_Fill                                 0x08003743   Thumb Code   174  tft.o(.text.TFT_Fill)
    TFT_Init                                 0x0800382d   Thumb Code   616  tft_init.o(.text.TFT_Init)
    TFT_ShowChar                             0x08003a95   Thumb Code   532  tft.o(.text.TFT_ShowChar)
    TFT_ShowChinese                          0x08003ca9   Thumb Code   254  tft.o(.text.TFT_ShowChinese)
    TFT_ShowChinese12x12                     0x08003da9   Thumb Code   536  tft.o(.text.TFT_ShowChinese12x12)
    TFT_ShowChinese16x16                     0x08003fc1   Thumb Code   536  tft.o(.text.TFT_ShowChinese16x16)
    TFT_ShowChinese24x24                     0x080041d9   Thumb Code   536  tft.o(.text.TFT_ShowChinese24x24)
    TFT_ShowString                           0x080043f1   Thumb Code   160  tft.o(.text.TFT_ShowString)
    TFT_ShowUI                               0x08004491   Thumb Code   724  oscilloscope.o(.text.TFT_ShowUI)
    TFT_SpectroStaticUI                      0x08004765   Thumb Code    96  spectrometer.o(.text.TFT_SpectroStaticUI)
    TFT_StaticUI                             0x080047c5   Thumb Code   840  oscilloscope.o(.text.TFT_StaticUI)
    TFT_WR_DATA16                            0x08004b0d   Thumb Code    52  tft_init.o(.text.TFT_WR_DATA16)
    TFT_WR_DATA8                             0x08004b3d   Thumb Code    52  tft_init.o(.text.TFT_WR_DATA8)
    TFT_WR_REG                               0x08004b6d   Thumb Code    76  tft_init.o(.text.TFT_WR_REG)
    TFT_WR_REG16                             0x08004bb5   Thumb Code    76  tft_init.o(.text.TFT_WR_REG16)
    TIMER2_IRQHandler                        0x08004c01   Thumb Code   248  freq.o(.text.TIMER2_IRQHandler)
    USART0_IRQHandler                        0x08004cf9   Thumb Code    96  usart.o(.text.USART0_IRQHandler)
    UpdateBreakBricks                        0x08004d59   Thumb Code   128  brick.o(.text.UpdateBreakBricks)
    adc_calibration_enable                   0x08004ea5   Thumb Code    60  gd32e23x_adc.o(.text.adc_calibration_enable)
    adc_channel_length_config                0x08004edd   Thumb Code   116  gd32e23x_adc.o(.text.adc_channel_length_config)
    adc_data_alignment_config                0x08004f4d   Thumb Code    52  gd32e23x_adc.o(.text.adc_data_alignment_config)
    adc_dma_mode_enable                      0x08004f7d   Thumb Code    20  gd32e23x_adc.o(.text.adc_dma_mode_enable)
    adc_enable                               0x08004f8d   Thumb Code    32  gd32e23x_adc.o(.text.adc_enable)
    adc_external_trigger_config              0x08004fa9   Thumb Code   144  gd32e23x_adc.o(.text.adc_external_trigger_config)
    adc_external_trigger_source_config       0x08005035   Thumb Code    92  gd32e23x_adc.o(.text.adc_external_trigger_source_config)
    adc_regular_channel_config               0x0800508d   Thumb Code   356  gd32e23x_adc.o(.text.adc_regular_channel_config)
    adc_software_trigger_enable              0x080051f1   Thumb Code    68  gd32e23x_adc.o(.text.adc_software_trigger_enable)
    adc_special_function_config              0x08005235   Thumb Code   180  gd32e23x_adc.o(.text.adc_special_function_config)
    clearOneBrick                            0x080052e9   Thumb Code    82  brick.o(.text.clearOneBrick)
    computeBallMotion                        0x0800533d   Thumb Code  4036  brick.o(.text.computeBallMotion)
    computeBarMotion                         0x080062fd   Thumb Code   268  brick.o(.text.computeBarMotion)
    delay_1ms                                0x08006409   Thumb Code   136  systick.o(.text.delay_1ms)
    dma_channel_disable                      0x08006491   Thumb Code    36  gd32e23x_dma.o(.text.dma_channel_disable)
    dma_channel_enable                       0x080064b1   Thumb Code    36  gd32e23x_dma.o(.text.dma_channel_enable)
    dma_circulation_enable                   0x080064d1   Thumb Code    36  gd32e23x_dma.o(.text.dma_circulation_enable)
    dma_deinit                               0x080064f1   Thumb Code   108  gd32e23x_dma.o(.text.dma_deinit)
    dma_init                                 0x08006549   Thumb Code   292  gd32e23x_dma.o(.text.dma_init)
    dma_interrupt_enable                     0x08006665   Thumb Code    44  gd32e23x_dma.o(.text.dma_interrupt_enable)
    dma_interrupt_flag_clear                 0x0800668d   Thumb Code    44  gd32e23x_dma.o(.text.dma_interrupt_flag_clear)
    dma_interrupt_flag_get                   0x080066b9   Thumb Code   208  gd32e23x_dma.o(.text.dma_interrupt_flag_get)
    dma_transfer_number_config               0x08006789   Thumb Code    40  gd32e23x_dma.o(.text.dma_transfer_number_config)
    dma_transfer_number_get                  0x080067ad   Thumb Code    28  gd32e23x_dma.o(.text.dma_transfer_number_get)
    drawOneBrick                             0x080067c9   Thumb Code    84  brick.o(.text.drawOneBrick)
    exti_init                                0x0800681d   Thumb Code   240  gd32e23x_exti.o(.text.exti_init)
    exti_interrupt_enable                    0x08006909   Thumb Code    28  gd32e23x_exti.o(.text.exti_interrupt_enable)
    exti_interrupt_flag_clear                0x08006925   Thumb Code    24  gd32e23x_exti.o(.text.exti_interrupt_flag_clear)
    exti_interrupt_flag_get                  0x08006939   Thumb Code    48  gd32e23x_exti.o(.text.exti_interrupt_flag_get)
    gameResetKey                             0x08006969   Thumb Code    12  brick.o(.text.gameResetKey)
    gpio_af_set                              0x08006971   Thumb Code   210  gd32e23x_gpio.o(.text.gpio_af_set)
    gpio_bit_reset                           0x08006a43   Thumb Code    24  gd32e23x_gpio.o(.text.gpio_bit_reset)
    gpio_bit_set                             0x08006a5b   Thumb Code    24  gd32e23x_gpio.o(.text.gpio_bit_set)
    gpio_input_bit_get                       0x08006a73   Thumb Code    50  gd32e23x_gpio.o(.text.gpio_input_bit_get)
    gpio_mode_set                            0x08006aa5   Thumb Code   162  gd32e23x_gpio.o(.text.gpio_mode_set)
    gpio_output_options_set                  0x08006b47   Thumb Code   156  gd32e23x_gpio.o(.text.gpio_output_options_set)
    handleKeyInClear                         0x08006be5   Thumb Code   152  brick.o(.text.handleKeyInClear)
    handleKeyInFail                          0x08006c61   Thumb Code   152  brick.o(.text.handleKeyInFail)
    handleKeyInLose                          0x08006ce1   Thumb Code   116  brick.o(.text.handleKeyInLose)
    handleKeyInPause                         0x08006d3d   Thumb Code    32  brick.o(.text.handleKeyInPause)
    handleKeyInReady                         0x08006d59   Thumb Code    32  brick.o(.text.handleKeyInReady)
    handleKeyInRun                           0x08006d75   Thumb Code    32  brick.o(.text.handleKeyInRun)
    handleKeyInWin                           0x08006d91   Thumb Code   144  brick.o(.text.handleKeyInWin)
    main                                     0x08006e1d   Thumb Code   208  main.o(.text.main)
    moveBallWithBar                          0x08006eed   Thumb Code    88  brick.o(.text.moveBallWithBar)
    nvic_irq_enable                          0x08006f45   Thumb Code    46  gd32e23x_misc.o(.text.nvic_irq_enable)
    nvic_vector_table_set                    0x08006f75   Thumb Code    48  gd32e23x_misc.o(.text.nvic_vector_table_set)
    rcu_adc_clock_config                     0x08006fa5   Thumb Code   400  gd32e23x_rcu.o(.text.rcu_adc_clock_config)
    rcu_clock_freq_get                       0x08007135   Thumb Code   764  gd32e23x_rcu.o(.text.rcu_clock_freq_get)
    rcu_periph_clock_enable                  0x08007431   Thumb Code    44  gd32e23x_rcu.o(.text.rcu_periph_clock_enable)
    rcu_periph_reset_disable                 0x08007459   Thumb Code    44  gd32e23x_rcu.o(.text.rcu_periph_reset_disable)
    rcu_periph_reset_enable                  0x08007481   Thumb Code    44  gd32e23x_rcu.o(.text.rcu_periph_reset_enable)
    refresDisplay                            0x080074ad   Thumb Code    20  brick.o(.text.refresDisplay)
    segmentCross                             0x080074c1   Thumb Code  1326  brick.o(.text.segmentCross)
    spi_enable                               0x080079ef   Thumb Code    22  gd32e23x_spi.o(.text.spi_enable)
    spi_i2s_data_transmit                    0x08007a05   Thumb Code    92  gd32e23x_spi.o(.text.spi_i2s_data_transmit)
    spi_i2s_deinit                           0x08007a5d   Thumb Code    84  gd32e23x_spi.o(.text.spi_i2s_deinit)
    spi_i2s_flag_get                         0x08007aa9   Thumb Code   144  gd32e23x_spi.o(.text.spi_i2s_flag_get)
    spi_init                                 0x08007b39   Thumb Code   320  gd32e23x_spi.o(.text.spi_init)
    spi_struct_para_init                     0x08007c79   Thumb Code    46  gd32e23x_spi.o(.text.spi_struct_para_init)
    syscfg_exti_line_config                  0x08007ca9   Thumb Code   188  gd32e23x_syscfg.o(.text.syscfg_exti_line_config)
    systick_clksource_set                    0x08007e55   Thumb Code    48  gd32e23x_misc.o(.text.systick_clksource_set)
    systick_config                           0x08007e85   Thumb Code    64  systick.o(.text.systick_config)
    timer_auto_reload_shadow_enable          0x08007ec5   Thumb Code    22  gd32e23x_timer.o(.text.timer_auto_reload_shadow_enable)
    timer_autoreload_value_config            0x08007edb   Thumb Code    26  gd32e23x_timer.o(.text.timer_autoreload_value_config)
    timer_channel_capture_value_register_read 0x08007ef5   Thumb Code    96  gd32e23x_timer.o(.text.timer_channel_capture_value_register_read)
    timer_channel_input_capture_prescaler_config 0x08007f55   Thumb Code   170  gd32e23x_timer.o(.text.timer_channel_input_capture_prescaler_config)
    timer_channel_input_struct_para_init     0x08007fff   Thumb Code    32  gd32e23x_timer.o(.text.timer_channel_input_struct_para_init)
    timer_channel_output_config              0x08008021   Thumb Code   768  gd32e23x_timer.o(.text.timer_channel_output_config)
    timer_channel_output_mode_config         0x08008321   Thumb Code   170  gd32e23x_timer.o(.text.timer_channel_output_mode_config)
    timer_channel_output_pulse_value_config  0x080083cd   Thumb Code    98  gd32e23x_timer.o(.text.timer_channel_output_pulse_value_config)
    timer_channel_output_shadow_config       0x08008431   Thumb Code   170  gd32e23x_timer.o(.text.timer_channel_output_shadow_config)
    timer_channel_output_struct_para_init    0x080084db   Thumb Code    38  gd32e23x_timer.o(.text.timer_channel_output_struct_para_init)
    timer_deinit                             0x08008501   Thumb Code   252  gd32e23x_timer.o(.text.timer_deinit)
    timer_disable                            0x080085e9   Thumb Code    22  gd32e23x_timer.o(.text.timer_disable)
    timer_enable                             0x080085ff   Thumb Code    22  gd32e23x_timer.o(.text.timer_enable)
    timer_init                               0x08008615   Thumb Code   260  gd32e23x_timer.o(.text.timer_init)
    timer_input_capture_config               0x08008719   Thumb Code   458  gd32e23x_timer.o(.text.timer_input_capture_config)
    timer_interrupt_enable                   0x080088e3   Thumb Code    30  gd32e23x_timer.o(.text.timer_interrupt_enable)
    timer_interrupt_flag_clear               0x08008901   Thumb Code    26  gd32e23x_timer.o(.text.timer_interrupt_flag_clear)
    timer_interrupt_flag_get                 0x0800891b   Thumb Code    68  gd32e23x_timer.o(.text.timer_interrupt_flag_get)
    timer_primary_output_config              0x0800895f   Thumb Code    56  gd32e23x_timer.o(.text.timer_primary_output_config)
    timer_struct_para_init                   0x08008999   Thumb Code    44  gd32e23x_timer.o(.text.timer_struct_para_init)
    usart_baudrate_set                       0x080089c5   Thumb Code   192  gd32e23x_usart.o(.text.usart_baudrate_set)
    usart_deinit                             0x08008a7d   Thumb Code    88  gd32e23x_usart.o(.text.usart_deinit)
    usart_dma_receive_config                 0x08008ad5   Thumb Code    40  gd32e23x_usart.o(.text.usart_dma_receive_config)
    usart_enable                             0x08008afd   Thumb Code    22  gd32e23x_usart.o(.text.usart_enable)
    usart_flag_clear                         0x08008b13   Thumb Code    40  gd32e23x_usart.o(.text.usart_flag_clear)
    usart_flag_get                           0x08008b3b   Thumb Code    66  gd32e23x_usart.o(.text.usart_flag_get)
    usart_interrupt_enable                   0x08008b7d   Thumb Code    44  gd32e23x_usart.o(.text.usart_interrupt_enable)
    usart_interrupt_flag_clear               0x08008ba9   Thumb Code    72  gd32e23x_usart.o(.text.usart_interrupt_flag_clear)
    usart_interrupt_flag_get                 0x08008bf1   Thumb Code   116  gd32e23x_usart.o(.text.usart_interrupt_flag_get)
    usart_parity_config                      0x08008c65   Thumb Code    52  gd32e23x_usart.o(.text.usart_parity_config)
    usart_receive_config                     0x08008c99   Thumb Code    40  gd32e23x_usart.o(.text.usart_receive_config)
    usart_stop_bit_set                       0x08008cc1   Thumb Code    52  gd32e23x_usart.o(.text.usart_stop_bit_set)
    usart_transmit_config                    0x08008cf5   Thumb Code    40  gd32e23x_usart.o(.text.usart_transmit_config)
    usart_word_length_set                    0x08008d1d   Thumb Code    52  gd32e23x_usart.o(.text.usart_word_length_set)
    __0sprintf                               0x08008d51   Thumb Code    36  printfa.o(i.__0sprintf)
    __1sprintf                               0x08008d51   Thumb Code     0  printfa.o(i.__0sprintf)
    __2sprintf                               0x08008d51   Thumb Code     0  printfa.o(i.__0sprintf)
    __c89sprintf                             0x08008d51   Thumb Code     0  printfa.o(i.__0sprintf)
    sprintf                                  0x08008d51   Thumb Code     0  printfa.o(i.__0sprintf)
    __ARM_clz                                0x08008d79   Thumb Code    46  depilogue.o(i.__ARM_clz)
    __ARM_common_ll_muluu                    0x08008da7   Thumb Code    50  rred.o(i.__ARM_common_ll_muluu)
    __ARM_fpclassify                         0x08008dd9   Thumb Code    40  fpclassify.o(i.__ARM_fpclassify)
    __ieee754_rem_pio2                       0x08008e05   Thumb Code   838  rred.o(i.__ieee754_rem_pio2)
    __kernel_cos                             0x080091a1   Thumb Code   224  cos_i.o(i.__kernel_cos)
    __kernel_poly                            0x08009295   Thumb Code   172  poly.o(i.__kernel_poly)
    __kernel_sin                             0x08009341   Thumb Code   222  sin_i.o(i.__kernel_sin)
    __mathlib_dbl_infnan                     0x0800942d   Thumb Code    10  dunder.o(i.__mathlib_dbl_infnan)
    __mathlib_dbl_invalid                    0x08009437   Thumb Code    16  dunder.o(i.__mathlib_dbl_invalid)
    __mathlib_dbl_underflow                  0x08009449   Thumb Code    14  dunder.o(i.__mathlib_dbl_underflow)
    __scatterload_copy                       0x0800945d   Thumb Code    14  handlers.o(i.__scatterload_copy)
    __scatterload_null                       0x0800946b   Thumb Code     2  handlers.o(i.__scatterload_null)
    __scatterload_zeroinit                   0x0800946d   Thumb Code    14  handlers.o(i.__scatterload_zeroinit)
    __set_errno                              0x0800947d   Thumb Code     6  errno.o(i.__set_errno)
    fmax                                     0x08009d41   Thumb Code    56  fmax.o(i.fmax)
    fmin                                     0x08009d7d   Thumb Code    56  fmin.o(i.fmin)
    round                                    0x08009db9   Thumb Code   142  round.o(i.round)
    sin                                      0x08009e55   Thumb Code   146  sin.o(i.sin)
    sqrt                                     0x08009ef1   Thumb Code    66  sqrt.o(i.sqrt)
    LEVEL_BRICKS                             0x0800a058   Data          40  brick.o(.rodata.LEVEL_BRICKS)
    SPEED_MODOE_VAL                          0x0800a080   Data          32  brick.o(.rodata.SPEED_MODOE_VAL)
    ascii_1206                               0x0800a0a0   Data        1140  tft.o(.rodata.ascii_1206)
    ascii_1608                               0x0800a514   Data        1520  tft.o(.rodata.ascii_1608)
    ascii_2412                               0x0800ab04   Data        4560  tft.o(.rodata.ascii_2412)
    tfont12                                  0x0800be0b   Data         338  tft.o(.rodata.tfont12)
    tfont16                                  0x0800bf5d   Data         306  tft.o(.rodata.tfont16)
    tfont24                                  0x0800c08f   Data         370  tft.o(.rodata.tfont24)
    Region$$Table$$Base                      0x0800c204   Number         0  anon$$obj.o(Region$$Table)
    Region$$Table$$Limit                     0x0800c224   Number         0  anon$$obj.o(Region$$Table)
    EC11_anticlockwise                       0x20000004   Data           4  ec11.o(.data.EC11_anticlockwise)
    EC11_clockwise                           0x20000008   Data           4  ec11.o(.data.EC11_clockwise)
    SystemCoreClock                          0x2000000c   Data           4  system_gd32e23x.o(.data.SystemCoreClock)
    USE_HORIZONTAL                           0x20000010   Data           4  tft_init.o(.data.USE_HORIZONTAL)
    currentMode                              0x20000014   Data           4  ec11.o(.data.currentMode)
    sBarWidth                                0x2000001c   Data           4  spectrometer.o(.data.sBarWidth)
    sEndY                                    0x20000020   Data           4  spectrometer.o(.data.sEndY)
    sStartX                                  0x20000024   Data           4  spectrometer.o(.data.sStartX)
    sStartY                                  0x20000028   Data           4  spectrometer.o(.data.sStartY)
    scale                                    0x2000002c   Data           4  spectrometer.o(.data.scale)
    FFTHistory                               0x20000030   Data         256  spectrometer.o(.bss.FFTHistory)
    SIN_TABLE_of_N_FFT                       0x20000130   Data         136  fft.o(.bss.SIN_TABLE_of_N_FFT)
    adc_value                                0x200001b8   Data         600  adc.o(.bss.adc_value)
    ccnumber                                 0x20000410   Data           2  freq.o(.bss.ccnumber)
    count                                    0x20000414   Data           4  freq.o(.bss.count)
    currentValue                             0x20000420   Data           4  ec11.o(.bss.currentValue)
    data_of_N_FFT                            0x20000428   Data        1024  fft.o(.bss.data_of_N_FFT)
    dmaHandler                               0x20000828   Data           4  adc.o(.bss.dmaHandler)
    ec11_click_handler                       0x2000082c   Data           4  ec11.o(.bss.ec11_click_handler)
    ec11_rotate_handler                      0x20000830   Data           4  ec11.o(.bss.ec11_rotate_handler)
    fftSampleFulfill                         0x20000834   Data           4  spectrometer.o(.bss.fftSampleFulfill)
    freq                                     0x20000838   Data           4  freq.o(.bss.freq)
    game                                     0x2000083c   Data          32  brick.o(.bss.game)
    isClicked                                0x2000085c   Data           4  main.o(.bss.isClicked)
    key1_click_handler                       0x20000860   Data           4  ec11.o(.bss.key1_click_handler)
    key2_click_handler                       0x20000864   Data           4  ec11.o(.bss.key2_click_handler)
    key3_click_handler                       0x20000868   Data           4  ec11.o(.bss.key3_click_handler)
    mBall                                    0x20000870   Data          48  brick.o(.bss.mBall)
    mBar                                     0x200008a0   Data          48  brick.o(.bss.mBar)
    mDirtyFlag                               0x200008d0   Data          10  brick.o(.bss.mDirtyFlag)
    mLevel                                   0x200008dc   Data          16  brick.o(.bss.mLevel)
    mRtBricks                                0x200008ec   Data          10  brick.o(.bss.mRtBricks)
    modeSelected                             0x200008f8   Data           4  main.o(.bss.modeSelected)
    oscilloscope                             0x200008fc   Data        1224  oscilloscope.o(.bss.oscilloscope)
    readvalue1                               0x20000dc4   Data           2  freq.o(.bss.readvalue1)
    readvalue2                               0x20000dc6   Data           2  freq.o(.bss.readvalue2)
    sBarHeight                               0x20000dcc   Data           4  spectrometer.o(.bss.sBarHeight)
    valueWhenFalling                         0x20000dd0   Data           4  ec11.o(.bss.valueWhenFalling)
    __initial_sp                             0x200011d8   Data           0  startup_gd32e23x.o(STACK)



==============================================================================

Memory Map of the image

  Image Entry point : 0x080000cd

  Load Region LR_IROM1 (Base: 0x08000000, Size: 0x0000c258, Max: 0x00010000, ABSOLUTE)

    Execution Region ER_IROM1 (Exec base: 0x08000000, Load base: 0x08000000, Size: 0x0000c224, Max: 0x00010000, ABSOLUTE)

    Exec Addr    Load Addr    Size         Type   Attr      Idx    E Section Name        Object

    0x08000000   0x08000000   0x000000cc   Data   RO         1281    RESET               startup_gd32e23x.o
    0x080000cc   0x080000cc   0x00000000   Code   RO         1739  * .ARM.Collect$$$$00000000  mc_p.l(entry.o)
    0x080000cc   0x080000cc   0x00000004   Code   RO         1844    .ARM.Collect$$$$00000001  mc_p.l(entry2.o)
    0x080000d0   0x080000d0   0x00000004   Code   RO         1847    .ARM.Collect$$$$00000004  mc_p.l(entry5.o)
    0x080000d4   0x080000d4   0x00000000   Code   RO         1849    .ARM.Collect$$$$00000008  mc_p.l(entry7b.o)
    0x080000d4   0x080000d4   0x00000000   Code   RO         1851    .ARM.Collect$$$$0000000A  mc_p.l(entry8b.o)
    0x080000d4   0x080000d4   0x00000008   Code   RO         1852    .ARM.Collect$$$$0000000B  mc_p.l(entry9a.o)
    0x080000dc   0x080000dc   0x00000000   Code   RO         1854    .ARM.Collect$$$$0000000D  mc_p.l(entry10a.o)
    0x080000dc   0x080000dc   0x00000000   Code   RO         1856    .ARM.Collect$$$$0000000F  mc_p.l(entry11a.o)
    0x080000dc   0x080000dc   0x00000004   Code   RO         1845    .ARM.Collect$$$$00002712  mc_p.l(entry2.o)
    0x080000e0   0x080000e0   0x0000001c   Code   RO         1282    .text               startup_gd32e23x.o
    0x080000fc   0x080000fc   0x000000b2   Code   RO         1772    .text               mf_p.l(fadd.o)
    0x080001ae   0x080001ae   0x0000007a   Code   RO         1774    .text               mf_p.l(fmul.o)
    0x08000228   0x08000228   0x0000007c   Code   RO         1776    .text               mf_p.l(fdiv.o)
    0x080002a4   0x080002a4   0x00000164   Code   RO         1778    .text               mf_p.l(dadd.o)
    0x08000408   0x08000408   0x000000d0   Code   RO         1780    .text               mf_p.l(dmul.o)
    0x080004d8   0x080004d8   0x000000f0   Code   RO         1782    .text               mf_p.l(ddiv.o)
    0x080005c8   0x080005c8   0x0000001c   Code   RO         1784    .text               mf_p.l(fcmple.o)
    0x080005e4   0x080005e4   0x0000001c   Code   RO         1786    .text               mf_p.l(fcmplt.o)
    0x08000600   0x08000600   0x0000001c   Code   RO         1788    .text               mf_p.l(fcmpge.o)
    0x0800061c   0x0800061c   0x0000002c   Code   RO         1790    .text               mf_p.l(dcmple.o)
    0x08000648   0x08000648   0x0000002c   Code   RO         1792    .text               mf_p.l(dcmpge.o)
    0x08000674   0x08000674   0x0000002c   Code   RO         1794    .text               mf_p.l(dcmpgt.o)
    0x080006a0   0x080006a0   0x00000016   Code   RO         1796    .text               mf_p.l(fflti.o)
    0x080006b6   0x080006b6   0x0000000e   Code   RO         1798    .text               mf_p.l(ffltui.o)
    0x080006c4   0x080006c4   0x00000028   Code   RO         1800    .text               mf_p.l(dflti.o)
    0x080006ec   0x080006ec   0x00000032   Code   RO         1802    .text               mf_p.l(ffixi.o)
    0x0800071e   0x0800071e   0x00000028   Code   RO         1804    .text               mf_p.l(ffixui.o)
    0x08000746   0x08000746   0x00000002   PAD
    0x08000748   0x08000748   0x00000048   Code   RO         1806    .text               mf_p.l(dfixi.o)
    0x08000790   0x08000790   0x0000003c   Code   RO         1808    .text               mf_p.l(dfixui.o)
    0x080007cc   0x080007cc   0x00000028   Code   RO         1810    .text               mf_p.l(f2d.o)
    0x080007f4   0x080007f4   0x00000038   Code   RO         1812    .text               mf_p.l(d2f.o)
    0x0800082c   0x0800082c   0x0000002c   Code   RO         1859    .text               mc_p.l(uidiv.o)
    0x08000858   0x08000858   0x00000060   Code   RO         1861    .text               mc_p.l(uldiv.o)
    0x080008b8   0x080008b8   0x00000020   Code   RO         1863    .text               mc_p.l(llshl.o)
    0x080008d8   0x080008d8   0x00000022   Code   RO         1865    .text               mc_p.l(llushr.o)
    0x080008fa   0x080008fa   0x00000026   Code   RO         1867    .text               mc_p.l(llsshr.o)
    0x08000920   0x08000920   0x00000000   Code   RO         1876    .text               mc_p.l(iusefp.o)
    0x08000920   0x08000920   0x00000082   Code   RO         1877    .text               mf_p.l(fepilogue.o)
    0x080009a2   0x080009a2   0x000000be   Code   RO         1879    .text               mf_p.l(depilogue.o)
    0x08000a60   0x08000a60   0x000000a2   Code   RO         1883    .text               mf_p.l(dsqrt.o)
    0x08000b02   0x08000b02   0x00000002   PAD
    0x08000b04   0x08000b04   0x0000007c   Code   RO         1885    .text               mf_p.l(drnd.o)
    0x08000b80   0x08000b80   0x00000040   Code   RO         1887    .text               mf_p.l(dfixul.o)
    0x08000bc0   0x08000bc0   0x00000028   Code   RO         1889    .text               mf_p.l(cdcmple.o)
    0x08000be8   0x08000be8   0x00000028   Code   RO         1891    .text               mf_p.l(cdrcmple.o)
    0x08000c10   0x08000c10   0x0000005c   Code   RO         1893    .text               mf_p.l(dcmp4.o)
    0x08000c6c   0x08000c6c   0x00000024   Code   RO         1899    .text               mc_p.l(init.o)
    0x08000c90   0x08000c90   0x0000002c   Code   RO         1901    .text               mf_p.l(dscalb.o)
    0x08000cbc   0x08000cbc   0x0000001c   Code   RO         1903    .text               mf_p.l(dfltui.o)
    0x08000cd8   0x08000cd8   0x00000074   Code   RO         1456    .text.ADC_DMA_Init  adc.o
    0x08000d4c   0x08000d4c   0x000000b8   Code   RO         1697    .text.ChangeSeat    fft.o
    0x08000e04   0x08000e04   0x0000001c   Code   RO         1559    .text.ClearAllBricks  brick.o
    0x08000e20   0x08000e20   0x00000040   Code   RO         1291    .text.Close_LED     led.o
    0x08000e60   0x08000e60   0x00000080   Code   RO         1695    .text.Cos_find      fft.o
    0x08000ee0   0x08000ee0   0x00000048   Code   RO         1460    .text.DMA_Channel0_IRQHandler  adc.o
    0x08000f28   0x08000f28   0x00000174   Code   RO         1551    .text.DrawBall      brick.o
    0x0800109c   0x0800109c   0x000000c4   Code   RO         1553    .text.DrawBar       brick.o
    0x08001160   0x08001160   0x00000128   Code   RO            2    .text.DrawItem      main.o
    0x08001288   0x08001288   0x00000060   Code   RO         1561    .text.DrawLevelRtBricks  brick.o
    0x080012e8   0x080012e8   0x00000320   Code   RO         1547    .text.DrawUI        brick.o
    0x08001608   0x08001608   0x00000054   Code   RO         1549    .text.DrawWall      brick.o
    0x0800165c   0x0800165c   0x00000114   Code   RO         1316    .text.Draw_Curve    tft.o
    0x08001770   0x08001770   0x00000210   Code   RO         1402    .text.EXTI4_15_IRQHandler  ec11.o
    0x08001980   0x08001980   0x000001f8   Code   RO         1699    .text.FFT           fft.o
    0x08001b78   0x08001b78   0x00000044   Code   RO         1452    .text.Get_ADC_Value  adc.o
    0x08001bbc   0x08001bbc   0x00000004   Code   RO           26    .text.HardFault_Handler  gd32e23x_it.o
    0x08001bc0   0x08001bc0   0x000000a4   Code   RO         1583    .text.InitData      brick.o
    0x08001c64   0x08001c64   0x0000007c   Code   RO         1585    .text.InitGame      brick.o
    0x08001ce0   0x08001ce0   0x0000009c   Code   RO         1642    .text.InitOscillo   oscilloscope.o
    0x08001d7c   0x08001d7c   0x00000088   Code   RO         1667    .text.InitSpectro   spectrometer.o
    0x08001e04   0x08001e04   0x00000098   Code   RO         1454    .text.Init_ADC      adc.o
    0x08001e9c   0x08001e9c   0x00000050   Code   RO         1390    .text.Init_EC11_EXITGPIO  ec11.o
    0x08001eec   0x08001eec   0x00000054   Code   RO         1388    .text.Init_EC11_GPIO  ec11.o
    0x08001f40   0x08001f40   0x00000058   Code   RO         1691    .text.Init_FFT      fft.o
    0x08001f98   0x08001f98   0x000000c8   Code   RO         1481    .text.Init_FreqTimer  freq.o
    0x08002060   0x08002060   0x00000088   Code   RO         1501    .text.Init_Key_GPIO  key.o
    0x080020e8   0x080020e8   0x0000006c   Code   RO         1289    .text.Init_LED_GPIO  led.o
    0x08002154   0x08002154   0x0000003e   Code   RO         1644    .text.Init_Oscilloscope  oscilloscope.o
    0x08002192   0x08002192   0x00000002   PAD
    0x08002194   0x08002194   0x000000e4   Code   RO         1514    .text.Init_PWM_Output  timer.o
    0x08002278   0x08002278   0x00000088   Code   RO         1374    .text.Init_SPI0_GPIO  tft_init.o
    0x08002300   0x08002300   0x00000094   Code   RO         1350    .text.Init_SPI0_GPIO16  tft_init.o
    0x08002394   0x08002394   0x000000b0   Code   RO         1466    .text.Init_Spector_ADC_Timer  adc.o
    0x08002444   0x08002444   0x00000094   Code   RO         1462    .text.Init_Spectro_ADC  adc.o
    0x080024d8   0x080024d8   0x00000070   Code   RO         1464    .text.Init_Spectro_ADC_DMA  adc.o
    0x08002548   0x08002548   0x000000f8   Code   RO         1425    .text.Init_USART    usart.o
    0x08002640   0x08002640   0x0000023c   Code   RO         1628    .text.Key_Handle    oscilloscope.o
    0x0800287c   0x0800287c   0x0000004c   Code   RO         1573    .text.LoadLevel     brick.o
    0x080028c8   0x080028c8   0x00000002   Code   RO           24    .text.NMI_Handler   gd32e23x_it.o
    0x080028ca   0x080028ca   0x00000002   PAD
    0x080028cc   0x080028cc   0x00000008   Code   RO         1640    .text.OnDMAInt      oscilloscope.o
    0x080028d4   0x080028d4   0x00000018   Code   RO         1663    .text.OnDMAIntSpectro  spectrometer.o
    0x080028ec   0x080028ec   0x0000000c   Code   RO         1543    .text.OnEc11ClickBrick  brick.o
    0x080028f8   0x080028f8   0x00000014   Code   RO            6    .text.OnEc11ClickMainMenu  main.o
    0x0800290c   0x0800290c   0x00000008   Code   RO         1632    .text.OnEc11ClickOscillo  oscilloscope.o
    0x08002914   0x08002914   0x0000003c   Code   RO         1541    .text.OnEc11RotateBrick  brick.o
    0x08002950   0x08002950   0x00000030   Code   RO            4    .text.OnEc11RotateMainMenu  main.o
    0x08002980   0x08002980   0x00000024   Code   RO         1630    .text.OnEc11RotateOscillo  oscilloscope.o
    0x080029a4   0x080029a4   0x000000a0   Code   RO         1665    .text.OnEc11RotateSpectroHandler  spectrometer.o
    0x08002a44   0x08002a44   0x00000008   Code   RO         1634    .text.OnKey1Click   oscilloscope.o
    0x08002a4c   0x08002a4c   0x0000001c   Code   RO         1545    .text.OnKey1ClickBrick  brick.o
    0x08002a68   0x08002a68   0x00000008   Code   RO         1636    .text.OnKey2Click   oscilloscope.o
    0x08002a70   0x08002a70   0x0000000c   Code   RO         1638    .text.OnKey3Click   oscilloscope.o
    0x08002a7c   0x08002a7c   0x00000040   Code   RO         1293    .text.Open_LED      led.o
    0x08002abc   0x08002abc   0x00000002   Code   RO           30    .text.PendSV_Handler  gd32e23x_it.o
    0x08002abe   0x08002abe   0x00000002   PAD
    0x08002ac0   0x08002ac0   0x00000194   Code   RO         1587    .text.RunGame       brick.o
    0x08002c54   0x08002c54   0x00000260   Code   RO         1646    .text.RunOscillo    oscilloscope.o
    0x08002eb4   0x08002eb4   0x0000034c   Code   RO         1669    .text.RunSpectro    spectrometer.o
    0x08003200   0x08003200   0x0000002c   Code   RO         1354    .text.SPI0_Write    tft_init.o
    0x0800322c   0x0800322c   0x00000030   Code   RO         1360    .text.SPI0_Write16  tft_init.o
    0x0800325c   0x0800325c   0x00000002   Code   RO           28    .text.SVC_Handler   gd32e23x_it.o
    0x0800325e   0x0800325e   0x00000002   PAD
    0x08003260   0x08003260   0x00000018   Code   RO         1458    .text.Set_DMA_Int_Handler  adc.o
    0x08003278   0x08003278   0x00000018   Code   RO         1394    .text.Set_EC11_Click_Handler  ec11.o
    0x08003290   0x08003290   0x00000018   Code   RO         1392    .text.Set_EC11_Rotate_Handler  ec11.o
    0x080032a8   0x080032a8   0x00000018   Code   RO         1396    .text.Set_Key1_Click_Handler  ec11.o
    0x080032c0   0x080032c0   0x00000018   Code   RO         1398    .text.Set_Key2_Click_Handler  ec11.o
    0x080032d8   0x080032d8   0x00000018   Code   RO         1400    .text.Set_Key3_Click_Handler  ec11.o
    0x080032f0   0x080032f0   0x00000020   Code   RO         1518    .text.Set_Output_Freq  timer.o
    0x08003310   0x08003310   0x00000020   Code   RO         1516    .text.Set_Output_PWMComparex  timer.o
    0x08003330   0x08003330   0x00000058   Code   RO         1693    .text.Sin_find      fft.o
    0x08003388   0x08003388   0x00000002   Code   RO           32    .text.SysTick_Handler  gd32e23x_it.o
    0x0800338a   0x0800338a   0x00000002   PAD
    0x0800338c   0x0800338c   0x000000fc   Code   RO         1259    .text.SystemInit    system_gd32e23x.o
    0x08003488   0x08003488   0x0000012c   Code   RO         1368    .text.TFT_Address_Set16  tft_init.o
    0x080035b4   0x080035b4   0x00000152   Code   RO         1310    .text.TFT_DrawLine  tft.o
    0x08003706   0x08003706   0x0000003c   Code   RO         1308    .text.TFT_DrawPoint  tft.o
    0x08003742   0x08003742   0x000000ae   Code   RO         1306    .text.TFT_Fill      tft.o
    0x080037f0   0x080037f0   0x0000003c   Code   RO         1372    .text.TFT_GPIO_Init  tft_init.o
    0x0800382c   0x0800382c   0x00000268   Code   RO         1370    .text.TFT_Init      tft_init.o
    0x08003a94   0x08003a94   0x00000214   Code   RO         1318    .text.TFT_ShowChar  tft.o
    0x08003ca8   0x08003ca8   0x000000fe   Code   RO         1322    .text.TFT_ShowChinese  tft.o
    0x08003da6   0x08003da6   0x00000002   PAD
    0x08003da8   0x08003da8   0x00000218   Code   RO         1324    .text.TFT_ShowChinese12x12  tft.o
    0x08003fc0   0x08003fc0   0x00000218   Code   RO         1326    .text.TFT_ShowChinese16x16  tft.o
    0x080041d8   0x080041d8   0x00000218   Code   RO         1328    .text.TFT_ShowChinese24x24  tft.o
    0x080043f0   0x080043f0   0x000000a0   Code   RO         1320    .text.TFT_ShowString  tft.o
    0x08004490   0x08004490   0x000002d4   Code   RO         1626    .text.TFT_ShowUI    oscilloscope.o
    0x08004764   0x08004764   0x00000060   Code   RO         1661    .text.TFT_SpectroStaticUI  spectrometer.o
    0x080047c4   0x080047c4   0x00000348   Code   RO         1624    .text.TFT_StaticUI  oscilloscope.o
    0x08004b0c   0x08004b0c   0x00000030   Code   RO         1358    .text.TFT_WR_DATA16  tft_init.o
    0x08004b3c   0x08004b3c   0x00000030   Code   RO         1352    .text.TFT_WR_DATA8  tft_init.o
    0x08004b6c   0x08004b6c   0x00000048   Code   RO         1362    .text.TFT_WR_REG    tft_init.o
    0x08004bb4   0x08004bb4   0x0000004c   Code   RO         1364    .text.TFT_WR_REG16  tft_init.o
    0x08004c00   0x08004c00   0x000000f8   Code   RO         1483    .text.TIMER2_IRQHandler  freq.o
    0x08004cf8   0x08004cf8   0x00000060   Code   RO         1433    .text.USART0_IRQHandler  usart.o
    0x08004d58   0x08004d58   0x00000080   Code   RO         1563    .text.UpdateBreakBricks  brick.o
    0x08004dd8   0x08004dd8   0x0000003c   Code   RO          561    .text.__NVIC_EnableIRQ  gd32e23x_misc.o
    0x08004e14   0x08004e14   0x00000090   Code   RO          559    .text.__NVIC_SetPriority  gd32e23x_misc.o
    0x08004ea4   0x08004ea4   0x00000038   Code   RO           73    .text.adc_calibration_enable  gd32e23x_adc.o
    0x08004edc   0x08004edc   0x00000070   Code   RO           89    .text.adc_channel_length_config  gd32e23x_adc.o
    0x08004f4c   0x08004f4c   0x00000030   Code   RO           87    .text.adc_data_alignment_config  gd32e23x_adc.o
    0x08004f7c   0x08004f7c   0x00000010   Code   RO           75    .text.adc_dma_mode_enable  gd32e23x_adc.o
    0x08004f8c   0x08004f8c   0x0000001c   Code   RO           69    .text.adc_enable    gd32e23x_adc.o
    0x08004fa8   0x08004fa8   0x0000008c   Code   RO           97    .text.adc_external_trigger_config  gd32e23x_adc.o
    0x08005034   0x08005034   0x00000058   Code   RO           99    .text.adc_external_trigger_source_config  gd32e23x_adc.o
    0x0800508c   0x0800508c   0x00000164   Code   RO           91    .text.adc_regular_channel_config  gd32e23x_adc.o
    0x080051f0   0x080051f0   0x00000044   Code   RO          101    .text.adc_software_trigger_enable  gd32e23x_adc.o
    0x08005234   0x08005234   0x000000b4   Code   RO           85    .text.adc_special_function_config  gd32e23x_adc.o
    0x080052e8   0x080052e8   0x00000052   Code   RO         1557    .text.clearOneBrick  brick.o
    0x0800533a   0x0800533a   0x00000002   PAD
    0x0800533c   0x0800533c   0x00000fc0   Code   RO         1539    .text.computeBallMotion  brick.o
    0x080062fc   0x080062fc   0x0000010c   Code   RO         1537    .text.computeBarMotion  brick.o
    0x08006408   0x08006408   0x00000088   Code   RO           50    .text.delay_1ms     systick.o
    0x08006490   0x08006490   0x00000020   Code   RO          241    .text.dma_channel_disable  gd32e23x_dma.o
    0x080064b0   0x080064b0   0x00000020   Code   RO          251    .text.dma_channel_enable  gd32e23x_dma.o
    0x080064d0   0x080064d0   0x00000020   Code   RO          243    .text.dma_circulation_enable  gd32e23x_dma.o
    0x080064f0   0x080064f0   0x00000058   Code   RO          235    .text.dma_deinit    gd32e23x_dma.o
    0x08006548   0x08006548   0x0000011c   Code   RO          239    .text.dma_init      gd32e23x_dma.o
    0x08006664   0x08006664   0x00000028   Code   RO          285    .text.dma_interrupt_enable  gd32e23x_dma.o
    0x0800668c   0x0800668c   0x0000002c   Code   RO          283    .text.dma_interrupt_flag_clear  gd32e23x_dma.o
    0x080066b8   0x080066b8   0x000000d0   Code   RO          281    .text.dma_interrupt_flag_get  gd32e23x_dma.o
    0x08006788   0x08006788   0x00000024   Code   RO          257    .text.dma_transfer_number_config  gd32e23x_dma.o
    0x080067ac   0x080067ac   0x0000001c   Code   RO          259    .text.dma_transfer_number_get  gd32e23x_dma.o
    0x080067c8   0x080067c8   0x00000054   Code   RO         1555    .text.drawOneBrick  brick.o
    0x0800681c   0x0800681c   0x000000ec   Code   RO          302    .text.exti_init     gd32e23x_exti.o
    0x08006908   0x08006908   0x0000001c   Code   RO          304    .text.exti_interrupt_enable  gd32e23x_exti.o
    0x08006924   0x08006924   0x00000014   Code   RO          322    .text.exti_interrupt_flag_clear  gd32e23x_exti.o
    0x08006938   0x08006938   0x00000030   Code   RO          320    .text.exti_interrupt_flag_get  gd32e23x_exti.o
    0x08006968   0x08006968   0x00000008   Code   RO         1533    .text.gameResetKey  brick.o
    0x08006970   0x08006970   0x000000d2   Code   RO          457    .text.gpio_af_set   gd32e23x_gpio.o
    0x08006a42   0x08006a42   0x00000018   Code   RO          443    .text.gpio_bit_reset  gd32e23x_gpio.o
    0x08006a5a   0x08006a5a   0x00000018   Code   RO          441    .text.gpio_bit_set  gd32e23x_gpio.o
    0x08006a72   0x08006a72   0x00000032   Code   RO          449    .text.gpio_input_bit_get  gd32e23x_gpio.o
    0x08006aa4   0x08006aa4   0x000000a2   Code   RO          437    .text.gpio_mode_set  gd32e23x_gpio.o
    0x08006b46   0x08006b46   0x0000009c   Code   RO          439    .text.gpio_output_options_set  gd32e23x_gpio.o
    0x08006be2   0x08006be2   0x00000002   PAD
    0x08006be4   0x08006be4   0x0000007c   Code   RO         1571    .text.handleKeyInClear  brick.o
    0x08006c60   0x08006c60   0x00000080   Code   RO         1577    .text.handleKeyInFail  brick.o
    0x08006ce0   0x08006ce0   0x0000005c   Code   RO         1575    .text.handleKeyInLose  brick.o
    0x08006d3c   0x08006d3c   0x0000001c   Code   RO         1569    .text.handleKeyInPause  brick.o
    0x08006d58   0x08006d58   0x0000001c   Code   RO         1565    .text.handleKeyInReady  brick.o
    0x08006d74   0x08006d74   0x0000001c   Code   RO         1567    .text.handleKeyInRun  brick.o
    0x08006d90   0x08006d90   0x0000008c   Code   RO         1579    .text.handleKeyInWin  brick.o
    0x08006e1c   0x08006e1c   0x000000d0   Code   RO            8    .text.main          main.o
    0x08006eec   0x08006eec   0x00000058   Code   RO         1535    .text.moveBallWithBar  brick.o
    0x08006f44   0x08006f44   0x0000002e   Code   RO          557    .text.nvic_irq_enable  gd32e23x_misc.o
    0x08006f72   0x08006f72   0x00000002   PAD
    0x08006f74   0x08006f74   0x00000030   Code   RO          571    .text.nvic_vector_table_set  gd32e23x_misc.o
    0x08006fa4   0x08006fa4   0x00000190   Code   RO          655    .text.rcu_adc_clock_config  gd32e23x_rcu.o
    0x08007134   0x08007134   0x000002fc   Code   RO          693    .text.rcu_clock_freq_get  gd32e23x_rcu.o
    0x08007430   0x08007430   0x00000028   Code   RO          629    .text.rcu_periph_clock_enable  gd32e23x_rcu.o
    0x08007458   0x08007458   0x00000028   Code   RO          639    .text.rcu_periph_reset_disable  gd32e23x_rcu.o
    0x08007480   0x08007480   0x0000002c   Code   RO          637    .text.rcu_periph_reset_enable  gd32e23x_rcu.o
    0x080074ac   0x080074ac   0x00000014   Code   RO         1581    .text.refresDisplay  brick.o
    0x080074c0   0x080074c0   0x0000052e   Code   RO         1531    .text.segmentCross  brick.o
    0x080079ee   0x080079ee   0x00000016   Code   RO          798    .text.spi_enable    gd32e23x_spi.o
    0x08007a04   0x08007a04   0x00000058   Code   RO          832    .text.spi_i2s_data_transmit  gd32e23x_spi.o
    0x08007a5c   0x08007a5c   0x0000004c   Code   RO          792    .text.spi_i2s_deinit  gd32e23x_spi.o
    0x08007aa8   0x08007aa8   0x00000090   Code   RO          874    .text.spi_i2s_flag_get  gd32e23x_spi.o
    0x08007b38   0x08007b38   0x00000140   Code   RO          796    .text.spi_init      gd32e23x_spi.o
    0x08007c78   0x08007c78   0x0000002e   Code   RO          794    .text.spi_struct_para_init  gd32e23x_spi.o
    0x08007ca6   0x08007ca6   0x00000002   PAD
    0x08007ca8   0x08007ca8   0x000000bc   Code   RO          903    .text.syscfg_exti_line_config  gd32e23x_syscfg.o
    0x08007d64   0x08007d64   0x000000e8   Code   RO         1265    .text.system_clock_72m_hxtal  system_gd32e23x.o
    0x08007e4c   0x08007e4c   0x00000008   Code   RO         1261    .text.system_clock_config  system_gd32e23x.o
    0x08007e54   0x08007e54   0x00000030   Code   RO          577    .text.systick_clksource_set  gd32e23x_misc.o
    0x08007e84   0x08007e84   0x00000040   Code   RO           44    .text.systick_config  systick.o
    0x08007ec4   0x08007ec4   0x00000016   Code   RO          934    .text.timer_auto_reload_shadow_enable  gd32e23x_timer.o
    0x08007eda   0x08007eda   0x0000001a   Code   RO          952    .text.timer_autoreload_value_config  gd32e23x_timer.o
    0x08007ef4   0x08007ef4   0x00000060   Code   RO         1034    .text.timer_channel_capture_value_register_read  gd32e23x_timer.o
    0x08007f54   0x08007f54   0x000000aa   Code   RO         1032    .text.timer_channel_input_capture_prescaler_config  gd32e23x_timer.o
    0x08007ffe   0x08007ffe   0x00000020   Code   RO         1028    .text.timer_channel_input_struct_para_init  gd32e23x_timer.o
    0x0800801e   0x0800801e   0x00000002   PAD
    0x08008020   0x08008020   0x00000300   Code   RO         1008    .text.timer_channel_output_config  gd32e23x_timer.o
    0x08008320   0x08008320   0x000000aa   Code   RO         1010    .text.timer_channel_output_mode_config  gd32e23x_timer.o
    0x080083ca   0x080083ca   0x00000002   PAD
    0x080083cc   0x080083cc   0x00000062   Code   RO         1012    .text.timer_channel_output_pulse_value_config  gd32e23x_timer.o
    0x0800842e   0x0800842e   0x00000002   PAD
    0x08008430   0x08008430   0x000000aa   Code   RO         1014    .text.timer_channel_output_shadow_config  gd32e23x_timer.o
    0x080084da   0x080084da   0x00000026   Code   RO         1006    .text.timer_channel_output_struct_para_init  gd32e23x_timer.o
    0x08008500   0x08008500   0x000000e8   Code   RO          924    .text.timer_deinit  gd32e23x_timer.o
    0x080085e8   0x080085e8   0x00000016   Code   RO          932    .text.timer_disable  gd32e23x_timer.o
    0x080085fe   0x080085fe   0x00000016   Code   RO          930    .text.timer_enable  gd32e23x_timer.o
    0x08008614   0x08008614   0x00000104   Code   RO          928    .text.timer_init    gd32e23x_timer.o
    0x08008718   0x08008718   0x000001ca   Code   RO         1030    .text.timer_input_capture_config  gd32e23x_timer.o
    0x080088e2   0x080088e2   0x0000001e   Code   RO          966    .text.timer_interrupt_enable  gd32e23x_timer.o
    0x08008900   0x08008900   0x0000001a   Code   RO          972    .text.timer_interrupt_flag_clear  gd32e23x_timer.o
    0x0800891a   0x0800891a   0x00000044   Code   RO          970    .text.timer_interrupt_flag_get  gd32e23x_timer.o
    0x0800895e   0x0800895e   0x00000038   Code   RO         1000    .text.timer_primary_output_config  gd32e23x_timer.o
    0x08008996   0x08008996   0x00000002   PAD
    0x08008998   0x08008998   0x0000002c   Code   RO          926    .text.timer_struct_para_init  gd32e23x_timer.o
    0x080089c4   0x080089c4   0x000000b8   Code   RO         1083    .text.usart_baudrate_set  gd32e23x_usart.o
    0x08008a7c   0x08008a7c   0x00000058   Code   RO         1081    .text.usart_deinit  gd32e23x_usart.o
    0x08008ad4   0x08008ad4   0x00000028   Code   RO         1189    .text.usart_dma_receive_config  gd32e23x_usart.o
    0x08008afc   0x08008afc   0x00000016   Code   RO         1091    .text.usart_enable  gd32e23x_usart.o
    0x08008b12   0x08008b12   0x00000028   Code   RO         1211    .text.usart_flag_clear  gd32e23x_usart.o
    0x08008b3a   0x08008b3a   0x00000042   Code   RO         1209    .text.usart_flag_get  gd32e23x_usart.o
    0x08008b7c   0x08008b7c   0x0000002c   Code   RO         1213    .text.usart_interrupt_enable  gd32e23x_usart.o
    0x08008ba8   0x08008ba8   0x00000048   Code   RO         1221    .text.usart_interrupt_flag_clear  gd32e23x_usart.o
    0x08008bf0   0x08008bf0   0x00000074   Code   RO         1219    .text.usart_interrupt_flag_get  gd32e23x_usart.o
    0x08008c64   0x08008c64   0x00000034   Code   RO         1085    .text.usart_parity_config  gd32e23x_usart.o
    0x08008c98   0x08008c98   0x00000028   Code   RO         1097    .text.usart_receive_config  gd32e23x_usart.o
    0x08008cc0   0x08008cc0   0x00000034   Code   RO         1089    .text.usart_stop_bit_set  gd32e23x_usart.o
    0x08008cf4   0x08008cf4   0x00000028   Code   RO         1095    .text.usart_transmit_config  gd32e23x_usart.o
    0x08008d1c   0x08008d1c   0x00000034   Code   RO         1087    .text.usart_word_length_set  gd32e23x_usart.o
    0x08008d50   0x08008d50   0x00000028   Code   RO         1747    i.__0sprintf        mc_p.l(printfa.o)
    0x08008d78   0x08008d78   0x0000002e   Code   RO         1881    i.__ARM_clz         mf_p.l(depilogue.o)
    0x08008da6   0x08008da6   0x00000032   Code   RO         1836    i.__ARM_common_ll_muluu  m_ps.l(rred.o)
    0x08008dd8   0x08008dd8   0x0000002c   Code   RO         1895    i.__ARM_fpclassify  m_ps.l(fpclassify.o)
    0x08008e04   0x08008e04   0x0000039c   Code   RO         1831    i.__ieee754_rem_pio2  m_ps.l(rred.o)
    0x080091a0   0x080091a0   0x000000f4   Code   RO         1814    i.__kernel_cos      m_ps.l(cos_i.o)
    0x08009294   0x08009294   0x000000ac   Code   RO         1897    i.__kernel_poly     m_ps.l(poly.o)
    0x08009340   0x08009340   0x000000ec   Code   RO         1838    i.__kernel_sin      m_ps.l(sin_i.o)
    0x0800942c   0x0800942c   0x0000000a   Code   RO         1818    i.__mathlib_dbl_infnan  m_ps.l(dunder.o)
    0x08009436   0x08009436   0x00000010   Code   RO         1820    i.__mathlib_dbl_invalid  m_ps.l(dunder.o)
    0x08009446   0x08009446   0x00000002   PAD
    0x08009448   0x08009448   0x00000014   Code   RO         1823    i.__mathlib_dbl_underflow  m_ps.l(dunder.o)
    0x0800945c   0x0800945c   0x0000000e   Code   RO         1907    i.__scatterload_copy  mc_p.l(handlers.o)
    0x0800946a   0x0800946a   0x00000002   Code   RO         1908    i.__scatterload_null  mc_p.l(handlers.o)
    0x0800946c   0x0800946c   0x0000000e   Code   RO         1909    i.__scatterload_zeroinit  mc_p.l(handlers.o)
    0x0800947a   0x0800947a   0x00000002   PAD
    0x0800947c   0x0800947c   0x0000000c   Code   RO         1871    i.__set_errno       mc_p.l(errno.o)
    0x08009488   0x08009488   0x00000174   Code   RO         1752    i._fp_digits        mc_p.l(printfa.o)
    0x080095fc   0x080095fc   0x000006ec   Code   RO         1753    i._printf_core      mc_p.l(printfa.o)
    0x08009ce8   0x08009ce8   0x00000020   Code   RO         1754    i._printf_post_padding  mc_p.l(printfa.o)
    0x08009d08   0x08009d08   0x0000002c   Code   RO         1755    i._printf_pre_padding  mc_p.l(printfa.o)
    0x08009d34   0x08009d34   0x0000000a   Code   RO         1757    i._sputc            mc_p.l(printfa.o)
    0x08009d3e   0x08009d3e   0x00000002   PAD
    0x08009d40   0x08009d40   0x0000003c   Code   RO         1717    i.fmax              m_ps.l(fmax.o)
    0x08009d7c   0x08009d7c   0x0000003c   Code   RO         1737    i.fmin              m_ps.l(fmin.o)
    0x08009db8   0x08009db8   0x0000009c   Code   RO         1719    i.round             m_ps.l(round.o)
    0x08009e54   0x08009e54   0x0000009c   Code   RO         1722    i.sin               m_ps.l(sin.o)
    0x08009ef0   0x08009ef0   0x00000048   Code   RO         1730    i.sqrt              m_ps.l(sqrt.o)
    0x08009f38   0x08009f38   0x00000030   Data   RO         1815    .constdata          m_ps.l(cos_i.o)
    0x08009f68   0x08009f68   0x000000c8   Data   RO         1833    .constdata          m_ps.l(rred.o)
    0x0800a030   0x0800a030   0x00000028   Data   RO         1839    .constdata          m_ps.l(sin_i.o)
    0x0800a058   0x0800a058   0x00000028   Data   RO         1605    .rodata.LEVEL_BRICKS  brick.o
    0x0800a080   0x0800a080   0x00000020   Data   RO         1589    .rodata.SPEED_MODOE_VAL  brick.o
    0x0800a0a0   0x0800a0a0   0x00000474   Data   RO         1330    .rodata.ascii_1206  tft.o
    0x0800a514   0x0800a514   0x000005f0   Data   RO         1331    .rodata.ascii_1608  tft.o
    0x0800ab04   0x0800ab04   0x000011d0   Data   RO         1332    .rodata.ascii_2412  tft.o
    0x0800bcd4   0x0800bcd4   0x00000010   Data   RO          705    .rodata.rcu_clock_freq_get.ahb_exp  gd32e23x_rcu.o
    0x0800bce4   0x0800bce4   0x00000008   Data   RO          706    .rodata.rcu_clock_freq_get.apb1_exp  gd32e23x_rcu.o
    0x0800bcec   0x0800bcec   0x00000008   Data   RO          707    .rodata.rcu_clock_freq_get.apb2_exp  gd32e23x_rcu.o
    0x0800bcf4   0x0800bcf4   0x00000033   Data   RO           12    .rodata.str1.1      main.o
    0x0800bd27   0x0800bd27   0x0000004d   Data   RO         1608    .rodata.str1.1      brick.o
    0x0800bd74   0x0800bd74   0x00000082   Data   RO         1649    .rodata.str1.1      oscilloscope.o
    0x0800bdf6   0x0800bdf6   0x00000015   Data   RO         1679    .rodata.str1.1      spectrometer.o
    0x0800be0b   0x0800be0b   0x00000152   Data   RO         1333    .rodata.tfont12     tft.o
    0x0800bf5d   0x0800bf5d   0x00000132   Data   RO         1334    .rodata.tfont16     tft.o
    0x0800c08f   0x0800c08f   0x00000172   Data   RO         1335    .rodata.tfont24     tft.o
    0x0800c201   0x0800c201   0x00000003   PAD
    0x0800c204   0x0800c204   0x00000020   Data   RO         1905    Region$$Table       anon$$obj.o


    Execution Region RW_IRAM1 (Exec base: 0x20000000, Load base: 0x0800c228, Size: 0x000011d8, Max: 0x00002000, ABSOLUTE)

    Exec Addr    Load Addr    Size         Type   Attr      Idx    E Section Name        Object

    0x20000000   0x0800c228   0x00000004   Data   RW         1872    .data               mc_p.l(errno.o)
    0x20000004   0x0800c22c   0x00000004   Data   RW         1410    .data.EC11_anticlockwise  ec11.o
    0x20000008   0x0800c230   0x00000004   Data   RW         1409    .data.EC11_clockwise  ec11.o
    0x2000000c   0x0800c234   0x00000004   Data   RW         1267    .data.SystemCoreClock  system_gd32e23x.o
    0x20000010   0x0800c238   0x00000004   Data   RW         1376    .data.USE_HORIZONTAL  tft_init.o
    0x20000014   0x0800c23c   0x00000004   Data   RW         1413    .data.currentMode   ec11.o
    0x20000018   0x0800c240   0x00000001   Data   RW         1336    .data.firstPoint    tft.o
    0x20000019   0x0800c241   0x00000003   PAD
    0x2000001c   0x0800c244   0x00000004   Data   RW         1675    .data.sBarWidth     spectrometer.o
    0x20000020   0x0800c248   0x00000004   Data   RW         1674    .data.sEndY         spectrometer.o
    0x20000024   0x0800c24c   0x00000004   Data   RW         1672    .data.sStartX       spectrometer.o
    0x20000028   0x0800c250   0x00000004   Data   RW         1673    .data.sStartY       spectrometer.o
    0x2000002c   0x0800c254   0x00000004   Data   RW         1677    .data.scale         spectrometer.o
    0x20000030        -       0x00000100   Zero   RW         1671    .bss.FFTHistory     spectrometer.o
    0x20000130        -       0x00000088   Zero   RW         1705    .bss.SIN_TABLE_of_N_FFT  fft.o
    0x200001b8        -       0x00000258   Zero   RW         1468    .bss.adc_value      adc.o
    0x20000410        -       0x00000002   Zero   RW         1487    .bss.ccnumber       freq.o
    0x20000412   0x0800c258   0x00000002   PAD
    0x20000414        -       0x00000004   Zero   RW         1488    .bss.count          freq.o
    0x20000418        -       0x00000004   Zero   RW           55    .bss.count_1ms      systick.o
    0x2000041c        -       0x00000004   Zero   RW           54    .bss.count_1us      systick.o
    0x20000420        -       0x00000004   Zero   RW         1412    .bss.currentValue   ec11.o
    0x20000424   0x0800c258   0x00000004   PAD
    0x20000428        -       0x00000400   Zero   RW         1706    .bss.data_of_N_FFT  fft.o
    0x20000828        -       0x00000004   Zero   RW         1469    .bss.dmaHandler     adc.o
    0x2000082c        -       0x00000004   Zero   RW         1405    .bss.ec11_click_handler  ec11.o
    0x20000830        -       0x00000004   Zero   RW         1404    .bss.ec11_rotate_handler  ec11.o
    0x20000834        -       0x00000004   Zero   RW         1678    .bss.fftSampleFulfill  spectrometer.o
    0x20000838        -       0x00000004   Zero   RW         1489    .bss.freq           freq.o
    0x2000083c        -       0x00000020   Zero   RW         1606    .bss.game           brick.o
    0x2000085c        -       0x00000004   Zero   RW           11    .bss.isClicked      main.o
    0x20000860        -       0x00000004   Zero   RW         1406    .bss.key1_click_handler  ec11.o
    0x20000864        -       0x00000004   Zero   RW         1407    .bss.key2_click_handler  ec11.o
    0x20000868        -       0x00000004   Zero   RW         1408    .bss.key3_click_handler  ec11.o
    0x2000086c        -       0x00000002   Zero   RW         1337    .bss.lastX          tft.o
    0x2000086e        -       0x00000002   Zero   RW         1338    .bss.lastY          tft.o
    0x20000870        -       0x00000030   Zero   RW         1610    .bss.mBall          brick.o
    0x200008a0        -       0x00000030   Zero   RW         1607    .bss.mBar           brick.o
    0x200008d0        -       0x0000000a   Zero   RW         1611    .bss.mDirtyFlag     brick.o
    0x200008da   0x0800c258   0x00000002   PAD
    0x200008dc        -       0x00000010   Zero   RW         1609    .bss.mLevel         brick.o
    0x200008ec        -       0x0000000a   Zero   RW         1612    .bss.mRtBricks      brick.o
    0x200008f6   0x0800c258   0x00000002   PAD
    0x200008f8        -       0x00000004   Zero   RW           10    .bss.modeSelected   main.o
    0x200008fc        -       0x000004c8   Zero   RW         1648    .bss.oscilloscope   oscilloscope.o
    0x20000dc4        -       0x00000002   Zero   RW         1485    .bss.readvalue1     freq.o
    0x20000dc6        -       0x00000002   Zero   RW         1486    .bss.readvalue2     freq.o
    0x20000dc8        -       0x00000001   Zero   RW         1439    .bss.receive_flag   usart.o
    0x20000dc9        -       0x00000001   Zero   RW         1438    .bss.rx_count       usart.o
    0x20000dca   0x0800c258   0x00000002   PAD
    0x20000dcc        -       0x00000004   Zero   RW         1676    .bss.sBarHeight     spectrometer.o
    0x20000dd0        -       0x00000004   Zero   RW         1411    .bss.valueWhenFalling  ec11.o
    0x20000dd4   0x0800c258   0x00000004   PAD
    0x20000dd8        -       0x00000400   Zero   RW         1279    STACK               startup_gd32e23x.o


==============================================================================

Image component sizes


      Code (inc. data)   RO Data    RW Data    ZI Data      Debug   Object Name

       868         56          0          0        604       4796   adc.o
      9048        456        149          0        164      11364   brick.o
       812         64          0         12         28       4834   ec11.o
       992         36          0          0       1160       3199   fft.o
       448         60          0          0         14       3216   freq.o
      1092         40          0          0          0       8603   gd32e23x_adc.o
       824         24          0          0          0       6644   gd32e23x_dma.o
       332         20          0          0          0       3553   gd32e23x_exti.o
       626          0          0          0          0       4754   gd32e23x_gpio.o
        12          0          0          0          0        832   gd32e23x_it.o
       346         28          0          0          0       4327   gd32e23x_misc.o
      1288         56         32          0          0      12612   gd32e23x_rcu.o
       696         16          0          0          0      10562   gd32e23x_spi.o
       188         16          0          0          0       3127   gd32e23x_syscfg.o
      2808         72          0          0          0      20088   gd32e23x_timer.o
       908         28          0          0          0      16446   gd32e23x_usart.o
       136         12          0          0          0       2549   key.o
       236         16          0          0          0       1568   led.o
       572         44         51          0          8       1467   main.o
      3042        164        130          0       1224       4942   oscilloscope.o
      1260        132         21         20        264       2646   spectrometer.o
        28          8        204          0       1024        708   startup_gd32e23x.o
       492         56          0          4          0       2097   system_gd32e23x.o
       200         36          0          0          8       1910   systick.o
      3402         36       8234          1          4       7887   tft.o
      1596         36          0          4          0       3974   tft_init.o
       292          8          0          0          0       2403   timer.o
       344         32          0          0          2       5135   usart.o

    ----------------------------------------------------------------------
     32916       1552       8856         44       4520     156243   Object Totals
         0          0         32          0          0          0   (incl. Generated)
        28          0          3          3         16          0   (incl. Padding)

    ----------------------------------------------------------------------

      Code (inc. data)   RO Data    RW Data    ZI Data      Debug   Library Member Name

       244         20         48          0          0         92   cos_i.o
        46          6          0          0          0        204   dunder.o
        60          4          0          0          0         76   fmax.o
        60          4          0          0          0         76   fmin.o
        44          4          0          0          0         60   fpclassify.o
       172          0          0          0          0         76   poly.o
       156         14          0          0          0         84   round.o
       974         86        200          0          0        200   rred.o
       156         10          0          0          0        104   sin.o
       236         14         40          0          0        100   sin_i.o
        72          6          0          0          0         76   sqrt.o
         0          0          0          0          0          0   entry.o
         0          0          0          0          0          0   entry10a.o
         0          0          0          0          0          0   entry11a.o
         8          4          0          0          0          0   entry2.o
         4          0          0          0          0          0   entry5.o
         0          0          0          0          0          0   entry7b.o
         0          0          0          0          0          0   entry8b.o
         8          4          0          0          0          0   entry9a.o
        12          6          0          4          0         60   errno.o
        30          0          0          0          0          0   handlers.o
        36          8          0          0          0         68   init.o
         0          0          0          0          0          0   iusefp.o
        32          0          0          0          0         68   llshl.o
        38          0          0          0          0         68   llsshr.o
        34          0          0          0          0         68   llushr.o
      2270         94          0          0          0        472   printfa.o
        44          0          0          0          0         72   uidiv.o
        96          0          0          0          0         84   uldiv.o
        40          2          0          0          0         68   cdcmple.o
        40          2          0          0          0         68   cdrcmple.o
        56          0          0          0          0         68   d2f.o
       356          4          0          0          0        140   dadd.o
        92          8          0          0          0         72   dcmp4.o
        44          0          0          0          0         68   dcmpge.o
        44          0          0          0          0         68   dcmpgt.o
        44          0          0          0          0         68   dcmple.o
       240          6          0          0          0         84   ddiv.o
       236          0          0          0          0        216   depilogue.o
        72         10          0          0          0         72   dfixi.o
        60         10          0          0          0         68   dfixui.o
        64         10          0          0          0         68   dfixul.o
        40          6          0          0          0         68   dflti.o
        28          4          0          0          0         68   dfltui.o
       208          6          0          0          0         88   dmul.o
       124         10          0          0          0         76   drnd.o
        44          0          0          0          0         72   dscalb.o
       162          0          0          0          0         80   dsqrt.o
        40          0          0          0          0         60   f2d.o
       178          0          0          0          0        108   fadd.o
        28          0          0          0          0         60   fcmpge.o
        28          0          0          0          0         60   fcmple.o
        28          0          0          0          0         60   fcmplt.o
       124          0          0          0          0         72   fdiv.o
       130          0          0          0          0        144   fepilogue.o
        50          0          0          0          0         60   ffixi.o
        40          0          0          0          0         60   ffixui.o
        22          0          0          0          0         68   fflti.o
        14          0          0          0          0         68   ffltui.o
       122          0          0          0          0         72   fmul.o

    ----------------------------------------------------------------------
      7640        362        288          4          0       4580   Library Totals
        10          0          0          0          0          0   (incl. Padding)

    ----------------------------------------------------------------------

      Code (inc. data)   RO Data    RW Data    ZI Data      Debug   Library Name

      2220        168        288          0          0       1148   m_ps.l
      2612        116          0          4          0        960   mc_p.l
      2798         78          0          0          0       2472   mf_p.l

    ----------------------------------------------------------------------
      7640        362        288          4          0       4580   Library Totals

    ----------------------------------------------------------------------

==============================================================================


      Code (inc. data)   RO Data    RW Data    ZI Data      Debug   

     40556       1914       9144         48       4520     158079   Grand Totals
     40556       1914       9144         48       4520     158079   ELF Image Totals
     40556       1914       9144         48          0          0   ROM Totals

==============================================================================

    Total RO  Size (Code + RO Data)                49700 (  48.54kB)
    Total RW  Size (RW Data + ZI Data)              4568 (   4.46kB)
    Total ROM Size (Code + RO Data + RW Data)      49748 (  48.58kB)

==============================================================================

