Component: ARM Compiler 6.7 Tool: armlink [5c9ef700]

==============================================================================

Section Cross References

    main.o(.text.main) refers to main.o(.text.Init_Oscilloscope) for Init_Oscilloscope
    main.o(.text.main) refers to systick.o(.text.systick_config) for systick_config
    main.o(.text.main) refers to led.o(.text.Init_LED_GPIO) for Init_LED_GPIO
    main.o(.text.main) refers to tft_init.o(.text.TFT_Init) for TFT_Init
    main.o(.text.main) refers to tft.o(.text.TFT_Fill) for TFT_Fill
    main.o(.text.main) refers to usart.o(.text.Init_USART) for Init_USART
    main.o(.text.main) refers to adc.o(.text.ADC_DMA_Init) for ADC_DMA_Init
    main.o(.text.main) refers to adc.o(.text.Init_ADC) for Init_ADC
    main.o(.text.main) refers to timer.o(.text.Init_PWM_Output) for Init_PWM_Output
    main.o(.text.main) refers to key.o(.text.Init_EC11_GPIO) for Init_EC11_GPIO
    main.o(.text.main) refers to key.o(.text.Init_Key_GPIO) for Init_Key_GPIO
    main.o(.text.main) refers to freq.o(.text.Init_FreqTimer) for Init_FreqTimer
    main.o(.text.main) refers to tft.o(.text.TFT_StaticUI) for TFT_StaticUI
    main.o(.text.main) refers to key.o(.text.Key_Handle) for Key_Handle
    main.o(.text.main) refers to adc.o(.text.Get_ADC_Value) for Get_ADC_Value
    main.o(.text.main) refers to fflti.o(.text) for __aeabi_i2f
    main.o(.text.main) refers to fmul.o(.text) for __aeabi_fmul
    main.o(.text.main) refers to fdiv.o(.text) for __aeabi_fdiv
    main.o(.text.main) refers to fadd.o(.text) for __aeabi_fadd
    main.o(.text.main) refers to fcmpge.o(.text) for __aeabi_fcmpge
    main.o(.text.main) refers to f2d.o(.text) for __aeabi_f2d
    main.o(.text.main) refers to dcmpgt.o(.text) for __aeabi_dcmpgt
    main.o(.text.main) refers to gd32e23x_dma.o(.text.dma_transfer_number_config) for dma_transfer_number_config
    main.o(.text.main) refers to gd32e23x_dma.o(.text.dma_channel_enable) for dma_channel_enable
    main.o(.text.main) refers to fcmple.o(.text) for __aeabi_fcmple
    main.o(.text.main) refers to dcmple.o(.text) for __aeabi_dcmple
    main.o(.text.main) refers to fcmplt.o(.text) for __aeabi_fcmplt
    main.o(.text.main) refers to ffixi.o(.text) for __aeabi_f2iz
    main.o(.text.main) refers to tft.o(.text.drawCurve) for drawCurve
    main.o(.text.main) refers to tft.o(.text.TFT_ShowUI) for TFT_ShowUI
    main.o(.text.main) refers to main.o(.bss.oscilloscope) for oscilloscope
    main.o(.ARM.exidx.text.main) refers to main.o(.text.main) for [Anonymous Symbol]
    main.o(.ARM.exidx.text.Init_Oscilloscope) refers to main.o(.text.Init_Oscilloscope) for [Anonymous Symbol]
    gd32e23x_it.o(.ARM.exidx.text.NMI_Handler) refers to gd32e23x_it.o(.text.NMI_Handler) for [Anonymous Symbol]
    gd32e23x_it.o(.ARM.exidx.text.HardFault_Handler) refers to gd32e23x_it.o(.text.HardFault_Handler) for [Anonymous Symbol]
    gd32e23x_it.o(.ARM.exidx.text.SVC_Handler) refers to gd32e23x_it.o(.text.SVC_Handler) for [Anonymous Symbol]
    gd32e23x_it.o(.ARM.exidx.text.PendSV_Handler) refers to gd32e23x_it.o(.text.PendSV_Handler) for [Anonymous Symbol]
    gd32e23x_it.o(.ARM.exidx.text.SysTick_Handler) refers to gd32e23x_it.o(.text.SysTick_Handler) for [Anonymous Symbol]
    systick.o(.text.systick_config) refers to gd32e23x_misc.o(.text.systick_clksource_set) for systick_clksource_set
    systick.o(.text.systick_config) refers to ffltui.o(.text) for __aeabi_ui2f
    systick.o(.text.systick_config) refers to fdiv.o(.text) for __aeabi_fdiv
    systick.o(.text.systick_config) refers to fmul.o(.text) for __aeabi_fmul
    systick.o(.text.systick_config) refers to system_gd32e23x.o(.data.SystemCoreClock) for SystemCoreClock
    systick.o(.text.systick_config) refers to systick.o(.bss.count_1us) for [Anonymous Symbol]
    systick.o(.text.systick_config) refers to systick.o(.bss.count_1ms) for [Anonymous Symbol]
    systick.o(.ARM.exidx.text.systick_config) refers to systick.o(.text.systick_config) for [Anonymous Symbol]
    systick.o(.text.delay_1us) refers to ffltui.o(.text) for __aeabi_ui2f
    systick.o(.text.delay_1us) refers to fmul.o(.text) for __aeabi_fmul
    systick.o(.text.delay_1us) refers to ffixui.o(.text) for __aeabi_f2uiz
    systick.o(.text.delay_1us) refers to systick.o(.bss.count_1us) for [Anonymous Symbol]
    systick.o(.ARM.exidx.text.delay_1us) refers to systick.o(.text.delay_1us) for [Anonymous Symbol]
    systick.o(.text.delay_us) refers to ffltui.o(.text) for __aeabi_ui2f
    systick.o(.text.delay_us) refers to fmul.o(.text) for __aeabi_fmul
    systick.o(.text.delay_us) refers to ffixui.o(.text) for __aeabi_f2uiz
    systick.o(.text.delay_us) refers to systick.o(.bss.count_1us) for [Anonymous Symbol]
    systick.o(.ARM.exidx.text.delay_us) refers to systick.o(.text.delay_us) for [Anonymous Symbol]
    systick.o(.text.delay_1ms) refers to ffltui.o(.text) for __aeabi_ui2f
    systick.o(.text.delay_1ms) refers to fmul.o(.text) for __aeabi_fmul
[...]
    .text                                    0x08000868   Section       40  cdrcmple.o(.text)
    .text                                    0x08000890   Section       36  init.o(.text)
    .text                                    0x080008b4   Section        0  llshl.o(.text)
    .text                                    0x080008d4   Section        0  llushr.o(.text)
    .text                                    0x080008f6   Section        0  llsshr.o(.text)
    .text                                    0x0800091c   Section        0  depilogue.o(.text)
    [Anonymous Symbol]                       0x080009dc   Section        0  adc.o(.text.ADC_DMA_Init)
    __arm_cp.2_0                             0x08000a48   Number         4  adc.o(.text.ADC_DMA_Init)
    [Anonymous Symbol]                       0x08000a4c   Section        0  led.o(.text.CLose_LED)
    __arm_cp.1_0                             0x08000a88   Number         4  led.o(.text.CLose_LED)
    [Anonymous Symbol]                       0x08000a8c   Section        0  adc.o(.text.DMA_Channel0_IRQHandler)
    [Anonymous Symbol]                       0x08000abc   Section        0  key.o(.text.EXTI4_15_IRQHandler)
    __arm_cp.3_1                             0x08000c34   Number         4  key.o(.text.EXTI4_15_IRQHandler)
    __arm_cp.3_2                             0x08000c38   Number         4  key.o(.text.EXTI4_15_IRQHandler)
    __arm_cp.3_3                             0x08000c3c   Number         4  key.o(.text.EXTI4_15_IRQHandler)
    [Anonymous Symbol]                       0x08000c40   Section        0  adc.o(.text.Get_ADC_Value)
    __arm_cp.0_0                             0x08000c80   Number         4  adc.o(.text.Get_ADC_Value)
    [Anonymous Symbol]                       0x08000c84   Section        0  gd32e23x_it.o(.text.HardFault_Handler)
    [Anonymous Symbol]                       0x08000c88   Section        0  adc.o(.text.Init_ADC)
    __arm_cp.1_1                             0x08000d1c   Number         4  adc.o(.text.Init_ADC)
    [Anonymous Symbol]                       0x08000d20   Section        0  key.o(.text.Init_EC11_GPIO)
    __arm_cp.1_1                             0x08000d68   Number         4  key.o(.text.Init_EC11_GPIO)
    [Anonymous Symbol]                       0x08000d6c   Section        0  freq.o(.text.Init_FreqTimer)
    __arm_cp.0_1                             0x08000e20   Number         4  freq.o(.text.Init_FreqTimer)
    __arm_cp.0_2                             0x08000e24   Number         4  freq.o(.text.Init_FreqTimer)
    __arm_cp.0_3                             0x08000e28   Number         4  freq.o(.text.Init_FreqTimer)
    __arm_cp.0_4                             0x08000e2c   Number         4  freq.o(.text.Init_FreqTimer)
    [Anonymous Symbol]                       0x08000e30   Section        0  key.o(.text.Init_Key_GPIO)
    __arm_cp.0_0                             0x08000ec8   Number         4  key.o(.text.Init_Key_GPIO)
    __arm_cp.0_1                             0x08000ecc   Number         4  key.o(.text.Init_Key_GPIO)
    __arm_cp.0_2                             0x08000ed0   Number         4  key.o(.text.Init_Key_GPIO)
    [Anonymous Symbol]                       0x08000ed4   Section        0  led.o(.text.Init_LED_GPIO)
    __arm_cp.0_0                             0x08000f38   Number         4  led.o(.text.Init_LED_GPIO)
    __arm_cp.0_1                             0x08000f3c   Number         4  led.o(.text.Init_LED_GPIO)
    [Anonymous Symbol]                       0x08000f40   Section        0  main.o(.text.Init_Oscilloscope)
    [Anonymous Symbol]                       0x08000f80   Section        0  timer.o(.text.Init_PWM_Output)
    __arm_cp.0_0                             0x08001060   Number         4  timer.o(.text.Init_PWM_Output)
    __arm_cp.0_1                             0x08001064   Number         4  timer.o(.text.Init_PWM_Output)
    [Anonymous Symbol]                       0x08001068   Section        0  tft_init.o(.text.Init_SPI0_GPIO)
    Init_SPI0_GPIO                           0x08001069   Thumb Code   148  tft_init.o(.text.Init_SPI0_GPIO)
    __arm_cp.12_0                            0x080010f0   Number         4  tft_init.o(.text.Init_SPI0_GPIO)
    [Anonymous Symbol]                       0x080010f4   Section        0  tft_init.o(.text.Init_SPI0_GPIO16)
    __arm_cp.0_1                             0x0800117c   Number         4  tft_init.o(.text.Init_SPI0_GPIO16)
    __arm_cp.0_2                             0x08001180   Number         4  tft_init.o(.text.Init_SPI0_GPIO16)
    [Anonymous Symbol]                       0x08001184   Section        0  usart.o(.text.Init_USART)
    __arm_cp.0_0                             0x08001240   Number         4  usart.o(.text.Init_USART)
    __arm_cp.0_1                             0x08001244   Number         4  usart.o(.text.Init_USART)
    __arm_cp.0_2                             0x08001248   Number         4  usart.o(.text.Init_USART)
    [Anonymous Symbol]                       0x0800124c   Section        0  key.o(.text.Key_Handle)
    __arm_cp.2_1                             0x0800147c   Number         4  key.o(.text.Key_Handle)
    __arm_cp.2_2                             0x08001480   Number         4  key.o(.text.Key_Handle)
    [Anonymous Symbol]                       0x08001484   Section        0  gd32e23x_it.o(.text.NMI_Handler)
    [Anonymous Symbol]                       0x08001486   Section        0  gd32e23x_it.o(.text.PendSV_Handler)
    [Anonymous Symbol]                       0x08001488   Section        0  tft_init.o(.text.SPI0_Write)
    SPI0_Write                               0x08001489   Thumb Code    48  tft_init.o(.text.SPI0_Write)
    [Anonymous Symbol]                       0x080014b4   Section        0  tft_init.o(.text.SPI0_Write16)
    SPI0_Write16                             0x080014b5   Thumb Code    48  tft_init.o(.text.SPI0_Write16)
    __arm_cp.5_0                             0x080014e0   Number         4  tft_init.o(.text.SPI0_Write16)
    [Anonymous Symbol]                       0x080014e4   Section        0  gd32e23x_it.o(.text.SVC_Handler)
    [Anonymous Symbol]                       0x080014e8   Section        0  timer.o(.text.Set_Output_Freq)
    [Anonymous Symbol]                       0x08001508   Section        0  timer.o(.text.Set_Output_PWMComparex)
    __arm_cp.1_0                             0x08001524   Number         4  timer.o(.text.Set_Output_PWMComparex)
    [Anonymous Symbol]                       0x08001528   Section        0  gd32e23x_it.o(.text.SysTick_Handler)
    [Anonymous Symbol]                       0x0800152c   Section        0  system_gd32e23x.o(.text.SystemInit)
    __arm_cp.0_0                             0x08001604   Number         4  system_gd32e23x.o(.text.SystemInit)
    __arm_cp.0_1                             0x08001608   Number         4  system_gd32e23x.o(.text.SystemInit)
    __arm_cp.0_2                             0x0800160c   Number         4  system_gd32e23x.o(.text.SystemInit)
    __arm_cp.0_3                             0x08001610   Number         4  system_gd32e23x.o(.text.SystemInit)
    __arm_cp.0_4                             0x08001614   Number         4  system_gd32e23x.o(.text.SystemInit)
    __arm_cp.0_5                             0x08001618   Number         4  system_gd32e23x.o(.text.SystemInit)
    __arm_cp.0_6                             0x0800161c   Number         4  system_gd32e23x.o(.text.SystemInit)
    __arm_cp.0_7                             0x08001620   Number         4  system_gd32e23x.o(.text.SystemInit)
    __arm_cp.0_8                             0x08001624   Number         4  system_gd32e23x.o(.text.SystemInit)
    [Anonymous Symbol]                       0x08001628   Section        0  tft_init.o(.text.TFT_Address_Set16)
    [Anonymous Symbol]                       0x08001696   Section        0  tft.o(.text.TFT_DrawLine)
    [Anonymous Symbol]                       0x080017e8   Section        0  tft.o(.text.TFT_DrawPoint)
    [Anonymous Symbol]                       0x08001824   Section        0  tft.o(.text.TFT_Fill)
    [Anonymous Symbol]                       0x080018d4   Section        0  tft_init.o(.text.TFT_GPIO_Init)
    TFT_GPIO_Init                            0x080018d5   Thumb Code    64  tft_init.o(.text.TFT_GPIO_Init)
    __arm_cp.11_0                            0x0800190c   Number         4  tft_init.o(.text.TFT_GPIO_Init)
    [Anonymous Symbol]                       0x08001910   Section        0  tft_init.o(.text.TFT_Init)
    __arm_cp.10_0                            0x08001b3c   Number         4  tft_init.o(.text.TFT_Init)
    [Anonymous Symbol]                       0x08001b40   Section        0  tft.o(.text.TFT_ShowChar)
    __arm_cp.6_0                             0x08001d48   Number         4  tft.o(.text.TFT_ShowChar)
    __arm_cp.6_1                             0x08001d4c   Number         4  tft.o(.text.TFT_ShowChar)
    __arm_cp.6_2                             0x08001d50   Number         4  tft.o(.text.TFT_ShowChar)
    [Anonymous Symbol]                       0x08001d54   Section        0  tft.o(.text.TFT_ShowChinese)
    [Anonymous Symbol]                       0x08001e54   Section        0  tft.o(.text.TFT_ShowChinese12x12)
    __arm_cp.9_0                             0x08002068   Number         4  tft.o(.text.TFT_ShowChinese12x12)
    [Anonymous Symbol]                       0x0800206c   Section        0  tft.o(.text.TFT_ShowChinese16x16)
    __arm_cp.10_0                            0x08002280   Number         4  tft.o(.text.TFT_ShowChinese16x16)
    [Anonymous Symbol]                       0x08002284   Section        0  tft.o(.text.TFT_ShowChinese24x24)
    __arm_cp.11_0                            0x08002498   Number         4  tft.o(.text.TFT_ShowChinese24x24)
    [Anonymous Symbol]                       0x0800249c   Section        0  tft.o(.text.TFT_ShowString)
    [Anonymous Symbol]                       0x0800253c   Section        0  tft.o(.text.TFT_ShowUI)
    __arm_cp.13_0                            0x080027e4   Number         4  tft.o(.text.TFT_ShowUI)
    __arm_cp.13_1                            0x080027e8   Number         4  tft.o(.text.TFT_ShowUI)
    __arm_cp.13_2                            0x080027ec   Number         4  tft.o(.text.TFT_ShowUI)
    __arm_cp.13_3                            0x080027f0   Number         4  tft.o(.text.TFT_ShowUI)
    __arm_cp.13_4                            0x080027f4   Number         4  tft.o(.text.TFT_ShowUI)
    __arm_cp.13_5                            0x080027f8   Number         4  tft.o(.text.TFT_ShowUI)
    __arm_cp.13_6                            0x080027fc   Number         4  tft.o(.text.TFT_ShowUI)
    __arm_cp.13_7                            0x08002800   Number         4  tft.o(.text.TFT_ShowUI)
    __arm_cp.13_8                            0x08002804   Number         4  tft.o(.text.TFT_ShowUI)
    __arm_cp.13_9                            0x08002808   Number         4  tft.o(.text.TFT_ShowUI)
    __arm_cp.13_10                           0x0800280c   Number         4  tft.o(.text.TFT_ShowUI)
    [Anonymous Symbol]                       0x08002810   Section        0  tft.o(.text.TFT_StaticUI)
    __arm_cp.12_0                            0x08002b28   Number         4  tft.o(.text.TFT_StaticUI)
    __arm_cp.12_1                            0x08002b2c   Number         4  tft.o(.text.TFT_StaticUI)
    __arm_cp.12_2                            0x08002b30   Number         4  tft.o(.text.TFT_StaticUI)
    __arm_cp.12_3                            0x08002b34   Number         4  tft.o(.text.TFT_StaticUI)
    __arm_cp.12_4                            0x08002b38   Number         4  tft.o(.text.TFT_StaticUI)
    __arm_cp.12_5                            0x08002b3c   Number         4  tft.o(.text.TFT_StaticUI)
    __arm_cp.12_6                            0x08002b40   Number         4  tft.o(.text.TFT_StaticUI)
    __arm_cp.12_7                            0x08002b44   Number         4  tft.o(.text.TFT_StaticUI)
    __arm_cp.12_8                            0x08002b48   Number         4  tft.o(.text.TFT_StaticUI)
    __arm_cp.12_9                            0x08002b4c   Number         4  tft.o(.text.TFT_StaticUI)
    __arm_cp.12_10                           0x08002b50   Number         4  tft.o(.text.TFT_StaticUI)
    __arm_cp.12_11                           0x08002b54   Number         4  tft.o(.text.TFT_StaticUI)
    [Anonymous Symbol]                       0x08002b58   Section        0  tft_init.o(.text.TFT_WR_DATA16)
    [Anonymous Symbol]                       0x08002b88   Section        0  tft_init.o(.text.TFT_WR_DATA8)
    [Anonymous Symbol]                       0x08002bb8   Section        0  tft_init.o(.text.TFT_WR_REG)
    [Anonymous Symbol]                       0x08002c00   Section        0  tft_init.o(.text.TFT_WR_REG16)
    __arm_cp.7_0                             0x08002c48   Number         4  tft_init.o(.text.TFT_WR_REG16)
    [Anonymous Symbol]                       0x08002c4c   Section        0  freq.o(.text.TIMER2_IRQHandler)
    __arm_cp.1_0                             0x08002d1c   Number         4  freq.o(.text.TIMER2_IRQHandler)
    __arm_cp.1_1                             0x08002d20   Number         4  freq.o(.text.TIMER2_IRQHandler)
    __arm_cp.1_2                             0x08002d24   Number         4  freq.o(.text.TIMER2_IRQHandler)
    __arm_cp.1_3                             0x08002d28   Number         4  freq.o(.text.TIMER2_IRQHandler)
    __arm_cp.1_4                             0x08002d2c   Number         4  freq.o(.text.TIMER2_IRQHandler)
    __arm_cp.1_5                             0x08002d30   Number         4  freq.o(.text.TIMER2_IRQHandler)
    __arm_cp.1_6                             0x08002d34   Number         4  freq.o(.text.TIMER2_IRQHandler)
    __arm_cp.1_7                             0x08002d38   Number         4  freq.o(.text.TIMER2_IRQHandler)
    __arm_cp.1_8                             0x08002d3c   Number         4  freq.o(.text.TIMER2_IRQHandler)
    __arm_cp.1_9                             0x08002d40   Number         4  freq.o(.text.TIMER2_IRQHandler)
    [Anonymous Symbol]                       0x08002d44   Section        0  gd32e23x_misc.o(.text.__NVIC_EnableIRQ)
    __NVIC_EnableIRQ                         0x08002d45   Thumb Code    60  gd32e23x_misc.o(.text.__NVIC_EnableIRQ)
    __arm_cp.2_0                             0x08002d78   Number         4  gd32e23x_misc.o(.text.__NVIC_EnableIRQ)
    __arm_cp.2_1                             0x08002d7c   Number         4  gd32e23x_misc.o(.text.__NVIC_EnableIRQ)
    [Anonymous Symbol]                       0x08002d80   Section        0  gd32e23x_misc.o(.text.__NVIC_SetPriority)
    __NVIC_SetPriority                       0x08002d81   Thumb Code   144  gd32e23x_misc.o(.text.__NVIC_SetPriority)
    __arm_cp.1_0                             0x08002e08   Number         4  gd32e23x_misc.o(.text.__NVIC_SetPriority)
    __arm_cp.1_1                             0x08002e0c   Number         4  gd32e23x_misc.o(.text.__NVIC_SetPriority)
    [Anonymous Symbol]                       0x08002e10   Section        0  gd32e23x_adc.o(.text.adc_calibration_enable)
    [Anonymous Symbol]                       0x08002e48   Section        0  gd32e23x_adc.o(.text.adc_channel_length_config)
    __arm_cp.11_0                            0x08002eb0   Number         4  gd32e23x_adc.o(.text.adc_channel_length_config)
    __arm_cp.11_1                            0x08002eb4   Number         4  gd32e23x_adc.o(.text.adc_channel_length_config)
    [Anonymous Symbol]                       0x08002eb8   Section        0  gd32e23x_adc.o(.text.adc_data_alignment_config)
    [Anonymous Symbol]                       0x08002ee8   Section        0  gd32e23x_adc.o(.text.adc_dma_mode_enable)
    [Anonymous Symbol]                       0x08002ef8   Section        0  gd32e23x_adc.o(.text.adc_enable)
    [Anonymous Symbol]                       0x08002f14   Section        0  gd32e23x_adc.o(.text.adc_external_trigger_config)
    [Anonymous Symbol]                       0x08002fa0   Section        0  gd32e23x_adc.o(.text.adc_external_trigger_source_config)
    [Anonymous Symbol]                       0x08002ff8   Section        0  gd32e23x_adc.o(.text.adc_regular_channel_config)
    __arm_cp.12_0                            0x08003148   Number         4  gd32e23x_adc.o(.text.adc_regular_channel_config)
    __arm_cp.12_1                            0x0800314c   Number         4  gd32e23x_adc.o(.text.adc_regular_channel_config)
    __arm_cp.12_2                            0x08003150   Number         4  gd32e23x_adc.o(.text.adc_regular_channel_config)
    __arm_cp.12_3                            0x08003154   Number         4  gd32e23x_adc.o(.text.adc_regular_channel_config)
    __arm_cp.12_4                            0x08003158   Number         4  gd32e23x_adc.o(.text.adc_regular_channel_config)
    [Anonymous Symbol]                       0x0800315c   Section        0  gd32e23x_adc.o(.text.adc_software_trigger_enable)
    __arm_cp.17_0                            0x0800319c   Number         4  gd32e23x_adc.o(.text.adc_software_trigger_enable)
    [Anonymous Symbol]                       0x080031a0   Section        0  gd32e23x_adc.o(.text.adc_special_function_config)
    __arm_cp.9_0                             0x0800324c   Number         4  gd32e23x_adc.o(.text.adc_special_function_config)
    __arm_cp.9_1                             0x08003250   Number         4  gd32e23x_adc.o(.text.adc_special_function_config)
    [Anonymous Symbol]                       0x08003254   Section        0  systick.o(.text.delay_1ms)
    __arm_cp.3_0                             0x080032cc   Number         4  systick.o(.text.delay_1ms)
    __arm_cp.3_1                             0x080032d0   Number         4  systick.o(.text.delay_1ms)
    __arm_cp.3_2                             0x080032d4   Number         4  systick.o(.text.delay_1ms)
    __arm_cp.3_3                             0x080032d8   Number         4  systick.o(.text.delay_1ms)
    [Anonymous Symbol]                       0x080032dc   Section        0  gd32e23x_dma.o(.text.dma_channel_disable)
    [Anonymous Symbol]                       0x080032fc   Section        0  gd32e23x_dma.o(.text.dma_channel_enable)
    [Anonymous Symbol]                       0x0800331c   Section        0  gd32e23x_dma.o(.text.dma_circulation_enable)
    [Anonymous Symbol]                       0x0800333c   Section        0  gd32e23x_dma.o(.text.dma_deinit)
    [Anonymous Symbol]                       0x08003394   Section        0  gd32e23x_dma.o(.text.dma_init)
    __arm_cp.2_0                             0x080034a8   Number         4  gd32e23x_dma.o(.text.dma_init)
    __arm_cp.2_1                             0x080034ac   Number         4  gd32e23x_dma.o(.text.dma_init)
    [Anonymous Symbol]                       0x080034b0   Section        0  gd32e23x_dma.o(.text.dma_interrupt_enable)
    [Anonymous Symbol]                       0x080034d8   Section        0  gd32e23x_dma.o(.text.dma_interrupt_flag_clear)
    __arm_cp.24_0                            0x08003500   Number         4  gd32e23x_dma.o(.text.dma_interrupt_flag_clear)
    [Anonymous Symbol]                       0x08003504   Section        0  gd32e23x_dma.o(.text.dma_interrupt_flag_get)
    __arm_cp.23_0                            0x080035cc   Number         4  gd32e23x_dma.o(.text.dma_interrupt_flag_get)
    __arm_cp.23_1                            0x080035d0   Number         4  gd32e23x_dma.o(.text.dma_interrupt_flag_get)
    [Anonymous Symbol]                       0x080035d4   Section        0  gd32e23x_dma.o(.text.dma_transfer_number_config)
    __arm_cp.11_0                            0x080035f8   Number         4  gd32e23x_dma.o(.text.dma_transfer_number_config)
    [Anonymous Symbol]                       0x080035fc   Section        0  tft.o(.text.drawCurve)
    __arm_cp.5_0                             0x08003704   Number         4  tft.o(.text.drawCurve)
    __arm_cp.5_1                             0x08003708   Number         4  tft.o(.text.drawCurve)
    __arm_cp.5_2                             0x0800370c   Number         4  tft.o(.text.drawCurve)
    [Anonymous Symbol]                       0x08003710   Section        0  gd32e23x_exti.o(.text.exti_init)
    __arm_cp.1_0                             0x080037f0   Number         4  gd32e23x_exti.o(.text.exti_init)
    __arm_cp.1_1                             0x080037f4   Number         4  gd32e23x_exti.o(.text.exti_init)
    __arm_cp.1_2                             0x080037f8   Number         4  gd32e23x_exti.o(.text.exti_init)
    __arm_cp.1_3                             0x080037fc   Number         4  gd32e23x_exti.o(.text.exti_init)
    [Anonymous Symbol]                       0x08003800   Section        0  gd32e23x_exti.o(.text.exti_interrupt_flag_clear)
    [Anonymous Symbol]                       0x08003814   Section        0  gd32e23x_exti.o(.text.exti_interrupt_flag_get)
    __arm_cp.10_0                            0x08003840   Number         4  gd32e23x_exti.o(.text.exti_interrupt_flag_get)
    [Anonymous Symbol]                       0x08003844   Section        0  gd32e23x_gpio.o(.text.gpio_af_set)
    [Anonymous Symbol]                       0x08003916   Section        0  gd32e23x_gpio.o(.text.gpio_bit_reset)
    [Anonymous Symbol]                       0x0800392e   Section        0  gd32e23x_gpio.o(.text.gpio_bit_set)
    [Anonymous Symbol]                       0x08003946   Section        0  gd32e23x_gpio.o(.text.gpio_input_bit_get)
    [Anonymous Symbol]                       0x08003978   Section        0  gd32e23x_gpio.o(.text.gpio_mode_set)
    [Anonymous Symbol]                       0x08003a1a   Section        0  gd32e23x_gpio.o(.text.gpio_output_options_set)
    [Anonymous Symbol]                       0x08003ab8   Section        0  main.o(.text.main)
    __arm_cp.0_0                             0x08003d54   Number         4  main.o(.text.main)
    __arm_cp.0_1                             0x08003d58   Number         4  main.o(.text.main)
    __arm_cp.0_2                             0x08003d5c   Number         4  main.o(.text.main)
    __arm_cp.0_3                             0x08003d60   Number         4  main.o(.text.main)
    __arm_cp.0_4                             0x08003d64   Number         4  main.o(.text.main)
    __arm_cp.0_5                             0x08003d68   Number         4  main.o(.text.main)
    __arm_cp.0_6                             0x08003d6c   Number         4  main.o(.text.main)
    [Anonymous Symbol]                       0x08003d70   Section        0  gd32e23x_misc.o(.text.nvic_irq_enable)
    [Anonymous Symbol]                       0x08003da0   Section        0  gd32e23x_misc.o(.text.nvic_vector_table_set)
    __arm_cp.7_0                             0x08003dc8   Number         4  gd32e23x_misc.o(.text.nvic_vector_table_set)
    __arm_cp.7_1                             0x08003dcc   Number         4  gd32e23x_misc.o(.text.nvic_vector_table_set)
    [Anonymous Symbol]                       0x08003dd0   Section        0  gd32e23x_rcu.o(.text.rcu_adc_clock_config)
    __arm_cp.14_0                            0x08003f54   Number         4  gd32e23x_rcu.o(.text.rcu_adc_clock_config)
    __arm_cp.14_1                            0x08003f58   Number         4  gd32e23x_rcu.o(.text.rcu_adc_clock_config)
    __arm_cp.14_2                            0x08003f5c   Number         4  gd32e23x_rcu.o(.text.rcu_adc_clock_config)
    [Anonymous Symbol]                       0x08003f60   Section        0  gd32e23x_rcu.o(.text.rcu_clock_freq_get)
    __arm_cp.33_0                            0x08004234   Number         4  gd32e23x_rcu.o(.text.rcu_clock_freq_get)
    __arm_cp.33_1                            0x08004238   Number         4  gd32e23x_rcu.o(.text.rcu_clock_freq_get)
    __arm_cp.33_2                            0x0800423c   Number         4  gd32e23x_rcu.o(.text.rcu_clock_freq_get)
    __arm_cp.33_3                            0x08004240   Number         4  gd32e23x_rcu.o(.text.rcu_clock_freq_get)
    __arm_cp.33_4                            0x08004244   Number         4  gd32e23x_rcu.o(.text.rcu_clock_freq_get)
    __arm_cp.33_5                            0x08004248   Number         4  gd32e23x_rcu.o(.text.rcu_clock_freq_get)
    __arm_cp.33_6                            0x0800424c   Number         4  gd32e23x_rcu.o(.text.rcu_clock_freq_get)
    __arm_cp.33_7                            0x08004250   Number         4  gd32e23x_rcu.o(.text.rcu_clock_freq_get)
    __arm_cp.33_8                            0x08004254   Number         4  gd32e23x_rcu.o(.text.rcu_clock_freq_get)
    __arm_cp.33_9                            0x08004258   Number         4  gd32e23x_rcu.o(.text.rcu_clock_freq_get)
    [Anonymous Symbol]                       0x0800425c   Section        0  gd32e23x_rcu.o(.text.rcu_periph_clock_enable)
    [Anonymous Symbol]                       0x08004284   Section        0  gd32e23x_rcu.o(.text.rcu_periph_reset_disable)
    [Anonymous Symbol]                       0x080042ac   Section        0  gd32e23x_rcu.o(.text.rcu_periph_reset_enable)
    __arm_cp.5_0                             0x080042d4   Number         4  gd32e23x_rcu.o(.text.rcu_periph_reset_enable)
    [Anonymous Symbol]                       0x080042d8   Section        0  gd32e23x_spi.o(.text.spi_enable)
    [Anonymous Symbol]                       0x080042f0   Section        0  gd32e23x_spi.o(.text.spi_i2s_data_transmit)
    [Anonymous Symbol]                       0x08004348   Section        0  gd32e23x_spi.o(.text.spi_i2s_deinit)
    __arm_cp.0_2                             0x08004390   Number         4  gd32e23x_spi.o(.text.spi_i2s_deinit)
    [Anonymous Symbol]                       0x08004394   Section        0  gd32e23x_spi.o(.text.spi_i2s_flag_get)
    __arm_cp.41_0                            0x08004420   Number         4  gd32e23x_spi.o(.text.spi_i2s_flag_get)
    [Anonymous Symbol]                       0x08004424   Section        0  gd32e23x_spi.o(.text.spi_init)
    __arm_cp.2_0                             0x0800455c   Number         4  gd32e23x_spi.o(.text.spi_init)
    __arm_cp.2_1                             0x08004560   Number         4  gd32e23x_spi.o(.text.spi_init)
    [Anonymous Symbol]                       0x08004564   Section        0  gd32e23x_spi.o(.text.spi_struct_para_init)
    [Anonymous Symbol]                       0x08004594   Section        0  gd32e23x_syscfg.o(.text.syscfg_exti_line_config)
    __arm_cp.5_0                             0x08004640   Number         4  gd32e23x_syscfg.o(.text.syscfg_exti_line_config)
    __arm_cp.5_1                             0x08004644   Number         4  gd32e23x_syscfg.o(.text.syscfg_exti_line_config)
    __arm_cp.5_2                             0x08004648   Number         4  gd32e23x_syscfg.o(.text.syscfg_exti_line_config)
    __arm_cp.5_3                             0x0800464c   Number         4  gd32e23x_syscfg.o(.text.syscfg_exti_line_config)
    [Anonymous Symbol]                       0x08004650   Section        0  system_gd32e23x.o(.text.system_clock_72m_hxtal)
    system_clock_72m_hxtal                   0x08004651   Thumb Code   232  system_gd32e23x.o(.text.system_clock_72m_hxtal)
    __arm_cp.3_0                             0x08004724   Number         4  system_gd32e23x.o(.text.system_clock_72m_hxtal)
    __arm_cp.3_1                             0x08004728   Number         4  system_gd32e23x.o(.text.system_clock_72m_hxtal)
    __arm_cp.3_2                             0x0800472c   Number         4  system_gd32e23x.o(.text.system_clock_72m_hxtal)
    __arm_cp.3_3                             0x08004730   Number         4  system_gd32e23x.o(.text.system_clock_72m_hxtal)
    __arm_cp.3_4                             0x08004734   Number         4  system_gd32e23x.o(.text.system_clock_72m_hxtal)
    [Anonymous Symbol]                       0x08004738   Section        0  system_gd32e23x.o(.text.system_clock_config)
    system_clock_config                      0x08004739   Thumb Code     8  system_gd32e23x.o(.text.system_clock_config)
    [Anonymous Symbol]                       0x08004740   Section        0  gd32e23x_misc.o(.text.systick_clksource_set)
    __arm_cp.10_0                            0x0800476c   Number         4  gd32e23x_misc.o(.text.systick_clksource_set)
    [Anonymous Symbol]                       0x08004770   Section        0  systick.o(.text.systick_config)
    __arm_cp.0_0                             0x0800479c   Number         4  systick.o(.text.systick_config)
    __arm_cp.0_1                             0x080047a0   Number         4  systick.o(.text.systick_config)
    __arm_cp.0_2                             0x080047a4   Number         4  systick.o(.text.systick_config)
    __arm_cp.0_3                             0x080047a8   Number         4  systick.o(.text.systick_config)
    __arm_cp.0_4                             0x080047ac   Number         4  systick.o(.text.systick_config)
    [Anonymous Symbol]                       0x080047b0   Section        0  gd32e23x_timer.o(.text.timer_auto_reload_shadow_enable)
    [Anonymous Symbol]                       0x080047c6   Section        0  gd32e23x_timer.o(.text.timer_autoreload_value_config)
    [Anonymous Symbol]                       0x080047e0   Section        0  gd32e23x_timer.o(.text.timer_channel_capture_value_register_read)
    [Anonymous Symbol]                       0x08004840   Section        0  gd32e23x_timer.o(.text.timer_channel_input_capture_prescaler_config)
    [Anonymous Symbol]                       0x080048ea   Section        0  gd32e23x_timer.o(.text.timer_channel_input_struct_para_init)
    [Anonymous Symbol]                       0x0800490c   Section        0  gd32e23x_timer.o(.text.timer_channel_output_config)
    __arm_cp.42_0                            0x08004bfc   Number         4  gd32e23x_timer.o(.text.timer_channel_output_config)
    __arm_cp.42_1                            0x08004c00   Number         4  gd32e23x_timer.o(.text.timer_channel_output_config)
    __arm_cp.42_2                            0x08004c04   Number         4  gd32e23x_timer.o(.text.timer_channel_output_config)
    __arm_cp.42_3                            0x08004c08   Number         4  gd32e23x_timer.o(.text.timer_channel_output_config)
    [Anonymous Symbol]                       0x08004c0c   Section        0  gd32e23x_timer.o(.text.timer_channel_output_mode_config)
    [Anonymous Symbol]                       0x08004cb8   Section        0  gd32e23x_timer.o(.text.timer_channel_output_pulse_value_config)
    [Anonymous Symbol]                       0x08004d1c   Section        0  gd32e23x_timer.o(.text.timer_channel_output_shadow_config)
    [Anonymous Symbol]                       0x08004dc6   Section        0  gd32e23x_timer.o(.text.timer_channel_output_struct_para_init)
    [Anonymous Symbol]                       0x08004dec   Section        0  gd32e23x_timer.o(.text.timer_deinit)
    __arm_cp.0_1                             0x08004eb8   Number         4  gd32e23x_timer.o(.text.timer_deinit)
    __arm_cp.0_3                             0x08004ebc   Number         4  gd32e23x_timer.o(.text.timer_deinit)
    __arm_cp.0_7                             0x08004ec0   Number         4  gd32e23x_timer.o(.text.timer_deinit)
    __arm_cp.0_8                             0x08004ec4   Number         4  gd32e23x_timer.o(.text.timer_deinit)
    __arm_cp.0_9                             0x08004ec8   Number         4  gd32e23x_timer.o(.text.timer_deinit)
    __arm_cp.0_10                            0x08004ecc   Number         4  gd32e23x_timer.o(.text.timer_deinit)
    __arm_cp.0_11                            0x08004ed0   Number         4  gd32e23x_timer.o(.text.timer_deinit)
    [Anonymous Symbol]                       0x08004ed4   Section        0  gd32e23x_timer.o(.text.timer_disable)
    [Anonymous Symbol]                       0x08004eea   Section        0  gd32e23x_timer.o(.text.timer_enable)
    [Anonymous Symbol]                       0x08004f00   Section        0  gd32e23x_timer.o(.text.timer_init)
    __arm_cp.2_0                             0x08004fec   Number         4  gd32e23x_timer.o(.text.timer_init)
    __arm_cp.2_1                             0x08004ff0   Number         4  gd32e23x_timer.o(.text.timer_init)
    __arm_cp.2_2                             0x08004ff4   Number         4  gd32e23x_timer.o(.text.timer_init)
    __arm_cp.2_3                             0x08004ff8   Number         4  gd32e23x_timer.o(.text.timer_init)
    __arm_cp.2_4                             0x08004ffc   Number         4  gd32e23x_timer.o(.text.timer_init)
    __arm_cp.2_5                             0x08005000   Number         4  gd32e23x_timer.o(.text.timer_init)
    [Anonymous Symbol]                       0x08005004   Section        0  gd32e23x_timer.o(.text.timer_input_capture_config)
    [Anonymous Symbol]                       0x080051ce   Section        0  gd32e23x_timer.o(.text.timer_interrupt_enable)
    [Anonymous Symbol]                       0x080051ec   Section        0  gd32e23x_timer.o(.text.timer_interrupt_flag_clear)
    [Anonymous Symbol]                       0x08005206   Section        0  gd32e23x_timer.o(.text.timer_interrupt_flag_get)
    [Anonymous Symbol]                       0x0800524a   Section        0  gd32e23x_timer.o(.text.timer_primary_output_config)
    [Anonymous Symbol]                       0x08005284   Section        0  gd32e23x_timer.o(.text.timer_struct_para_init)
    __arm_cp.1_0                             0x080052ac   Number         4  gd32e23x_timer.o(.text.timer_struct_para_init)
    [Anonymous Symbol]                       0x080052b0   Section        0  gd32e23x_usart.o(.text.usart_baudrate_set)
    __arm_cp.1_2                             0x08005364   Number         4  gd32e23x_usart.o(.text.usart_baudrate_set)
    [Anonymous Symbol]                       0x08005368   Section        0  gd32e23x_usart.o(.text.usart_deinit)
    __arm_cp.0_0                             0x080053b0   Number         4  gd32e23x_usart.o(.text.usart_deinit)
    __arm_cp.0_1                             0x080053b4   Number         4  gd32e23x_usart.o(.text.usart_deinit)
    __arm_cp.0_2                             0x080053b8   Number         4  gd32e23x_usart.o(.text.usart_deinit)
    __arm_cp.0_3                             0x080053bc   Number         4  gd32e23x_usart.o(.text.usart_deinit)
    [Anonymous Symbol]                       0x080053c0   Section        0  gd32e23x_usart.o(.text.usart_enable)
    [Anonymous Symbol]                       0x080053d6   Section        0  gd32e23x_usart.o(.text.usart_parity_config)
    [Anonymous Symbol]                       0x0800540a   Section        0  gd32e23x_usart.o(.text.usart_receive_config)
    [Anonymous Symbol]                       0x08005432   Section        0  gd32e23x_usart.o(.text.usart_stop_bit_set)
    [Anonymous Symbol]                       0x08005466   Section        0  gd32e23x_usart.o(.text.usart_transmit_config)
    [Anonymous Symbol]                       0x0800548e   Section        0  gd32e23x_usart.o(.text.usart_word_length_set)
    i.__0sprintf                             0x080054c4   Section        0  printfa.o(i.__0sprintf)
    i.__ARM_clz                              0x080054ec   Section        0  depilogue.o(i.__ARM_clz)
    i.__scatterload_copy                     0x0800551a   Section       14  handlers.o(i.__scatterload_copy)
    i.__scatterload_null                     0x08005528   Section        2  handlers.o(i.__scatterload_null)
    i.__scatterload_zeroinit                 0x0800552a   Section       14  handlers.o(i.__scatterload_zeroinit)
    i._fp_digits                             0x08005538   Section        0  printfa.o(i._fp_digits)
    _fp_digits                               0x08005539   Thumb Code   344  printfa.o(i._fp_digits)
    i._printf_core                           0x080056ac   Section        0  printfa.o(i._printf_core)
    _printf_core                             0x080056ad   Thumb Code  1754  printfa.o(i._printf_core)
    i._printf_post_padding                   0x08005d98   Section        0  printfa.o(i._printf_post_padding)
    _printf_post_padding                     0x08005d99   Thumb Code    32  printfa.o(i._printf_post_padding)
    i._printf_pre_padding                    0x08005db8   Section        0  printfa.o(i._printf_pre_padding)
    _printf_pre_padding                      0x08005db9   Thumb Code    44  printfa.o(i._printf_pre_padding)
    i._sputc                                 0x08005de4   Section        0  printfa.o(i._sputc)
    _sputc                                   0x08005de5   Thumb Code    10  printfa.o(i._sputc)
    [Anonymous Symbol]                       0x08007a22   Section        0  gd32e23x_rcu.o(.rodata.rcu_clock_freq_get.ahb_exp)
    rcu_clock_freq_get.ahb_exp               0x08007a22   Data          16  gd32e23x_rcu.o(.rodata.rcu_clock_freq_get.ahb_exp)
    [Anonymous Symbol]                       0x08007a32   Section        0  gd32e23x_rcu.o(.rodata.rcu_clock_freq_get.apb1_exp)
    rcu_clock_freq_get.apb1_exp              0x08007a32   Data           8  gd32e23x_rcu.o(.rodata.rcu_clock_freq_get.apb1_exp)
    [Anonymous Symbol]                       0x08007a3a   Section        0  gd32e23x_rcu.o(.rodata.rcu_clock_freq_get.apb2_exp)
    rcu_clock_freq_get.apb2_exp              0x08007a3a   Data           8  gd32e23x_rcu.o(.rodata.rcu_clock_freq_get.apb2_exp)
    [Anonymous Symbol]                       0x08007a42   Section        0  tft.o(.rodata.str1.1)
    .L.str.5                                 0x08007a42   Data           9  tft.o(.rodata.str1.1)
    .L.str.3                                 0x08007a44   Data           7  tft.o(.rodata.str1.1)
    .L.str.16                                0x08007a4b   Data          10  tft.o(.rodata.str1.1)
    .L.str.1                                 0x08007a55   Data           7  tft.o(.rodata.str1.1)
    .L.str.9                                 0x08007a5c   Data           8  tft.o(.rodata.str1.1)
    .L.str.11                                0x08007a64   Data           9  tft.o(.rodata.str1.1)
    .L.str.14                                0x08007a6d   Data           7  tft.o(.rodata.str1.1)
    .L.str.10                                0x08007a74   Data           9  tft.o(.rodata.str1.1)
    .L.str.15                                0x08007a7d   Data           7  tft.o(.rodata.str1.1)
    .L.str.12                                0x08007a84   Data           5  tft.o(.rodata.str1.1)
    .L.str.2                                 0x08007a89   Data           9  tft.o(.rodata.str1.1)
    .L.str.7                                 0x08007a92   Data           9  tft.o(.rodata.str1.1)
    .L.str.6                                 0x08007a9b   Data           7  tft.o(.rodata.str1.1)
    .L.str.8                                 0x08007aa2   Data           9  tft.o(.rodata.str1.1)
    .L.str.4                                 0x08007aab   Data           9  tft.o(.rodata.str1.1)
    .L.str.13                                0x08007ab4   Data           5  tft.o(.rodata.str1.1)
    .L.str                                   0x08007ab9   Data          11  tft.o(.rodata.str1.1)
    [Anonymous Symbol]                       0x20000004   Section        0  tft.o(.data.firstPoint)
    firstPoint                               0x20000004   Data           1  tft.o(.data.firstPoint)
    [Anonymous Symbol]                       0x20000008   Section        0  key.o(.bss.EXTI4_15_IRQHandler.anticlockwiseNum)
    EXTI4_15_IRQHandler.anticlockwiseNum     0x20000008   Data           1  key.o(.bss.EXTI4_15_IRQHandler.anticlockwiseNum)
    [Anonymous Symbol]                       0x20000009   Section        0  key.o(.bss.EXTI4_15_IRQHandler.clockwiseNum)
    EXTI4_15_IRQHandler.clockwiseNum         0x20000009   Data           1  key.o(.bss.EXTI4_15_IRQHandler.clockwiseNum)
    [Anonymous Symbol]                       0x20000268   Section        0  systick.o(.bss.count_1ms)
    count_1ms                                0x20000268   Data           4  systick.o(.bss.count_1ms)
    [Anonymous Symbol]                       0x2000026c   Section        0  systick.o(.bss.count_1us)
    count_1us                                0x2000026c   Data           4  systick.o(.bss.count_1us)
    [Anonymous Symbol]                       0x20000274   Section        0  tft.o(.bss.lastX)
    lastX                                    0x20000274   Data           2  tft.o(.bss.lastX)
    [Anonymous Symbol]                       0x20000276   Section        0  tft.o(.bss.lastY)
    lastY                                    0x20000276   Data           2  tft.o(.bss.lastY)
    STACK                                    0x20000748   Section     1536  startup_gd32e23x.o(STACK)

    Global Symbols

    Symbol Name                              Value     Ov Type        Size  Object(Section)

    BuildAttributes$$THM_ISAv3M$S$8M$PE$A:L22$X:L11$S22$IEEE1$IW$~IW$USESV6$~STKCKD$USESV7$~SHL$OTIME$ROPI$EBA8$MICROLIB$REQ8$PRES8$EABIv2 0x00000000   Number         0  anon$$obj.o ABSOLUTE
    __cpp_initialize__aeabi_                  - Undefined Weak Reference
    __cxa_finalize                            - Undefined Weak Reference
    __decompress                              - Undefined Weak Reference
    _clock_init                               - Undefined Weak Reference
    _microlib_exit                            - Undefined Weak Reference
    __Vectors_Size                           0x000000cc   Number         0  startup_gd32e23x.o ABSOLUTE
    __Vectors                                0x08000000   Data           4  startup_gd32e23x.o(RESET)
    __Vectors_End                            0x080000cc   Data           0  startup_gd32e23x.o(RESET)
    __main                                   0x080000cd   Thumb Code     0  entry.o(.ARM.Collect$$$$00000000)
    _main_stk                                0x080000cd   Thumb Code     0  entry2.o(.ARM.Collect$$$$00000001)
    _main_scatterload                        0x080000d1   Thumb Code     0  entry5.o(.ARM.Collect$$$$00000004)
    __main_after_scatterload                 0x080000d5   Thumb Code     0  entry5.o(.ARM.Collect$$$$00000004)
    _main_clock                              0x080000d5   Thumb Code     0  entry7b.o(.ARM.Collect$$$$00000008)
    _main_cpp_init                           0x080000d5   Thumb Code     0  entry8b.o(.ARM.Collect$$$$0000000A)
    _main_init                               0x080000d5   Thumb Code     0  entry9a.o(.ARM.Collect$$$$0000000B)
    __rt_final_cpp                           0x080000dd   Thumb Code     0  entry10a.o(.ARM.Collect$$$$0000000D)
    __rt_final_exit                          0x080000dd   Thumb Code     0  entry11a.o(.ARM.Collect$$$$0000000F)
    Reset_Handler                            0x080000e1   Thumb Code     8  startup_gd32e23x.o(.text)
    ADC_CMP_IRQHandler                       0x080000f3   Thumb Code     0  startup_gd32e23x.o(.text)
    DMA_Channel1_2_IRQHandler                0x080000f3   Thumb Code     0  startup_gd32e23x.o(.text)
    DMA_Channel3_4_IRQHandler                0x080000f3   Thumb Code     0  startup_gd32e23x.o(.text)
    EXTI0_1_IRQHandler                       0x080000f3   Thumb Code     0  startup_gd32e23x.o(.text)
    EXTI2_3_IRQHandler                       0x080000f3   Thumb Code     0  startup_gd32e23x.o(.text)
    FMC_IRQHandler                           0x080000f3   Thumb Code     0  startup_gd32e23x.o(.text)
    I2C0_ER_IRQHandler                       0x080000f3   Thumb Code     0  startup_gd32e23x.o(.text)
    I2C0_EV_IRQHandler                       0x080000f3   Thumb Code     0  startup_gd32e23x.o(.text)
    I2C1_ER_IRQHandler                       0x080000f3   Thumb Code     0  startup_gd32e23x.o(.text)
    I2C1_EV_IRQHandler                       0x080000f3   Thumb Code     0  startup_gd32e23x.o(.text)
    LVD_IRQHandler                           0x080000f3   Thumb Code     0  startup_gd32e23x.o(.text)
    RCU_IRQHandler                           0x080000f3   Thumb Code     0  startup_gd32e23x.o(.text)
    RTC_IRQHandler                           0x080000f3   Thumb Code     0  startup_gd32e23x.o(.text)
    SPI0_IRQHandler                          0x080000f3   Thumb Code     0  startup_gd32e23x.o(.text)
    SPI1_IRQHandler                          0x080000f3   Thumb Code     0  startup_gd32e23x.o(.text)
    TIMER0_BRK_UP_TRG_COM_IRQHandler         0x080000f3   Thumb Code     0  startup_gd32e23x.o(.text)
    TIMER0_Channel_IRQHandler                0x080000f3   Thumb Code     0  startup_gd32e23x.o(.text)
    TIMER13_IRQHandler                       0x080000f3   Thumb Code     0  startup_gd32e23x.o(.text)
    TIMER14_IRQHandler                       0x080000f3   Thumb Code     0  startup_gd32e23x.o(.text)
    TIMER15_IRQHandler                       0x080000f3   Thumb Code     0  startup_gd32e23x.o(.text)
    TIMER16_IRQHandler                       0x080000f3   Thumb Code     0  startup_gd32e23x.o(.text)
    TIMER5_IRQHandler                        0x080000f3   Thumb Code     0  startup_gd32e23x.o(.text)
    USART0_IRQHandler                        0x080000f3   Thumb Code     0  startup_gd32e23x.o(.text)
    USART1_IRQHandler                        0x080000f3   Thumb Code     0  startup_gd32e23x.o(.text)
    WWDGT_IRQHandler                         0x080000f3   Thumb Code     0  startup_gd32e23x.o(.text)
    __aeabi_fadd                             0x080000fd   Thumb Code   162  fadd.o(.text)
    __aeabi_fsub                             0x0800019f   Thumb Code     8  fadd.o(.text)
    __aeabi_frsub                            0x080001a7   Thumb Code     8  fadd.o(.text)
    __aeabi_fmul                             0x080001af   Thumb Code   122  fmul.o(.text)
    __aeabi_fdiv                             0x08000229   Thumb Code   124  fdiv.o(.text)
    __aeabi_fcmple                           0x080002a5   Thumb Code    28  fcmple.o(.text)
    __aeabi_fcmplt                           0x080002c1   Thumb Code    28  fcmplt.o(.text)
    __aeabi_fcmpge                           0x080002dd   Thumb Code    28  fcmpge.o(.text)
    __aeabi_dcmple                           0x080002f9   Thumb Code    44  dcmple.o(.text)
    __aeabi_dcmpgt                           0x08000325   Thumb Code    44  dcmpgt.o(.text)
    __aeabi_i2f                              0x08000351   Thumb Code    22  fflti.o(.text)
    __aeabi_ui2f                             0x08000367   Thumb Code    14  ffltui.o(.text)
    __aeabi_f2iz                             0x08000375   Thumb Code    50  ffixi.o(.text)
    __aeabi_f2uiz                            0x080003a7   Thumb Code    40  ffixui.o(.text)
    __aeabi_f2d                              0x080003cf   Thumb Code    40  f2d.o(.text)
    __aeabi_uidiv                            0x080003f7   Thumb Code     0  uidiv.o(.text)
    __aeabi_uidivmod                         0x080003f7   Thumb Code    44  uidiv.o(.text)
    __aeabi_uldivmod                         0x08000423   Thumb Code    96  uldiv.o(.text)
    __I$use$fp                               0x08000483   Thumb Code     0  iusefp.o(.text)
    _float_round                             0x08000483   Thumb Code    16  fepilogue.o(.text)
    _float_epilogue                          0x08000493   Thumb Code   114  fepilogue.o(.text)
    __aeabi_dadd                             0x08000505   Thumb Code   328  dadd.o(.text)
    __aeabi_dsub                             0x0800064d   Thumb Code    12  dadd.o(.text)
    __aeabi_drsub                            0x08000659   Thumb Code    12  dadd.o(.text)
    __aeabi_dmul                             0x08000669   Thumb Code   202  dmul.o(.text)
    __aeabi_ddiv                             0x08000739   Thumb Code   234  ddiv.o(.text)
    __aeabi_d2ulz                            0x08000829   Thumb Code    54  dfixul.o(.text)
    __aeabi_cdrcmple                         0x08000869   Thumb Code    38  cdrcmple.o(.text)
    __scatterload                            0x08000891   Thumb Code    28  init.o(.text)
    __scatterload_rt2                        0x08000891   Thumb Code     0  init.o(.text)
    __aeabi_llsl                             0x080008b5   Thumb Code    32  llshl.o(.text)
    _ll_shift_l                              0x080008b5   Thumb Code     0  llshl.o(.text)
    __aeabi_llsr                             0x080008d5   Thumb Code    34  llushr.o(.text)
    _ll_ushift_r                             0x080008d5   Thumb Code     0  llushr.o(.text)
    __aeabi_lasr                             0x080008f7   Thumb Code    38  llsshr.o(.text)
    _ll_sshift_r                             0x080008f7   Thumb Code     0  llsshr.o(.text)
    _double_round                            0x0800091d   Thumb Code    26  depilogue.o(.text)
    _double_epilogue                         0x08000937   Thumb Code   164  depilogue.o(.text)
    ADC_DMA_Init                             0x080009dd   Thumb Code   116  adc.o(.text.ADC_DMA_Init)
    CLose_LED                                0x08000a4d   Thumb Code    64  led.o(.text.CLose_LED)
    DMA_Channel0_IRQHandler                  0x08000a8d   Thumb Code    52  adc.o(.text.DMA_Channel0_IRQHandler)
    EXTI4_15_IRQHandler                      0x08000abd   Thumb Code   392  key.o(.text.EXTI4_15_IRQHandler)
    Get_ADC_Value                            0x08000c41   Thumb Code    68  adc.o(.text.Get_ADC_Value)
    HardFault_Handler                        0x08000c85   Thumb Code     4  gd32e23x_it.o(.text.HardFault_Handler)
    Init_ADC                                 0x08000c89   Thumb Code   156  adc.o(.text.Init_ADC)
    Init_EC11_GPIO                           0x08000d21   Thumb Code    80  key.o(.text.Init_EC11_GPIO)
    Init_FreqTimer                           0x08000d6d   Thumb Code   200  freq.o(.text.Init_FreqTimer)
    Init_Key_GPIO                            0x08000e31   Thumb Code   164  key.o(.text.Init_Key_GPIO)
    Init_LED_GPIO                            0x08000ed5   Thumb Code   108  led.o(.text.Init_LED_GPIO)
    Init_Oscilloscope                        0x08000f41   Thumb Code    62  main.o(.text.Init_Oscilloscope)
    Init_PWM_Output                          0x08000f81   Thumb Code   232  timer.o(.text.Init_PWM_Output)
    Init_SPI0_GPIO16                         0x080010f5   Thumb Code   148  tft_init.o(.text.Init_SPI0_GPIO16)
    Init_USART                               0x08001185   Thumb Code   200  usart.o(.text.Init_USART)
    Key_Handle                               0x0800124d   Thumb Code   572  key.o(.text.Key_Handle)
    NMI_Handler                              0x08001485   Thumb Code     2  gd32e23x_it.o(.text.NMI_Handler)
    PendSV_Handler                           0x08001487   Thumb Code     2  gd32e23x_it.o(.text.PendSV_Handler)
    SVC_Handler                              0x080014e5   Thumb Code     2  gd32e23x_it.o(.text.SVC_Handler)
    Set_Output_Freq                          0x080014e9   Thumb Code    36  timer.o(.text.Set_Output_Freq)
    Set_Output_PWMComparex                   0x08001509   Thumb Code    32  timer.o(.text.Set_Output_PWMComparex)
    SysTick_Handler                          0x08001529   Thumb Code     2  gd32e23x_it.o(.text.SysTick_Handler)
    SystemInit                               0x0800152d   Thumb Code   252  system_gd32e23x.o(.text.SystemInit)
    TFT_Address_Set16                        0x08001629   Thumb Code   110  tft_init.o(.text.TFT_Address_Set16)
    TFT_DrawLine                             0x08001697   Thumb Code   338  tft.o(.text.TFT_DrawLine)
    TFT_DrawPoint                            0x080017e9   Thumb Code    60  tft.o(.text.TFT_DrawPoint)
    TFT_Fill                                 0x08001825   Thumb Code   174  tft.o(.text.TFT_Fill)
    TFT_Init                                 0x08001911   Thumb Code   560  tft_init.o(.text.TFT_Init)
    TFT_ShowChar                             0x08001b41   Thumb Code   532  tft.o(.text.TFT_ShowChar)
    TFT_ShowChinese                          0x08001d55   Thumb Code   254  tft.o(.text.TFT_ShowChinese)
    TFT_ShowChinese12x12                     0x08001e55   Thumb Code   536  tft.o(.text.TFT_ShowChinese12x12)
    TFT_ShowChinese16x16                     0x0800206d   Thumb Code   536  tft.o(.text.TFT_ShowChinese16x16)
    TFT_ShowChinese24x24                     0x08002285   Thumb Code   536  tft.o(.text.TFT_ShowChinese24x24)
    TFT_ShowString                           0x0800249d   Thumb Code   160  tft.o(.text.TFT_ShowString)
    TFT_ShowUI                               0x0800253d   Thumb Code   724  tft.o(.text.TFT_ShowUI)
    TFT_StaticUI                             0x08002811   Thumb Code   840  tft.o(.text.TFT_StaticUI)
    TFT_WR_DATA16                            0x08002b59   Thumb Code    52  tft_init.o(.text.TFT_WR_DATA16)
    TFT_WR_DATA8                             0x08002b89   Thumb Code    52  tft_init.o(.text.TFT_WR_DATA8)
    TFT_WR_REG                               0x08002bb9   Thumb Code    76  tft_init.o(.text.TFT_WR_REG)
    TFT_WR_REG16                             0x08002c01   Thumb Code    76  tft_init.o(.text.TFT_WR_REG16)
    TIMER2_IRQHandler                        0x08002c4d   Thumb Code   248  freq.o(.text.TIMER2_IRQHandler)
    adc_calibration_enable                   0x08002e11   Thumb Code    60  gd32e23x_adc.o(.text.adc_calibration_enable)
    adc_channel_length_config                0x08002e49   Thumb Code   116  gd32e23x_adc.o(.text.adc_channel_length_config)
    adc_data_alignment_config                0x08002eb9   Thumb Code    52  gd32e23x_adc.o(.text.adc_data_alignment_config)
    adc_dma_mode_enable                      0x08002ee9   Thumb Code    20  gd32e23x_adc.o(.text.adc_dma_mode_enable)
    adc_enable                               0x08002ef9   Thumb Code    32  gd32e23x_adc.o(.text.adc_enable)
    adc_external_trigger_config              0x08002f15   Thumb Code   144  gd32e23x_adc.o(.text.adc_external_trigger_config)
    adc_external_trigger_source_config       0x08002fa1   Thumb Code    92  gd32e23x_adc.o(.text.adc_external_trigger_source_config)
    adc_regular_channel_config               0x08002ff9   Thumb Code   356  gd32e23x_adc.o(.text.adc_regular_channel_config)
    adc_software_trigger_enable              0x0800315d   Thumb Code    68  gd32e23x_adc.o(.text.adc_software_trigger_enable)
    adc_special_function_config              0x080031a1   Thumb Code   180  gd32e23x_adc.o(.text.adc_special_function_config)
    delay_1ms                                0x08003255   Thumb Code   136  systick.o(.text.delay_1ms)
    dma_channel_disable                      0x080032dd   Thumb Code    36  gd32e23x_dma.o(.text.dma_channel_disable)
    dma_channel_enable                       0x080032fd   Thumb Code    36  gd32e23x_dma.o(.text.dma_channel_enable)
    dma_circulation_enable                   0x0800331d   Thumb Code    36  gd32e23x_dma.o(.text.dma_circulation_enable)
    dma_deinit                               0x0800333d   Thumb Code   108  gd32e23x_dma.o(.text.dma_deinit)
    dma_init                                 0x08003395   Thumb Code   292  gd32e23x_dma.o(.text.dma_init)
    dma_interrupt_enable                     0x080034b1   Thumb Code    44  gd32e23x_dma.o(.text.dma_interrupt_enable)
    dma_interrupt_flag_clear                 0x080034d9   Thumb Code    44  gd32e23x_dma.o(.text.dma_interrupt_flag_clear)
    dma_interrupt_flag_get                   0x08003505   Thumb Code   208  gd32e23x_dma.o(.text.dma_interrupt_flag_get)
    dma_transfer_number_config               0x080035d5   Thumb Code    40  gd32e23x_dma.o(.text.dma_transfer_number_config)
    drawCurve                                0x080035fd   Thumb Code   276  tft.o(.text.drawCurve)
    exti_init                                0x08003711   Thumb Code   240  gd32e23x_exti.o(.text.exti_init)
    exti_interrupt_flag_clear                0x08003801   Thumb Code    24  gd32e23x_exti.o(.text.exti_interrupt_flag_clear)
    exti_interrupt_flag_get                  0x08003815   Thumb Code    48  gd32e23x_exti.o(.text.exti_interrupt_flag_get)
    gpio_af_set                              0x08003845   Thumb Code   210  gd32e23x_gpio.o(.text.gpio_af_set)
    gpio_bit_reset                           0x08003917   Thumb Code    24  gd32e23x_gpio.o(.text.gpio_bit_reset)
    gpio_bit_set                             0x0800392f   Thumb Code    24  gd32e23x_gpio.o(.text.gpio_bit_set)
    gpio_input_bit_get                       0x08003947   Thumb Code    50  gd32e23x_gpio.o(.text.gpio_input_bit_get)
    gpio_mode_set                            0x08003979   Thumb Code   162  gd32e23x_gpio.o(.text.gpio_mode_set)
    gpio_output_options_set                  0x08003a1b   Thumb Code   156  gd32e23x_gpio.o(.text.gpio_output_options_set)
    main                                     0x08003ab9   Thumb Code   696  main.o(.text.main)
    nvic_irq_enable                          0x08003d71   Thumb Code    46  gd32e23x_misc.o(.text.nvic_irq_enable)
    nvic_vector_table_set                    0x08003da1   Thumb Code    48  gd32e23x_misc.o(.text.nvic_vector_table_set)
    rcu_adc_clock_config                     0x08003dd1   Thumb Code   400  gd32e23x_rcu.o(.text.rcu_adc_clock_config)
    rcu_clock_freq_get                       0x08003f61   Thumb Code   764  gd32e23x_rcu.o(.text.rcu_clock_freq_get)
    rcu_periph_clock_enable                  0x0800425d   Thumb Code    44  gd32e23x_rcu.o(.text.rcu_periph_clock_enable)
    rcu_periph_reset_disable                 0x08004285   Thumb Code    44  gd32e23x_rcu.o(.text.rcu_periph_reset_disable)
    rcu_periph_reset_enable                  0x080042ad   Thumb Code    44  gd32e23x_rcu.o(.text.rcu_periph_reset_enable)
    spi_enable                               0x080042d9   Thumb Code    22  gd32e23x_spi.o(.text.spi_enable)
    spi_i2s_data_transmit                    0x080042f1   Thumb Code    92  gd32e23x_spi.o(.text.spi_i2s_data_transmit)
    spi_i2s_deinit                           0x08004349   Thumb Code    84  gd32e23x_spi.o(.text.spi_i2s_deinit)
    spi_i2s_flag_get                         0x08004395   Thumb Code   144  gd32e23x_spi.o(.text.spi_i2s_flag_get)
    spi_init                                 0x08004425   Thumb Code   320  gd32e23x_spi.o(.text.spi_init)
    spi_struct_para_init                     0x08004565   Thumb Code    46  gd32e23x_spi.o(.text.spi_struct_para_init)
    syscfg_exti_line_config                  0x08004595   Thumb Code   188  gd32e23x_syscfg.o(.text.syscfg_exti_line_config)
    systick_clksource_set                    0x08004741   Thumb Code    48  gd32e23x_misc.o(.text.systick_clksource_set)
    systick_config                           0x08004771   Thumb Code    64  systick.o(.text.systick_config)
    timer_auto_reload_shadow_enable          0x080047b1   Thumb Code    22  gd32e23x_timer.o(.text.timer_auto_reload_shadow_enable)
    timer_autoreload_value_config            0x080047c7   Thumb Code    26  gd32e23x_timer.o(.text.timer_autoreload_value_config)
    timer_channel_capture_value_register_read 0x080047e1   Thumb Code    96  gd32e23x_timer.o(.text.timer_channel_capture_value_register_read)
    timer_channel_input_capture_prescaler_config 0x08004841   Thumb Code   170  gd32e23x_timer.o(.text.timer_channel_input_capture_prescaler_config)
    timer_channel_input_struct_para_init     0x080048eb   Thumb Code    32  gd32e23x_timer.o(.text.timer_channel_input_struct_para_init)
    timer_channel_output_config              0x0800490d   Thumb Code   768  gd32e23x_timer.o(.text.timer_channel_output_config)
    timer_channel_output_mode_config         0x08004c0d   Thumb Code   170  gd32e23x_timer.o(.text.timer_channel_output_mode_config)
    timer_channel_output_pulse_value_config  0x08004cb9   Thumb Code    98  gd32e23x_timer.o(.text.timer_channel_output_pulse_value_config)
    timer_channel_output_shadow_config       0x08004d1d   Thumb Code   170  gd32e23x_timer.o(.text.timer_channel_output_shadow_config)
    timer_channel_output_struct_para_init    0x08004dc7   Thumb Code    38  gd32e23x_timer.o(.text.timer_channel_output_struct_para_init)
    timer_deinit                             0x08004ded   Thumb Code   252  gd32e23x_timer.o(.text.timer_deinit)
    timer_disable                            0x08004ed5   Thumb Code    22  gd32e23x_timer.o(.text.timer_disable)
    timer_enable                             0x08004eeb   Thumb Code    22  gd32e23x_timer.o(.text.timer_enable)
    timer_init                               0x08004f01   Thumb Code   260  gd32e23x_timer.o(.text.timer_init)
    timer_input_capture_config               0x08005005   Thumb Code   458  gd32e23x_timer.o(.text.timer_input_capture_config)
    timer_interrupt_enable                   0x080051cf   Thumb Code    30  gd32e23x_timer.o(.text.timer_interrupt_enable)
    timer_interrupt_flag_clear               0x080051ed   Thumb Code    26  gd32e23x_timer.o(.text.timer_interrupt_flag_clear)
    timer_interrupt_flag_get                 0x08005207   Thumb Code    68  gd32e23x_timer.o(.text.timer_interrupt_flag_get)
    timer_primary_output_config              0x0800524b   Thumb Code    56  gd32e23x_timer.o(.text.timer_primary_output_config)
    timer_struct_para_init                   0x08005285   Thumb Code    44  gd32e23x_timer.o(.text.timer_struct_para_init)
    usart_baudrate_set                       0x080052b1   Thumb Code   192  gd32e23x_usart.o(.text.usart_baudrate_set)
    usart_deinit                             0x08005369   Thumb Code    88  gd32e23x_usart.o(.text.usart_deinit)
    usart_enable                             0x080053c1   Thumb Code    22  gd32e23x_usart.o(.text.usart_enable)
    usart_parity_config                      0x080053d7   Thumb Code    52  gd32e23x_usart.o(.text.usart_parity_config)
    usart_receive_config                     0x0800540b   Thumb Code    40  gd32e23x_usart.o(.text.usart_receive_config)
    usart_stop_bit_set                       0x08005433   Thumb Code    52  gd32e23x_usart.o(.text.usart_stop_bit_set)
    usart_transmit_config                    0x08005467   Thumb Code    40  gd32e23x_usart.o(.text.usart_transmit_config)
    usart_word_length_set                    0x0800548f   Thumb Code    52  gd32e23x_usart.o(.text.usart_word_length_set)
    __0sprintf                               0x080054c5   Thumb Code    36  printfa.o(i.__0sprintf)
    __1sprintf                               0x080054c5   Thumb Code     0  printfa.o(i.__0sprintf)
    __2sprintf                               0x080054c5   Thumb Code     0  printfa.o(i.__0sprintf)
    __c89sprintf                             0x080054c5   Thumb Code     0  printfa.o(i.__0sprintf)
    sprintf                                  0x080054c5   Thumb Code     0  printfa.o(i.__0sprintf)
    __ARM_clz                                0x080054ed   Thumb Code    46  depilogue.o(i.__ARM_clz)
    __scatterload_copy                       0x0800551b   Thumb Code    14  handlers.o(i.__scatterload_copy)
    __scatterload_null                       0x08005529   Thumb Code     2  handlers.o(i.__scatterload_null)
    __scatterload_zeroinit                   0x0800552b   Thumb Code    14  handlers.o(i.__scatterload_zeroinit)
    ascii_1206                               0x08005dee   Data        1140  tft.o(.rodata.ascii_1206)
    ascii_1608                               0x08006262   Data        1520  tft.o(.rodata.ascii_1608)
    ascii_2412                               0x08006852   Data        4560  tft.o(.rodata.ascii_2412)
    tfont12                                  0x08007ac4   Data         338  tft.o(.rodata.tfont12)
    tfont16                                  0x08007c16   Data         306  tft.o(.rodata.tfont16)
    tfont24                                  0x08007d48   Data         370  tft.o(.rodata.tfont24)
    Region$$Table$$Base                      0x08007ebc   Number         0  anon$$obj.o(Region$$Table)
    Region$$Table$$Limit                     0x08007edc   Number         0  anon$$obj.o(Region$$Table)
    SystemCoreClock                          0x20000000   Data           4  system_gd32e23x.o(.data.SystemCoreClock)
    adc_value                                0x2000000a   Data         600  adc.o(.bss.adc_value)
    ccnumber                                 0x20000262   Data           2  freq.o(.bss.ccnumber)
    count                                    0x20000264   Data           4  freq.o(.bss.count)
    freq                                     0x20000270   Data           4  freq.o(.bss.freq)
    oscilloscope                             0x20000278   Data        1224  main.o(.bss.oscilloscope)
    readvalue1                               0x20000740   Data           2  freq.o(.bss.readvalue1)
    readvalue2                               0x20000742   Data           2  freq.o(.bss.readvalue2)
    __initial_sp                             0x20000d48   Data           0  startup_gd32e23x.o(STACK)



==============================================================================

Memory Map of the image

  Image Entry point : 0x080000cd

  Load Region LR_IROM1 (Base: 0x08000000, Size: 0x00007ee8, Max: 0x00010000, ABSOLUTE)

    Execution Region ER_IROM1 (Exec base: 0x08000000, Load base: 0x08000000, Size: 0x00007edc, Max: 0x00010000, ABSOLUTE)

    Exec Addr    Load Addr    Size         Type   Attr      Idx    E Section Name        Object

    0x08000000   0x08000000   0x000000cc   Data   RO         1254    RESET               startup_gd32e23x.o
    0x080000cc   0x080000cc   0x00000000   Code   RO         1478  * .ARM.Collect$$$$00000000  mc_p.l(entry.o)
    0x080000cc   0x080000cc   0x00000004   Code   RO         1535    .ARM.Collect$$$$00000001  mc_p.l(entry2.o)
    0x080000d0   0x080000d0   0x00000004   Code   RO         1538    .ARM.Collect$$$$00000004  mc_p.l(entry5.o)
    0x080000d4   0x080000d4   0x00000000   Code   RO         1540    .ARM.Collect$$$$00000008  mc_p.l(entry7b.o)
    0x080000d4   0x080000d4   0x00000000   Code   RO         1542    .ARM.Collect$$$$0000000A  mc_p.l(entry8b.o)
    0x080000d4   0x080000d4   0x00000008   Code   RO         1543    .ARM.Collect$$$$0000000B  mc_p.l(entry9a.o)
    0x080000dc   0x080000dc   0x00000000   Code   RO         1545    .ARM.Collect$$$$0000000D  mc_p.l(entry10a.o)
    0x080000dc   0x080000dc   0x00000000   Code   RO         1547    .ARM.Collect$$$$0000000F  mc_p.l(entry11a.o)
    0x080000dc   0x080000dc   0x00000004   Code   RO         1536    .ARM.Collect$$$$00002712  mc_p.l(entry2.o)
    0x080000e0   0x080000e0   0x0000001c   Code   RO         1255    .text               startup_gd32e23x.o
    0x080000fc   0x080000fc   0x000000b2   Code   RO         1509    .text               mf_p.l(fadd.o)
    0x080001ae   0x080001ae   0x0000007a   Code   RO         1511    .text               mf_p.l(fmul.o)
    0x08000228   0x08000228   0x0000007c   Code   RO         1513    .text               mf_p.l(fdiv.o)
    0x080002a4   0x080002a4   0x0000001c   Code   RO         1515    .text               mf_p.l(fcmple.o)
    0x080002c0   0x080002c0   0x0000001c   Code   RO         1517    .text               mf_p.l(fcmplt.o)
    0x080002dc   0x080002dc   0x0000001c   Code   RO         1519    .text               mf_p.l(fcmpge.o)
    0x080002f8   0x080002f8   0x0000002c   Code   RO         1521    .text               mf_p.l(dcmple.o)
    0x08000324   0x08000324   0x0000002c   Code   RO         1523    .text               mf_p.l(dcmpgt.o)
    0x08000350   0x08000350   0x00000016   Code   RO         1525    .text               mf_p.l(fflti.o)
    0x08000366   0x08000366   0x0000000e   Code   RO         1527    .text               mf_p.l(ffltui.o)
    0x08000374   0x08000374   0x00000032   Code   RO         1529    .text               mf_p.l(ffixi.o)
    0x080003a6   0x080003a6   0x00000028   Code   RO         1531    .text               mf_p.l(ffixui.o)
    0x080003ce   0x080003ce   0x00000028   Code   RO         1533    .text               mf_p.l(f2d.o)
    0x080003f6   0x080003f6   0x0000002c   Code   RO         1550    .text               mc_p.l(uidiv.o)
    0x08000422   0x08000422   0x00000060   Code   RO         1552    .text               mc_p.l(uldiv.o)
    0x08000482   0x08000482   0x00000000   Code   RO         1554    .text               mc_p.l(iusefp.o)
    0x08000482   0x08000482   0x00000082   Code   RO         1555    .text               mf_p.l(fepilogue.o)
    0x08000504   0x08000504   0x00000164   Code   RO         1557    .text               mf_p.l(dadd.o)
    0x08000668   0x08000668   0x000000d0   Code   RO         1559    .text               mf_p.l(dmul.o)
    0x08000738   0x08000738   0x000000f0   Code   RO         1561    .text               mf_p.l(ddiv.o)
    0x08000828   0x08000828   0x00000040   Code   RO         1563    .text               mf_p.l(dfixul.o)
    0x08000868   0x08000868   0x00000028   Code   RO         1565    .text               mf_p.l(cdrcmple.o)
    0x08000890   0x08000890   0x00000024   Code   RO         1567    .text               mc_p.l(init.o)
    0x080008b4   0x080008b4   0x00000020   Code   RO         1569    .text               mc_p.l(llshl.o)
    0x080008d4   0x080008d4   0x00000022   Code   RO         1571    .text               mc_p.l(llushr.o)
    0x080008f6   0x080008f6   0x00000026   Code   RO         1573    .text               mc_p.l(llsshr.o)
    0x0800091c   0x0800091c   0x000000be   Code   RO         1575    .text               mf_p.l(depilogue.o)
    0x080009da   0x080009da   0x00000002   PAD
    0x080009dc   0x080009dc   0x00000070   Code   RO         1390    .text.ADC_DMA_Init  adc.o
    0x08000a4c   0x08000a4c   0x00000040   Code   RO         1285    .text.CLose_LED     led.o
    0x08000a8c   0x08000a8c   0x00000030   Code   RO         1392    .text.DMA_Channel0_IRQHandler  adc.o
    0x08000abc   0x08000abc   0x00000184   Code   RO         1444    .text.EXTI4_15_IRQHandler  key.o
    0x08000c40   0x08000c40   0x00000044   Code   RO         1386    .text.Get_ADC_Value  adc.o
    0x08000c84   0x08000c84   0x00000004   Code   RO           20    .text.HardFault_Handler  gd32e23x_it.o
    0x08000c88   0x08000c88   0x00000098   Code   RO         1388    .text.Init_ADC      adc.o
    0x08000d20   0x08000d20   0x0000004c   Code   RO         1440    .text.Init_EC11_GPIO  key.o
    0x08000d6c   0x08000d6c   0x000000c4   Code   RO         1459    .text.Init_FreqTimer  freq.o
    0x08000e30   0x08000e30   0x000000a4   Code   RO         1438    .text.Init_Key_GPIO  key.o
    0x08000ed4   0x08000ed4   0x0000006c   Code   RO         1283    .text.Init_LED_GPIO  led.o
    0x08000f40   0x08000f40   0x0000003e   Code   RO            4    .text.Init_Oscilloscope  main.o
    0x08000f7e   0x08000f7e   0x00000002   PAD
    0x08000f80   0x08000f80   0x000000e8   Code   RO         1421    .text.Init_PWM_Output  timer.o
    0x08001068   0x08001068   0x0000008c   Code   RO         1324    .text.Init_SPI0_GPIO  tft_init.o
    0x080010f4   0x080010f4   0x00000090   Code   RO         1300    .text.Init_SPI0_GPIO16  tft_init.o
    0x08001184   0x08001184   0x000000c8   Code   RO         1406    .text.Init_USART    usart.o
    0x0800124c   0x0800124c   0x00000238   Code   RO         1442    .text.Key_Handle    key.o
    0x08001484   0x08001484   0x00000002   Code   RO           18    .text.NMI_Handler   gd32e23x_it.o
    0x08001486   0x08001486   0x00000002   Code   RO           24    .text.PendSV_Handler  gd32e23x_it.o
    0x08001488   0x08001488   0x0000002c   Code   RO         1304    .text.SPI0_Write    tft_init.o
    0x080014b4   0x080014b4   0x00000030   Code   RO         1310    .text.SPI0_Write16  tft_init.o
    0x080014e4   0x080014e4   0x00000002   Code   RO           22    .text.SVC_Handler   gd32e23x_it.o
    0x080014e6   0x080014e6   0x00000002   PAD
    0x080014e8   0x080014e8   0x00000020   Code   RO         1425    .text.Set_Output_Freq  timer.o
    0x08001508   0x08001508   0x00000020   Code   RO         1423    .text.Set_Output_PWMComparex  timer.o
    0x08001528   0x08001528   0x00000002   Code   RO           26    .text.SysTick_Handler  gd32e23x_it.o
    0x0800152a   0x0800152a   0x00000002   PAD
    0x0800152c   0x0800152c   0x000000fc   Code   RO         1262    .text.SystemInit    system_gd32e23x.o
    0x08001628   0x08001628   0x0000006e   Code   RO         1318    .text.TFT_Address_Set16  tft_init.o
    0x08001696   0x08001696   0x00000152   Code   RO         1341    .text.TFT_DrawLine  tft.o
    0x080017e8   0x080017e8   0x0000003c   Code   RO         1339    .text.TFT_DrawPoint  tft.o
    0x08001824   0x08001824   0x000000ae   Code   RO         1337    .text.TFT_Fill      tft.o
    0x080018d2   0x080018d2   0x00000002   PAD
    0x080018d4   0x080018d4   0x0000003c   Code   RO         1322    .text.TFT_GPIO_Init  tft_init.o
    0x08001910   0x08001910   0x00000230   Code   RO         1320    .text.TFT_Init      tft_init.o
    0x08001b40   0x08001b40   0x00000214   Code   RO         1349    .text.TFT_ShowChar  tft.o
    0x08001d54   0x08001d54   0x000000fe   Code   RO         1353    .text.TFT_ShowChinese  tft.o
    0x08001e52   0x08001e52   0x00000002   PAD
    0x08001e54   0x08001e54   0x00000218   Code   RO         1355    .text.TFT_ShowChinese12x12  tft.o
    0x0800206c   0x0800206c   0x00000218   Code   RO         1357    .text.TFT_ShowChinese16x16  tft.o
    0x08002284   0x08002284   0x00000218   Code   RO         1359    .text.TFT_ShowChinese24x24  tft.o
    0x0800249c   0x0800249c   0x000000a0   Code   RO         1351    .text.TFT_ShowString  tft.o
    0x0800253c   0x0800253c   0x000002d4   Code   RO         1363    .text.TFT_ShowUI    tft.o
    0x08002810   0x08002810   0x00000348   Code   RO         1361    .text.TFT_StaticUI  tft.o
    0x08002b58   0x08002b58   0x00000030   Code   RO         1308    .text.TFT_WR_DATA16  tft_init.o
    0x08002b88   0x08002b88   0x00000030   Code   RO         1302    .text.TFT_WR_DATA8  tft_init.o
    0x08002bb8   0x08002bb8   0x00000048   Code   RO         1312    .text.TFT_WR_REG    tft_init.o
    0x08002c00   0x08002c00   0x0000004c   Code   RO         1314    .text.TFT_WR_REG16  tft_init.o
    0x08002c4c   0x08002c4c   0x000000f8   Code   RO         1461    .text.TIMER2_IRQHandler  freq.o
    0x08002d44   0x08002d44   0x0000003c   Code   RO          555    .text.__NVIC_EnableIRQ  gd32e23x_misc.o
    0x08002d80   0x08002d80   0x00000090   Code   RO          553    .text.__NVIC_SetPriority  gd32e23x_misc.o
    0x08002e10   0x08002e10   0x00000038   Code   RO           67    .text.adc_calibration_enable  gd32e23x_adc.o
    0x08002e48   0x08002e48   0x00000070   Code   RO           83    .text.adc_channel_length_config  gd32e23x_adc.o
    0x08002eb8   0x08002eb8   0x00000030   Code   RO           81    .text.adc_data_alignment_config  gd32e23x_adc.o
    0x08002ee8   0x08002ee8   0x00000010   Code   RO           69    .text.adc_dma_mode_enable  gd32e23x_adc.o
    0x08002ef8   0x08002ef8   0x0000001c   Code   RO           63    .text.adc_enable    gd32e23x_adc.o
    0x08002f14   0x08002f14   0x0000008c   Code   RO           91    .text.adc_external_trigger_config  gd32e23x_adc.o
    0x08002fa0   0x08002fa0   0x00000058   Code   RO           93    .text.adc_external_trigger_source_config  gd32e23x_adc.o
    0x08002ff8   0x08002ff8   0x00000164   Code   RO           85    .text.adc_regular_channel_config  gd32e23x_adc.o
    0x0800315c   0x0800315c   0x00000044   Code   RO           95    .text.adc_software_trigger_enable  gd32e23x_adc.o
    0x080031a0   0x080031a0   0x000000b4   Code   RO           79    .text.adc_special_function_config  gd32e23x_adc.o
    0x08003254   0x08003254   0x00000088   Code   RO           44    .text.delay_1ms     systick.o
    0x080032dc   0x080032dc   0x00000020   Code   RO          235    .text.dma_channel_disable  gd32e23x_dma.o
    0x080032fc   0x080032fc   0x00000020   Code   RO          245    .text.dma_channel_enable  gd32e23x_dma.o
    0x0800331c   0x0800331c   0x00000020   Code   RO          237    .text.dma_circulation_enable  gd32e23x_dma.o
    0x0800333c   0x0800333c   0x00000058   Code   RO          229    .text.dma_deinit    gd32e23x_dma.o
    0x08003394   0x08003394   0x0000011c   Code   RO          233    .text.dma_init      gd32e23x_dma.o
    0x080034b0   0x080034b0   0x00000028   Code   RO          279    .text.dma_interrupt_enable  gd32e23x_dma.o
    0x080034d8   0x080034d8   0x0000002c   Code   RO          277    .text.dma_interrupt_flag_clear  gd32e23x_dma.o
    0x08003504   0x08003504   0x000000d0   Code   RO          275    .text.dma_interrupt_flag_get  gd32e23x_dma.o
    0x080035d4   0x080035d4   0x00000028   Code   RO          251    .text.dma_transfer_number_config  gd32e23x_dma.o
    0x080035fc   0x080035fc   0x00000114   Code   RO         1347    .text.drawCurve     tft.o
    0x08003710   0x08003710   0x000000f0   Code   RO          296    .text.exti_init     gd32e23x_exti.o
    0x08003800   0x08003800   0x00000014   Code   RO          316    .text.exti_interrupt_flag_clear  gd32e23x_exti.o
    0x08003814   0x08003814   0x00000030   Code   RO          314    .text.exti_interrupt_flag_get  gd32e23x_exti.o
    0x08003844   0x08003844   0x000000d2   Code   RO          451    .text.gpio_af_set   gd32e23x_gpio.o
    0x08003916   0x08003916   0x00000018   Code   RO          437    .text.gpio_bit_reset  gd32e23x_gpio.o
    0x0800392e   0x0800392e   0x00000018   Code   RO          435    .text.gpio_bit_set  gd32e23x_gpio.o
    0x08003946   0x08003946   0x00000032   Code   RO          443    .text.gpio_input_bit_get  gd32e23x_gpio.o
    0x08003978   0x08003978   0x000000a2   Code   RO          431    .text.gpio_mode_set  gd32e23x_gpio.o
    0x08003a1a   0x08003a1a   0x0000009c   Code   RO          433    .text.gpio_output_options_set  gd32e23x_gpio.o
    0x08003ab6   0x08003ab6   0x00000002   PAD
    0x08003ab8   0x08003ab8   0x000002b8   Code   RO            2    .text.main          main.o
    0x08003d70   0x08003d70   0x0000002e   Code   RO          551    .text.nvic_irq_enable  gd32e23x_misc.o
    0x08003d9e   0x08003d9e   0x00000002   PAD
    0x08003da0   0x08003da0   0x00000030   Code   RO          565    .text.nvic_vector_table_set  gd32e23x_misc.o
    0x08003dd0   0x08003dd0   0x00000190   Code   RO          649    .text.rcu_adc_clock_config  gd32e23x_rcu.o
    0x08003f60   0x08003f60   0x000002fc   Code   RO          687    .text.rcu_clock_freq_get  gd32e23x_rcu.o
    0x0800425c   0x0800425c   0x00000028   Code   RO          623    .text.rcu_periph_clock_enable  gd32e23x_rcu.o
    0x08004284   0x08004284   0x00000028   Code   RO          633    .text.rcu_periph_reset_disable  gd32e23x_rcu.o
    0x080042ac   0x080042ac   0x0000002c   Code   RO          631    .text.rcu_periph_reset_enable  gd32e23x_rcu.o
    0x080042d8   0x080042d8   0x00000016   Code   RO          792    .text.spi_enable    gd32e23x_spi.o
    0x080042ee   0x080042ee   0x00000002   PAD
    0x080042f0   0x080042f0   0x00000058   Code   RO          826    .text.spi_i2s_data_transmit  gd32e23x_spi.o
    0x08004348   0x08004348   0x0000004c   Code   RO          786    .text.spi_i2s_deinit  gd32e23x_spi.o
    0x08004394   0x08004394   0x00000090   Code   RO          868    .text.spi_i2s_flag_get  gd32e23x_spi.o
    0x08004424   0x08004424   0x00000140   Code   RO          790    .text.spi_init      gd32e23x_spi.o
    0x08004564   0x08004564   0x0000002e   Code   RO          788    .text.spi_struct_para_init  gd32e23x_spi.o
    0x08004592   0x08004592   0x00000002   PAD
    0x08004594   0x08004594   0x000000bc   Code   RO          897    .text.syscfg_exti_line_config  gd32e23x_syscfg.o
    0x08004650   0x08004650   0x000000e8   Code   RO         1268    .text.system_clock_72m_hxtal  system_gd32e23x.o
    0x08004738   0x08004738   0x00000008   Code   RO         1264    .text.system_clock_config  system_gd32e23x.o
    0x08004740   0x08004740   0x00000030   Code   RO          571    .text.systick_clksource_set  gd32e23x_misc.o
    0x08004770   0x08004770   0x00000040   Code   RO           38    .text.systick_config  systick.o
    0x080047b0   0x080047b0   0x00000016   Code   RO          928    .text.timer_auto_reload_shadow_enable  gd32e23x_timer.o
    0x080047c6   0x080047c6   0x0000001a   Code   RO          946    .text.timer_autoreload_value_config  gd32e23x_timer.o
    0x080047e0   0x080047e0   0x00000060   Code   RO         1028    .text.timer_channel_capture_value_register_read  gd32e23x_timer.o
    0x08004840   0x08004840   0x000000aa   Code   RO         1026    .text.timer_channel_input_capture_prescaler_config  gd32e23x_timer.o
    0x080048ea   0x080048ea   0x00000020   Code   RO         1022    .text.timer_channel_input_struct_para_init  gd32e23x_timer.o
    0x0800490a   0x0800490a   0x00000002   PAD
    0x0800490c   0x0800490c   0x00000300   Code   RO         1002    .text.timer_channel_output_config  gd32e23x_timer.o
    0x08004c0c   0x08004c0c   0x000000aa   Code   RO         1004    .text.timer_channel_output_mode_config  gd32e23x_timer.o
    0x08004cb6   0x08004cb6   0x00000002   PAD
    0x08004cb8   0x08004cb8   0x00000062   Code   RO         1006    .text.timer_channel_output_pulse_value_config  gd32e23x_timer.o
    0x08004d1a   0x08004d1a   0x00000002   PAD
    0x08004d1c   0x08004d1c   0x000000aa   Code   RO         1008    .text.timer_channel_output_shadow_config  gd32e23x_timer.o
    0x08004dc6   0x08004dc6   0x00000026   Code   RO         1000    .text.timer_channel_output_struct_para_init  gd32e23x_timer.o
    0x08004dec   0x08004dec   0x000000e8   Code   RO          918    .text.timer_deinit  gd32e23x_timer.o
    0x08004ed4   0x08004ed4   0x00000016   Code   RO          926    .text.timer_disable  gd32e23x_timer.o
    0x08004eea   0x08004eea   0x00000016   Code   RO          924    .text.timer_enable  gd32e23x_timer.o
    0x08004f00   0x08004f00   0x00000104   Code   RO          922    .text.timer_init    gd32e23x_timer.o
    0x08005004   0x08005004   0x000001ca   Code   RO         1024    .text.timer_input_capture_config  gd32e23x_timer.o
    0x080051ce   0x080051ce   0x0000001e   Code   RO          960    .text.timer_interrupt_enable  gd32e23x_timer.o
    0x080051ec   0x080051ec   0x0000001a   Code   RO          966    .text.timer_interrupt_flag_clear  gd32e23x_timer.o
    0x08005206   0x08005206   0x00000044   Code   RO          964    .text.timer_interrupt_flag_get  gd32e23x_timer.o
    0x0800524a   0x0800524a   0x00000038   Code   RO          994    .text.timer_primary_output_config  gd32e23x_timer.o
    0x08005282   0x08005282   0x00000002   PAD
    0x08005284   0x08005284   0x0000002c   Code   RO          920    .text.timer_struct_para_init  gd32e23x_timer.o
    0x080052b0   0x080052b0   0x000000b8   Code   RO         1077    .text.usart_baudrate_set  gd32e23x_usart.o
    0x08005368   0x08005368   0x00000058   Code   RO         1075    .text.usart_deinit  gd32e23x_usart.o
    0x080053c0   0x080053c0   0x00000016   Code   RO         1085    .text.usart_enable  gd32e23x_usart.o
    0x080053d6   0x080053d6   0x00000034   Code   RO         1079    .text.usart_parity_config  gd32e23x_usart.o
    0x0800540a   0x0800540a   0x00000028   Code   RO         1091    .text.usart_receive_config  gd32e23x_usart.o
    0x08005432   0x08005432   0x00000034   Code   RO         1083    .text.usart_stop_bit_set  gd32e23x_usart.o
    0x08005466   0x08005466   0x00000028   Code   RO         1089    .text.usart_transmit_config  gd32e23x_usart.o
    0x0800548e   0x0800548e   0x00000034   Code   RO         1081    .text.usart_word_length_set  gd32e23x_usart.o
    0x080054c2   0x080054c2   0x00000002   PAD
    0x080054c4   0x080054c4   0x00000028   Code   RO         1484    i.__0sprintf        mc_p.l(printfa.o)
    0x080054ec   0x080054ec   0x0000002e   Code   RO         1577    i.__ARM_clz         mf_p.l(depilogue.o)
    0x0800551a   0x0800551a   0x0000000e   Code   RO         1581    i.__scatterload_copy  mc_p.l(handlers.o)
    0x08005528   0x08005528   0x00000002   Code   RO         1582    i.__scatterload_null  mc_p.l(handlers.o)
    0x0800552a   0x0800552a   0x0000000e   Code   RO         1583    i.__scatterload_zeroinit  mc_p.l(handlers.o)
    0x08005538   0x08005538   0x00000174   Code   RO         1489    i._fp_digits        mc_p.l(printfa.o)
    0x080056ac   0x080056ac   0x000006ec   Code   RO         1490    i._printf_core      mc_p.l(printfa.o)
    0x08005d98   0x08005d98   0x00000020   Code   RO         1491    i._printf_post_padding  mc_p.l(printfa.o)
    0x08005db8   0x08005db8   0x0000002c   Code   RO         1492    i._printf_pre_padding  mc_p.l(printfa.o)
    0x08005de4   0x08005de4   0x0000000a   Code   RO         1494    i._sputc            mc_p.l(printfa.o)
    0x08005dee   0x08005dee   0x00000474   Data   RO         1365    .rodata.ascii_1206  tft.o
    0x08006262   0x08006262   0x000005f0   Data   RO         1366    .rodata.ascii_1608  tft.o
    0x08006852   0x08006852   0x000011d0   Data   RO         1367    .rodata.ascii_2412  tft.o
    0x08007a22   0x08007a22   0x00000010   Data   RO          699    .rodata.rcu_clock_freq_get.ahb_exp  gd32e23x_rcu.o
    0x08007a32   0x08007a32   0x00000008   Data   RO          700    .rodata.rcu_clock_freq_get.apb1_exp  gd32e23x_rcu.o
    0x08007a3a   0x08007a3a   0x00000008   Data   RO          701    .rodata.rcu_clock_freq_get.apb2_exp  gd32e23x_rcu.o
    0x08007a42   0x08007a42   0x00000082   Data   RO         1374    .rodata.str1.1      tft.o
    0x08007ac4   0x08007ac4   0x00000152   Data   RO         1368    .rodata.tfont12     tft.o
    0x08007c16   0x08007c16   0x00000132   Data   RO         1369    .rodata.tfont16     tft.o
    0x08007d48   0x08007d48   0x00000172   Data   RO         1370    .rodata.tfont24     tft.o
    0x08007eba   0x08007eba   0x00000002   PAD
    0x08007ebc   0x08007ebc   0x00000020   Data   RO         1579    Region$$Table       anon$$obj.o


    Execution Region RW_IRAM1 (Exec base: 0x20000000, Load base: 0x08007ee0, Size: 0x00000d48, Max: 0x00002000, ABSOLUTE)

    Exec Addr    Load Addr    Size         Type   Attr      Idx    E Section Name        Object

    0x20000000   0x08007ee0   0x00000004   Data   RW         1270    .data.SystemCoreClock  system_gd32e23x.o
    0x20000004   0x08007ee4   0x00000001   Data   RW         1371    .data.firstPoint    tft.o
    0x20000005   0x08007ee5   0x00000003   PAD
    0x20000008        -       0x00000001   Zero   RW         1447    .bss.EXTI4_15_IRQHandler.anticlockwiseNum  key.o
    0x20000009        -       0x00000001   Zero   RW         1446    .bss.EXTI4_15_IRQHandler.clockwiseNum  key.o
    0x2000000a        -       0x00000258   Zero   RW         1394    .bss.adc_value      adc.o
    0x20000262        -       0x00000002   Zero   RW         1465    .bss.ccnumber       freq.o
    0x20000264        -       0x00000004   Zero   RW         1466    .bss.count          freq.o
    0x20000268        -       0x00000004   Zero   RW           49    .bss.count_1ms      systick.o
    0x2000026c        -       0x00000004   Zero   RW           48    .bss.count_1us      systick.o
    0x20000270        -       0x00000004   Zero   RW         1467    .bss.freq           freq.o
    0x20000274        -       0x00000002   Zero   RW         1372    .bss.lastX          tft.o
    0x20000276        -       0x00000002   Zero   RW         1373    .bss.lastY          tft.o
    0x20000278        -       0x000004c8   Zero   RW            6    .bss.oscilloscope   main.o
    0x20000740        -       0x00000002   Zero   RW         1463    .bss.readvalue1     freq.o
    0x20000742        -       0x00000002   Zero   RW         1464    .bss.readvalue2     freq.o
    0x20000744   0x08007ee5   0x00000004   PAD
    0x20000748        -       0x00000600   Zero   RW         1252    STACK               startup_gd32e23x.o


==============================================================================

Image component sizes


      Code (inc. data)   RO Data    RW Data    ZI Data      Debug   Object Name

       380         12          0          0        600       3463   adc.o
       444         56          0          0         14       3204   freq.o
      1092         40          0          0          0       8622   gd32e23x_adc.o
       800         24          0          0          0       6663   gd32e23x_dma.o
       308         20          0          0          0       3572   gd32e23x_exti.o
       626          0          0          0          0       4773   gd32e23x_gpio.o
        12          0          0          0          0        829   gd32e23x_it.o
       346         28          0          0          0       4346   gd32e23x_misc.o
      1288         56         32          0          0      12631   gd32e23x_rcu.o
       696         16          0          0          0      10581   gd32e23x_spi.o
       188         16          0          0          0       3146   gd32e23x_syscfg.o
      2808         72          0          0          0      20107   gd32e23x_timer.o
       530         20          0          0          0      16465   gd32e23x_usart.o
      1196         36          0          0          2       4465   key.o
       172         12          0          0          0       1587   led.o
       758         28          0          0       1224       2443   main.o
        28          8        204          0       1536        728   startup_gd32e23x.o
       492         56          0          4          0       2116   system_gd32e23x.o
       200         36          0          0          8       1921   systick.o
      4966        128       8364          1          4       9200   tft.o
      1350         28          0          0          0       3688   tft_init.o
       296         12          0          0          0       2403   timer.o
       200         12          0          0          0       2429   usart.o

    ----------------------------------------------------------------------
     19204        716       8634          8       3392     129382   Object Totals
         0          0         32          0          0          0   (incl. Generated)
        28          0          2          3          4          0   (incl. Padding)

    ----------------------------------------------------------------------

      Code (inc. data)   RO Data    RW Data    ZI Data      Debug   Library Member Name

         0          0          0          0          0          0   entry.o
         0          0          0          0          0          0   entry10a.o
         0          0          0          0          0          0   entry11a.o
         8          4          0          0          0          0   entry2.o
         4          0          0          0          0          0   entry5.o
         0          0          0          0          0          0   entry7b.o
         0          0          0          0          0          0   entry8b.o
         8          4          0          0          0          0   entry9a.o
        30          0          0          0          0          0   handlers.o
        36          8          0          0          0         68   init.o
         0          0          0          0          0          0   iusefp.o
        32          0          0          0          0         68   llshl.o
        38          0          0          0          0         68   llsshr.o
        34          0          0          0          0         68   llushr.o
      2270         94          0          0          0        472   printfa.o
        44          0          0          0          0         72   uidiv.o
        96          0          0          0          0         84   uldiv.o
        40          2          0          0          0         68   cdrcmple.o
       356          4          0          0          0        140   dadd.o
        44          0          0          0          0         68   dcmpgt.o
        44          0          0          0          0         68   dcmple.o
       240          6          0          0          0         84   ddiv.o
       236          0          0          0          0        216   depilogue.o
        64         10          0          0          0         68   dfixul.o
       208          6          0          0          0         88   dmul.o
        40          0          0          0          0         60   f2d.o
       178          0          0          0          0        108   fadd.o
        28          0          0          0          0         60   fcmpge.o
        28          0          0          0          0         60   fcmple.o
        28          0          0          0          0         60   fcmplt.o
       124          0          0          0          0         72   fdiv.o
       130          0          0          0          0        144   fepilogue.o
        50          0          0          0          0         60   ffixi.o
        40          0          0          0          0         60   ffixui.o
        22          0          0          0          0         68   fflti.o
        14          0          0          0          0         68   ffltui.o
       122          0          0          0          0         72   fmul.o

    ----------------------------------------------------------------------
      4638        138          0          0          0       2592   Library Totals
         2          0          0          0          0          0   (incl. Padding)

    ----------------------------------------------------------------------

      Code (inc. data)   RO Data    RW Data    ZI Data      Debug   Library Name

      2600        110          0          0          0        900   mc_p.l
      2036         28          0          0          0       1692   mf_p.l

    ----------------------------------------------------------------------
      4638        138          0          0          0       2592   Library Totals

    ----------------------------------------------------------------------

==============================================================================


      Code (inc. data)   RO Data    RW Data    ZI Data      Debug   

     23842        854       8634          8       3392     130462   Grand Totals
     23842        854       8634          8       3392     130462   ELF Image Totals
     23842        854       8634          8          0          0   ROM Totals

==============================================================================

    Total RO  Size (Code + RO Data)                32476 (  31.71kB)
    Total RW  Size (RW Data + ZI Data)              3400 (   3.32kB)
    Total ROM Size (Code + RO Data + RW Data)      32484 (  31.72kB)

==============================================================================

